MPLINK 5.00, LINKER
Linker Map File - Created Wed Dec 07 11:24:06 2022

                                 Section Info
                  Section       Type    Address   Location Size(Bytes)
                ---------  ---------  ---------  ---------  ---------
               _entry_scn       code   0x000000    program   0x000006
           .code___init.o       code   0x000006    program   0x000002
      InterruptVectorHigh       code   0x000008    program   0x000006
     .idata_interrupt.o_i    romdata   0x00000e    program   0x000004
        .idata___init.o_i    romdata   0x000012    program   0x000000
       .idata_fxm3232.o_i    romdata   0x000012    program   0x000000
      .idata_fxd3232u.o_i    romdata   0x000012    program   0x000000
      .idata_fxd2424u.o_i    romdata   0x000012    program   0x000000
      .idata_fxd1616u.o_i    romdata   0x000012    program   0x000000
      .idata_fxd0808u.o_i    romdata   0x000012    program   0x000000
       .idata_display.o_i    romdata   0x000012    program   0x000000
           .code_global.o       code   0x000012    program   0x000000
           .idata_fsm.o_i    romdata   0x000012    program   0x000000
           .idata_adc.o_i    romdata   0x000012    program   0x000000
         .idata_c018i.o_i    romdata   0x000012    program   0x000000
            .code_c018i.o       code   0x000012    program   0x000000
       InterruptVectorLow       code   0x000018    program   0x000006
                   .cinit    romdata   0x00001e    program   0x000062
          .code_display.o       code   0x000080    program   0x0011cc
              .code_lcd.o       code   0x00124c    program   0x0010e8
             .code_main.o       code   0x002334    program   0x000922
             .code_uart.o       code   0x002c56    program   0x00059c
            .code_timer.o       code   0x0031f2    program   0x00051c
           .code_button.o       code   0x00370e    program   0x000484
              .code_fsm.o       code   0x003b92    program   0x0003b6
             .stringtable    romdata   0x003f48    program   0x00027b
           .romdata_fsm.o    romdata   0x0041c3    program   0x000000
        .romdata_global.o    romdata   0x0041c3    program   0x000000
     .romdata_interrupt.o    romdata   0x0041c3    program   0x000000
           .idata_i2c.o_i    romdata   0x0041c3    program   0x000001
           .romdata_i2c.o    romdata   0x0041c3    program   0x000000
       .romdata_display.o    romdata   0x0041c3    program   0x000000
         .romdata_clock.o    romdata   0x0041c3    program   0x000000
        .romdata_button.o    romdata   0x0041c3    program   0x000000
      .romdata_fxd0808u.o    romdata   0x0041c3    program   0x000000
      .romdata_fxd1616u.o    romdata   0x0041c3    program   0x000000
      .romdata_fxd2424u.o    romdata   0x0041c3    program   0x000000
      .romdata_fxd3232u.o    romdata   0x0041c3    program   0x000000
       .romdata_fxm3232.o    romdata   0x0041c3    program   0x000000
         .romdata_c018i.o    romdata   0x0041c3    program   0x000000
        .romdata___init.o    romdata   0x0041c3    program   0x000000
           .romdata_adc.o    romdata   0x0041c3    program   0x000000
           .romdata_lcd.o    romdata   0x0041c3    program   0x000000
          .romdata_main.o    romdata   0x0041c3    program   0x000000
         .romdata_timer.o    romdata   0x0041c3    program   0x000000
          .idata_uart.o_i    romdata   0x0041c3    program   0x000000
          .romdata_uart.o    romdata   0x0041c3    program   0x000000
              .code_i2c.o       code   0x0041c4    program   0x000240
        .code_interrupt.o       code   0x004404    program   0x0001d0
                     PROG       code   0x0045d4    program   0x000142
            .code_clock.o       code   0x004716    program   0x0000d2
               _cinit_scn       code   0x0047e8    program   0x00009e
              .code_adc.o       code   0x004886    program   0x00008c
          .code_fxm3232.o       code   0x004912    program   0x000070
         .code_fxd3232u.o       code   0x004982    program   0x000048
         .code_fxd2424u.o       code   0x0049ca    program   0x00003a
         .code_fxd1616u.o       code   0x004a04    program   0x00002c
                    .code       code   0x004a30    program   0x000020
             _startup_scn       code   0x004a50    program   0x00001c
         .code_fxd0808u.o       code   0x004a6c    program   0x00001c
         .idata_timer.o_i    romdata   0x004a88    program   0x000020
          .idata_main.o_i    romdata   0x004aa8    program   0x000010
           .idata_lcd.o_i    romdata   0x004ab8    program   0x000061
        .idata_global.o_i    romdata   0x004b19    program   0x00003c
         .idata_clock.o_i    romdata   0x004b55    program   0x000007
        .idata_button.o_i    romdata   0x004b5c    program   0x000028
    .config_300001_main.o    romdata   0x300001    program   0x000001
    .config_300002_main.o    romdata   0x300002    program   0x000001
    .config_300003_main.o    romdata   0x300003    program   0x000001
    .config_300005_main.o    romdata   0x300005    program   0x000001
    .config_300006_main.o    romdata   0x300006    program   0x000001
    .config_300008_main.o    romdata   0x300008    program   0x000001
    .config_300009_main.o    romdata   0x300009    program   0x000001
    .config_30000a_main.o    romdata   0x30000a    program   0x000001
    .config_30000b_main.o    romdata   0x30000b    program   0x000001
    .config_30000c_main.o    romdata   0x30000c    program   0x000001
    .config_30000d_main.o    romdata   0x30000d    program   0x000001
                 .tmpdata      udata   0x000000       data   0x000018
                MATH_DATA      udata   0x000018       data   0x000010
             .idata_lcd.o      idata   0x000080       data   0x000061
             .udata_adc.o      udata   0x0000e1       data   0x00001a
             .udata_lcd.o      udata   0x0000fb       data   0x000004
            .udata_uart.o      udata   0x0000ff       data   0x000001
          .udata_global.o      udata   0x000100       data   0x0000bc
          .idata_global.o      idata   0x0001bc       data   0x00003c
           .idata_clock.o      idata   0x0001f8       data   0x000007
             .idata_i2c.o      idata   0x0001ff       data   0x000001
                   .stack      udata   0x000e00       data   0x000100
          .idata_button.o      idata   0x000f00       data   0x000028
           .idata_timer.o      idata   0x000f28       data   0x000020
            .idata_main.o      idata   0x000f48       data   0x000010
           .udata_c018i.o      udata   0x000f58       data   0x00000a
       .idata_interrupt.o      idata   0x000f62       data   0x000004
          .idata___init.o      idata   0x000f66       data   0x000000
          .udata___init.o      udata   0x000f66       data   0x000000
         .idata_fxm3232.o      idata   0x000f66       data   0x000000
         .udata_fxm3232.o      udata   0x000f66       data   0x000000
        .idata_fxd3232u.o      idata   0x000f66       data   0x000000
        .udata_fxd3232u.o      udata   0x000f66       data   0x000000
        .idata_fxd2424u.o      idata   0x000f66       data   0x000000
        .udata_fxd2424u.o      udata   0x000f66       data   0x000000
        .idata_fxd1616u.o      idata   0x000f66       data   0x000000
        .udata_fxd1616u.o      udata   0x000f66       data   0x000000
        .idata_fxd0808u.o      idata   0x000f66       data   0x000000
        .udata_fxd0808u.o      udata   0x000f66       data   0x000000
       .udata_interrupt.o      udata   0x000f66       data   0x000000
           .udata_clock.o      udata   0x000f66       data   0x000000
         .idata_display.o      idata   0x000f66       data   0x000000
         .udata_display.o      udata   0x000f66       data   0x000000
           .udata_timer.o      udata   0x000f66       data   0x000000
             .udata_i2c.o      udata   0x000f66       data   0x000000
            .idata_uart.o      idata   0x000f66       data   0x000000
           .idata_c018i.o      idata   0x000f66       data   0x000000
             .idata_fsm.o      idata   0x000f66       data   0x000000
             .udata_fsm.o      udata   0x000f66       data   0x000000
             .idata_adc.o      idata   0x000f66       data   0x000000
          .udata_button.o      udata   0x000f66       data   0x000000
            .udata_main.o      udata   0x000f66       data   0x000000
            SFR_UNBANKED0      udata   0x000f80       data   0x000080



                              Program Memory Usage 
                               Start         End      
                           ---------   ---------      
                            0x000000    0x000011      
                            0x000018    0x004b83      
                            0x300001    0x300003      
                            0x300005    0x300006      
                            0x300008    0x30000d      
            19337 out of 66584 program addresses used, program memory utilization is 29%



                              Symbols - Sorted by Name
                     Name    Address   Location    Storage File                     
                ---------  ---------  ---------  --------- ---------                
                  BCD2Dec   0x0041c4    program     extern E:\TKLL\Bai9_Uart_EMS_Sensor_Calib\button_matrix\i2c.c
                CalibTemp   0x002c38    program     extern E:\TKLL\Bai9_Uart_EMS_Sensor_Calib\main.c
              CloseOutput   0x0024e6    program     extern E:\TKLL\Bai9_Uart_EMS_Sensor_Calib\main.c
                   D0808S   0x0045ea    program     static E:\3.46\pic18-lt\cxx-framework\src\traditional\math\fxd0808s.asm
                D0808SNEG   0x0045f8    program     static E:\3.46\pic18-lt\cxx-framework\src\traditional\math\fxd0808s.asm
                 D0808SOK   0x0045f4    program     static E:\3.46\pic18-lt\cxx-framework\src\traditional\math\fxd0808s.asm
                  D0808SX   0x0045fe    program     static E:\3.46\pic18-lt\cxx-framework\src\traditional\math\fxd0808s.asm
                   D1616S   0x00462a    program     static E:\3.46\pic18-lt\cxx-framework\src\traditional\math\fxd1616s.asm
                D1616SNEG   0x004638    program     static E:\3.46\pic18-lt\cxx-framework\src\traditional\math\fxd1616s.asm
                 D1616SOK   0x004634    program     static E:\3.46\pic18-lt\cxx-framework\src\traditional\math\fxd1616s.asm
                  D1616SX   0x00464a    program     static E:\3.46\pic18-lt\cxx-framework\src\traditional\math\fxd1616s.asm
                   D2424S   0x00467e    program     static E:\3.46\pic18-lt\cxx-framework\src\traditional\math\fxd2424s.asm
                D2424SNEG   0x00468c    program     static E:\3.46\pic18-lt\cxx-framework\src\traditional\math\fxd2424s.asm
                 D2424SOK   0x004688    program     static E:\3.46\pic18-lt\cxx-framework\src\traditional\math\fxd2424s.asm
                  D2424SX   0x0046a4    program     static E:\3.46\pic18-lt\cxx-framework\src\traditional\math\fxd2424s.asm
                   D3232S   0x0046de    program     static E:\3.46\pic18-lt\cxx-framework\src\traditional\math\fxd3232s.asm
                D3232SNEG   0x0046ec    program     static E:\3.46\pic18-lt\cxx-framework\src\traditional\math\fxd3232s.asm
                 D3232SOK   0x0046e8    program     static E:\3.46\pic18-lt\cxx-framework\src\traditional\math\fxd3232s.asm
                  D3232SX   0x00470c    program     static E:\3.46\pic18-lt\cxx-framework\src\traditional\math\fxd3232s.asm
                  DA0808S   0x0045e0    program     static E:\3.46\pic18-lt\cxx-framework\src\traditional\math\fxd0808s.asm
                  DA1616S   0x00461a    program     static E:\3.46\pic18-lt\cxx-framework\src\traditional\math\fxd1616s.asm
                  DA2424S   0x00466a    program     static E:\3.46\pic18-lt\cxx-framework\src\traditional\math\fxd2424s.asm
                  DA3232S   0x0046c8    program     static E:\3.46\pic18-lt\cxx-framework\src\traditional\math\fxd3232s.asm
                  Dec2BCD   0x004202    program     extern E:\TKLL\Bai9_Uart_EMS_Sensor_Calib\button_matrix\i2c.c
         DisplayLcdScreen   0x001b8a    program     extern E:\TKLL\Bai9_Uart_EMS_Sensor_Calib\lcd\lcd.c
        DisplayLcdScreen2   0x001c82    program     extern E:\TKLL\Bai9_Uart_EMS_Sensor_Calib\lcd\lcd.c
      DisplayLcdScreenOld   0x001d08    program     extern E:\TKLL\Bai9_Uart_EMS_Sensor_Calib\lcd\lcd.c
                 FXD0808S   0x0045d4    program     extern E:\3.46\pic18-lt\cxx-framework\src\traditional\math\fxd0808s.asm
                 FXD0808U   0x004a6c    program     extern E:\3.46\pic18-lt\cxx-framework\src\traditional\math\fxd0808u.c
                 FXD1616S   0x004608    program     extern E:\3.46\pic18-lt\cxx-framework\src\traditional\math\fxd1616s.asm
                 FXD1616U   0x004a04    program     extern E:\3.46\pic18-lt\cxx-framework\src\traditional\math\fxd1616u.c
                 FXD2424S   0x004654    program     extern E:\3.46\pic18-lt\cxx-framework\src\traditional\math\fxd2424s.asm
                 FXD2424U   0x0049ca    program     extern E:\3.46\pic18-lt\cxx-framework\src\traditional\math\fxd2424u.c
                 FXD3232S   0x0046ae    program     extern E:\3.46\pic18-lt\cxx-framework\src\traditional\math\fxd3232s.asm
                 FXD3232U   0x004982    program     extern E:\3.46\pic18-lt\cxx-framework\src\traditional\math\fxd3232u.c
                  FXM3232   0x004912    program     extern E:\3.46\pic18-lt\cxx-framework\src\traditional\math\fxm3232.c
              GetSensorPH   0x00264e    program     extern E:\TKLL\Bai9_Uart_EMS_Sensor_Calib\main.c
      InterruptVectorHigh   0x000008    program     extern E:\TKLL\Bai9_Uart_EMS_Sensor_Calib\interrupt\interrupt.c
       InterruptVectorLow   0x000018    program     extern E:\TKLL\Bai9_Uart_EMS_Sensor_Calib\interrupt\interrupt.c
                LcdClearS   0x001b2c    program     extern E:\TKLL\Bai9_Uart_EMS_Sensor_Calib\lcd\lcd.c
            LcdPrintCharS   0x001d72    program     extern E:\TKLL\Bai9_Uart_EMS_Sensor_Calib\lcd\lcd.c
              LcdPrintNum   0x001a6a    program     extern E:\TKLL\Bai9_Uart_EMS_Sensor_Calib\lcd\lcd.c
      LcdPrintNumPercentS   0x00206c    program     extern E:\TKLL\Bai9_Uart_EMS_Sensor_Calib\lcd\lcd.c
             LcdPrintNumS   0x001dc8    program     extern E:\TKLL\Bai9_Uart_EMS_Sensor_Calib\lcd\lcd.c
           LcdPrintString   0x001ab2    program     extern E:\TKLL\Bai9_Uart_EMS_Sensor_Calib\lcd\lcd.c
          LcdPrintStringS   0x002016    program     extern E:\TKLL\Bai9_Uart_EMS_Sensor_Calib\lcd\lcd.c
               OpenOutput   0x002496    program     extern E:\TKLL\Bai9_Uart_EMS_Sensor_Calib\main.c
                Read_time   0x004786    program     extern E:\TKLL\Bai9_Uart_EMS_Sensor_Calib\button_matrix\clock.c
            ReverseOutput   0x002536    program     extern E:\TKLL\Bai9_Uart_EMS_Sensor_Calib\main.c
                  SetHour   0x000a34    program     extern E:\TKLL\Bai9_Uart_EMS_Sensor_Calib\button_matrix\display.c
             SetTimer0_ms   0x00366e    program     extern E:\TKLL\Bai9_Uart_EMS_Sensor_Calib\timer\timer.c
             SetTimer1_ms   0x003692    program     extern E:\TKLL\Bai9_Uart_EMS_Sensor_Calib\timer\timer.c
             SetTimer3_ms   0x0036d0    program     extern E:\TKLL\Bai9_Uart_EMS_Sensor_Calib\timer\timer.c
                 Set_Time   0x004716    program     extern E:\TKLL\Bai9_Uart_EMS_Sensor_Calib\button_matrix\clock.c
       SimulateFull_Gimat   0x00271e    program     extern E:\TKLL\Bai9_Uart_EMS_Sensor_Calib\main.c
               TestOutput   0x0025b2    program     extern E:\TKLL\Bai9_Uart_EMS_Sensor_Calib\main.c
              UartSendNum   0x002e86    program     extern E:\TKLL\Bai9_Uart_EMS_Sensor_Calib\uart\uart.c
       UartSendNumPercent   0x0030bc    program     extern E:\TKLL\Bai9_Uart_EMS_Sensor_Calib\uart\uart.c
           UartSendString   0x002d58    program     extern E:\TKLL\Bai9_Uart_EMS_Sensor_Calib\uart\uart.c
       ___return_lbl00000   0x004980    program     static                          
       ___return_lbl00000   0x000004    program     static                          
       ___return_lbl00000   0x0049c8    program     static                          
       ___return_lbl00000   0x004a86    program     static                          
       ___return_lbl00000   0x004a2e    program     static                          
       ___return_lbl00000   0x004a02    program     static                          
       ___return_lbl00001   0x004a6a    program     static                          
       ___return_lbl00002   0x00001c    program     static                          
       ___return_lbl00002   0x004884    program     static                          
       ___return_lbl00003   0x00000c    program     static                          
               __config_0   0x300001    program     static E:\TKLL\Bai9_Uart_EMS_Sensor_Calib\main.c
               __config_1   0x300002    program     static E:\TKLL\Bai9_Uart_EMS_Sensor_Calib\main.c
              __config_10   0x30000d    program     static E:\TKLL\Bai9_Uart_EMS_Sensor_Calib\main.c
               __config_2   0x300003    program     static E:\TKLL\Bai9_Uart_EMS_Sensor_Calib\main.c
               __config_3   0x300005    program     static E:\TKLL\Bai9_Uart_EMS_Sensor_Calib\main.c
               __config_4   0x300006    program     static E:\TKLL\Bai9_Uart_EMS_Sensor_Calib\main.c
               __config_5   0x300008    program     static E:\TKLL\Bai9_Uart_EMS_Sensor_Calib\main.c
               __config_6   0x300009    program     static E:\TKLL\Bai9_Uart_EMS_Sensor_Calib\main.c
               __config_7   0x30000a    program     static E:\TKLL\Bai9_Uart_EMS_Sensor_Calib\main.c
               __config_8   0x30000b    program     static E:\TKLL\Bai9_Uart_EMS_Sensor_Calib\main.c
               __config_9   0x30000c    program     static E:\TKLL\Bai9_Uart_EMS_Sensor_Calib\main.c
                   __init   0x000006    program     extern E:\3.46\pic18-lt\cxx-framework\src\traditional\stdclib\__init.c
               __string_0   0x003f48    program     static E:\TKLL\Bai9_Uart_EMS_Sensor_Calib\lcd\lcd.c
               __string_0   0x003f4a    program     static E:\TKLL\Bai9_Uart_EMS_Sensor_Calib\uart\uart.c
               __string_0   0x0041bf    program     static E:\TKLL\Bai9_Uart_EMS_Sensor_Calib\button_matrix\display.c
               __string_0   0x003f9a    program     static E:\TKLL\Bai9_Uart_EMS_Sensor_Calib\main.c
               __string_1   0x0041bb    program     static E:\TKLL\Bai9_Uart_EMS_Sensor_Calib\button_matrix\display.c
               __string_1   0x003f91    program     static E:\TKLL\Bai9_Uart_EMS_Sensor_Calib\main.c
              __string_10   0x004199    program     static E:\TKLL\Bai9_Uart_EMS_Sensor_Calib\button_matrix\display.c
              __string_11   0x004195    program     static E:\TKLL\Bai9_Uart_EMS_Sensor_Calib\button_matrix\display.c
              __string_12   0x004191    program     static E:\TKLL\Bai9_Uart_EMS_Sensor_Calib\button_matrix\display.c
              __string_13   0x00418d    program     static E:\TKLL\Bai9_Uart_EMS_Sensor_Calib\button_matrix\display.c
              __string_14   0x004189    program     static E:\TKLL\Bai9_Uart_EMS_Sensor_Calib\button_matrix\display.c
              __string_15   0x004185    program     static E:\TKLL\Bai9_Uart_EMS_Sensor_Calib\button_matrix\display.c
              __string_16   0x004181    program     static E:\TKLL\Bai9_Uart_EMS_Sensor_Calib\button_matrix\display.c
              __string_17   0x00417d    program     static E:\TKLL\Bai9_Uart_EMS_Sensor_Calib\button_matrix\display.c
              __string_18   0x004179    program     static E:\TKLL\Bai9_Uart_EMS_Sensor_Calib\button_matrix\display.c
              __string_19   0x004175    program     static E:\TKLL\Bai9_Uart_EMS_Sensor_Calib\button_matrix\display.c
               __string_2   0x0041b7    program     static E:\TKLL\Bai9_Uart_EMS_Sensor_Calib\button_matrix\display.c
               __string_2   0x003f85    program     static E:\TKLL\Bai9_Uart_EMS_Sensor_Calib\main.c
              __string_20   0x004171    program     static E:\TKLL\Bai9_Uart_EMS_Sensor_Calib\button_matrix\display.c
              __string_21   0x00416f    program     static E:\TKLL\Bai9_Uart_EMS_Sensor_Calib\button_matrix\display.c
              __string_22   0x004160    program     static E:\TKLL\Bai9_Uart_EMS_Sensor_Calib\button_matrix\display.c
              __string_23   0x004151    program     static E:\TKLL\Bai9_Uart_EMS_Sensor_Calib\button_matrix\display.c
              __string_24   0x004141    program     static E:\TKLL\Bai9_Uart_EMS_Sensor_Calib\button_matrix\display.c
              __string_25   0x004132    program     static E:\TKLL\Bai9_Uart_EMS_Sensor_Calib\button_matrix\display.c
              __string_26   0x004127    program     static E:\TKLL\Bai9_Uart_EMS_Sensor_Calib\button_matrix\display.c
              __string_27   0x00411a    program     static E:\TKLL\Bai9_Uart_EMS_Sensor_Calib\button_matrix\display.c
              __string_28   0x00410b    program     static E:\TKLL\Bai9_Uart_EMS_Sensor_Calib\button_matrix\display.c
              __string_29   0x0040fb    program     static E:\TKLL\Bai9_Uart_EMS_Sensor_Calib\button_matrix\display.c
               __string_3   0x0041b3    program     static E:\TKLL\Bai9_Uart_EMS_Sensor_Calib\button_matrix\display.c
               __string_3   0x003f79    program     static E:\TKLL\Bai9_Uart_EMS_Sensor_Calib\main.c
              __string_30   0x0040ee    program     static E:\TKLL\Bai9_Uart_EMS_Sensor_Calib\button_matrix\display.c
              __string_31   0x0040e0    program     static E:\TKLL\Bai9_Uart_EMS_Sensor_Calib\button_matrix\display.c
              __string_32   0x0040d2    program     static E:\TKLL\Bai9_Uart_EMS_Sensor_Calib\button_matrix\display.c
              __string_33   0x0040c4    program     static E:\TKLL\Bai9_Uart_EMS_Sensor_Calib\button_matrix\display.c
              __string_34   0x0040b6    program     static E:\TKLL\Bai9_Uart_EMS_Sensor_Calib\button_matrix\display.c
              __string_35   0x0040a9    program     static E:\TKLL\Bai9_Uart_EMS_Sensor_Calib\button_matrix\display.c
              __string_36   0x00409c    program     static E:\TKLL\Bai9_Uart_EMS_Sensor_Calib\button_matrix\display.c
              __string_37   0x00408f    program     static E:\TKLL\Bai9_Uart_EMS_Sensor_Calib\button_matrix\display.c
              __string_38   0x004082    program     static E:\TKLL\Bai9_Uart_EMS_Sensor_Calib\button_matrix\display.c
              __string_39   0x004074    program     static E:\TKLL\Bai9_Uart_EMS_Sensor_Calib\button_matrix\display.c
               __string_4   0x003f70    program     static E:\TKLL\Bai9_Uart_EMS_Sensor_Calib\main.c
               __string_4   0x0041af    program     static E:\TKLL\Bai9_Uart_EMS_Sensor_Calib\button_matrix\display.c
              __string_40   0x004066    program     static E:\TKLL\Bai9_Uart_EMS_Sensor_Calib\button_matrix\display.c
              __string_41   0x004058    program     static E:\TKLL\Bai9_Uart_EMS_Sensor_Calib\button_matrix\display.c
              __string_42   0x00404a    program     static E:\TKLL\Bai9_Uart_EMS_Sensor_Calib\button_matrix\display.c
              __string_43   0x00403b    program     static E:\TKLL\Bai9_Uart_EMS_Sensor_Calib\button_matrix\display.c
              __string_44   0x004033    program     static E:\TKLL\Bai9_Uart_EMS_Sensor_Calib\button_matrix\display.c
              __string_45   0x00402b    program     static E:\TKLL\Bai9_Uart_EMS_Sensor_Calib\button_matrix\display.c
              __string_46   0x004025    program     static E:\TKLL\Bai9_Uart_EMS_Sensor_Calib\button_matrix\display.c
              __string_47   0x00401d    program     static E:\TKLL\Bai9_Uart_EMS_Sensor_Calib\button_matrix\display.c
              __string_48   0x004016    program     static E:\TKLL\Bai9_Uart_EMS_Sensor_Calib\button_matrix\display.c
              __string_49   0x00400d    program     static E:\TKLL\Bai9_Uart_EMS_Sensor_Calib\button_matrix\display.c
               __string_5   0x003f64    program     static E:\TKLL\Bai9_Uart_EMS_Sensor_Calib\main.c
               __string_5   0x0041ab    program     static E:\TKLL\Bai9_Uart_EMS_Sensor_Calib\button_matrix\display.c
              __string_50   0x004007    program     static E:\TKLL\Bai9_Uart_EMS_Sensor_Calib\button_matrix\display.c
              __string_51   0x003fff    program     static E:\TKLL\Bai9_Uart_EMS_Sensor_Calib\button_matrix\display.c
              __string_52   0x003ff8    program     static E:\TKLL\Bai9_Uart_EMS_Sensor_Calib\button_matrix\display.c
              __string_53   0x003fef    program     static E:\TKLL\Bai9_Uart_EMS_Sensor_Calib\button_matrix\display.c
              __string_54   0x003fe8    program     static E:\TKLL\Bai9_Uart_EMS_Sensor_Calib\button_matrix\display.c
              __string_55   0x003fdf    program     static E:\TKLL\Bai9_Uart_EMS_Sensor_Calib\button_matrix\display.c
              __string_56   0x003fd8    program     static E:\TKLL\Bai9_Uart_EMS_Sensor_Calib\button_matrix\display.c
              __string_57   0x003fcf    program     static E:\TKLL\Bai9_Uart_EMS_Sensor_Calib\button_matrix\display.c
              __string_58   0x003fc5    program     static E:\TKLL\Bai9_Uart_EMS_Sensor_Calib\button_matrix\display.c
              __string_59   0x003fb6    program     static E:\TKLL\Bai9_Uart_EMS_Sensor_Calib\button_matrix\display.c
               __string_6   0x0041a7    program     static E:\TKLL\Bai9_Uart_EMS_Sensor_Calib\button_matrix\display.c
               __string_6   0x003f57    program     static E:\TKLL\Bai9_Uart_EMS_Sensor_Calib\main.c
              __string_60   0x003fb3    program     static E:\TKLL\Bai9_Uart_EMS_Sensor_Calib\button_matrix\display.c
               __string_7   0x003f4e    program     static E:\TKLL\Bai9_Uart_EMS_Sensor_Calib\main.c
               __string_7   0x0041a3    program     static E:\TKLL\Bai9_Uart_EMS_Sensor_Calib\button_matrix\display.c
               __string_8   0x0041a1    program     static E:\TKLL\Bai9_Uart_EMS_Sensor_Calib\button_matrix\display.c
               __string_9   0x00419d    program     static E:\TKLL\Bai9_Uart_EMS_Sensor_Calib\button_matrix\display.c
            __zero_memory   0x004a30    program     extern E:\3.46\pic18-lt\cxx-framework\src\traditional\proc\p18f4620.asm
                _do_cinit   0x0047e8    program     extern E:\3.46\pic18-lt\cxx-framework\src\traditional\startup\c018i.c
                   _entry   0x000000    program     extern E:\3.46\pic18-lt\cxx-framework\src\traditional\startup\c018i.c
                   _false   0x0049c4    program     static                          
                   _false   0x0049fe    program     static                          
                 _startup   0x004a50    program     extern E:\3.46\pic18-lt\cxx-framework\src\traditional\startup\c018i.c
               adjustTime   0x0010aa    program     extern E:\TKLL\Bai9_Uart_EMS_Sensor_Calib\button_matrix\display.c
          button_delay_ms   0x0039e4    program     extern E:\TKLL\Bai9_Uart_EMS_Sensor_Calib\button_matrix\button.c
                compare_l   0x004a46    program     static E:\3.46\pic18-lt\cxx-framework\src\traditional\proc\p18f4620.asm
                copy_loop   0x00485a    program     static                          
            copy_one_byte   0x004860    program     static                          
                delay_i2c   0x00425e    program     extern E:\TKLL\Bai9_Uart_EMS_Sensor_Calib\button_matrix\i2c.c
                 delay_ms   0x00238a    program     extern E:\TKLL\Bai9_Uart_EMS_Sensor_Calib\main.c
            display_Alarm   0x00075c    program     extern E:\TKLL\Bai9_Uart_EMS_Sensor_Calib\button_matrix\display.c
             display_Menu   0x0004d6    program     extern E:\TKLL\Bai9_Uart_EMS_Sensor_Calib\button_matrix\display.c
    display_Set_Threshold   0x00058a    program     extern E:\TKLL\Bai9_Uart_EMS_Sensor_Calib\button_matrix\display.c
             display_Time   0x000080    program     extern E:\TKLL\Bai9_Uart_EMS_Sensor_Calib\button_matrix\display.c
        display_input_val   0x0006ee    program     extern E:\TKLL\Bai9_Uart_EMS_Sensor_Calib\button_matrix\display.c
                     done   0x004884    program     static                          
             done_copying   0x00486e    program     static                          
              enableBlink   0x000a22    program     extern E:\TKLL\Bai9_Uart_EMS_Sensor_Calib\button_matrix\display.c
                  endloop   0x004a2a    program     static                          
                  endloop   0x004a82    program     static                          
                      fsm   0x003b92    program     extern E:\TKLL\Bai9_Uart_EMS_Sensor_Calib\button_matrix\fsm.c
            get_adc_value   0x004894    program     extern E:\TKLL\Bai9_Uart_EMS_Sensor_Calib\adc\adc.c
                 high_isr   0x0044fe    program     extern E:\TKLL\Bai9_Uart_EMS_Sensor_Calib\interrupt\interrupt.c
            i2c_read_byte   0x004316    program     extern E:\TKLL\Bai9_Uart_EMS_Sensor_Calib\button_matrix\i2c.c
           i2c_start_cond   0x004286    program     extern E:\TKLL\Bai9_Uart_EMS_Sensor_Calib\button_matrix\i2c.c
            i2c_stop_cond   0x00429a    program     extern E:\TKLL\Bai9_Uart_EMS_Sensor_Calib\button_matrix\i2c.c
           i2c_write_byte   0x0042a6    program     extern E:\TKLL\Bai9_Uart_EMS_Sensor_Calib\button_matrix\i2c.c
                 init_adc   0x004886    program     extern E:\TKLL\Bai9_Uart_EMS_Sensor_Calib\adc\adc.c
            init_ext_int0   0x00440c    program     extern E:\TKLL\Bai9_Uart_EMS_Sensor_Calib\interrupt\interrupt.c
                 init_i2c   0x004258    program     extern E:\TKLL\Bai9_Uart_EMS_Sensor_Calib\button_matrix\i2c.c
           init_interrupt   0x004404    program     extern E:\TKLL\Bai9_Uart_EMS_Sensor_Calib\interrupt\interrupt.c
          init_key_matrix   0x00370e    program     extern E:\TKLL\Bai9_Uart_EMS_Sensor_Calib\button_matrix\button.c
init_key_matrix_with_uart   0x003716    program     extern E:\TKLL\Bai9_Uart_EMS_Sensor_Calib\button_matrix\button.c
                 init_lcd   0x0013ec    program     extern E:\TKLL\Bai9_Uart_EMS_Sensor_Calib\lcd\lcd.c
              init_system   0x002412    program     extern E:\TKLL\Bai9_Uart_EMS_Sensor_Calib\main.c
              init_timer0   0x0031f2    program     extern E:\TKLL\Bai9_Uart_EMS_Sensor_Calib\timer\timer.c
              init_timer1   0x003336    program     extern E:\TKLL\Bai9_Uart_EMS_Sensor_Calib\timer\timer.c
              init_timer2   0x003480    program     extern E:\TKLL\Bai9_Uart_EMS_Sensor_Calib\timer\timer.c
              init_timer3   0x0034b8    program     extern E:\TKLL\Bai9_Uart_EMS_Sensor_Calib\timer\timer.c
                init_uart   0x002c56    program     extern E:\TKLL\Bai9_Uart_EMS_Sensor_Calib\uart\uart.c
       isButtonSetTempMax   0x00263e    program     extern E:\TKLL\Bai9_Uart_EMS_Sensor_Calib\main.c
       isButtonSetTempMin   0x00262e    program     extern E:\TKLL\Bai9_Uart_EMS_Sensor_Calib\main.c
                lcd_clear   0x00173e    program     extern E:\TKLL\Bai9_Uart_EMS_Sensor_Calib\lcd\lcd.c
                lcd_delay   0x00124c    program     extern E:\TKLL\Bai9_Uart_EMS_Sensor_Calib\lcd\lcd.c
             lcd_power_of   0x001752    program     extern E:\TKLL\Bai9_Uart_EMS_Sensor_Calib\lcd\lcd.c
           lcd_print_char   0x0016aa    program     extern E:\TKLL\Bai9_Uart_EMS_Sensor_Calib\lcd\lcd.c
          lcd_print_charS   0x001ae6    program     extern E:\TKLL\Bai9_Uart_EMS_Sensor_Calib\lcd\lcd.c
            lcd_print_num   0x001834    program     extern E:\TKLL\Bai9_Uart_EMS_Sensor_Calib\lcd\lcd.c
            lcd_print_str   0x0016c4    program     extern E:\TKLL\Bai9_Uart_EMS_Sensor_Calib\lcd\lcd.c
              lcd_putchar   0x001690    program     extern E:\TKLL\Bai9_Uart_EMS_Sensor_Calib\lcd\lcd.c
          lcd_read_status   0x0014fa    program     extern E:\TKLL\Bai9_Uart_EMS_Sensor_Calib\lcd\lcd.c
          lcd_sendCommand   0x00136c    program     extern E:\TKLL\Bai9_Uart_EMS_Sensor_Calib\lcd\lcd.c
           lcd_set_cursor   0x001704    program     extern E:\TKLL\Bai9_Uart_EMS_Sensor_Calib\lcd\lcd.c
            lcd_wait_busy   0x0015b0    program     extern E:\TKLL\Bai9_Uart_EMS_Sensor_Calib\lcd\lcd.c
          lcd_write_4bits   0x0015d0    program     extern E:\TKLL\Bai9_Uart_EMS_Sensor_Calib\lcd\lcd.c
            lcd_write_cmd   0x001616    program     extern E:\TKLL\Bai9_Uart_EMS_Sensor_Calib\lcd\lcd.c
           lcd_write_data   0x001652    program     extern E:\TKLL\Bai9_Uart_EMS_Sensor_Calib\lcd\lcd.c
                     loop   0x004a0e    program     static                          
                     loop   0x004a74    program     static                          
                     loop   0x0049d6    program     static                          
                     loop   0x004990    program     static                          
                     loop   0x004a60    program     static                          
                   loop_h   0x004a3e    program     static E:\3.46\pic18-lt\cxx-framework\src\traditional\proc\p18f4620.asm
                   loop_l   0x004a48    program     static E:\3.46\pic18-lt\cxx-framework\src\traditional\proc\p18f4620.asm
                  low_isr   0x004414    program     extern E:\TKLL\Bai9_Uart_EMS_Sensor_Calib\interrupt\interrupt.c
                     main   0x002334    program     extern E:\TKLL\Bai9_Uart_EMS_Sensor_Calib\main.c
              read_ds1307   0x0043ba    program     extern E:\TKLL\Bai9_Uart_EMS_Sensor_Calib\button_matrix\i2c.c
             read_sda_pin   0x004280    program     extern E:\TKLL\Bai9_Uart_EMS_Sensor_Calib\button_matrix\i2c.c
          scan_key_matrix   0x003720    program     extern E:\TKLL\Bai9_Uart_EMS_Sensor_Calib\button_matrix\button.c
     scan_key_matrix_demo   0x003a6c    program     extern E:\TKLL\Bai9_Uart_EMS_Sensor_Calib\button_matrix\button.c
scan_key_matrix_with_uart   0x00387e    program     extern E:\TKLL\Bai9_Uart_EMS_Sensor_Calib\button_matrix\button.c
                  setDate   0x000d62    program     extern E:\TKLL\Bai9_Uart_EMS_Sensor_Calib\button_matrix\display.c
                   setDay   0x000c48    program     extern E:\TKLL\Bai9_Uart_EMS_Sensor_Calib\button_matrix\display.c
                setMinute   0x000b3e    program     extern E:\TKLL\Bai9_Uart_EMS_Sensor_Calib\button_matrix\display.c
                 setMonth   0x000e80    program     extern E:\TKLL\Bai9_Uart_EMS_Sensor_Calib\button_matrix\display.c
                  setYear   0x000f9e    program     extern E:\TKLL\Bai9_Uart_EMS_Sensor_Calib\button_matrix\display.c
             start_timer0   0x0032aa    program     extern E:\TKLL\Bai9_Uart_EMS_Sensor_Calib\timer\timer.c
             start_timer1   0x0033f0    program     extern E:\TKLL\Bai9_Uart_EMS_Sensor_Calib\timer\timer.c
             start_timer2   0x0034ac    program     extern E:\TKLL\Bai9_Uart_EMS_Sensor_Calib\timer\timer.c
             start_timer3   0x00356e    program     extern E:\TKLL\Bai9_Uart_EMS_Sensor_Calib\timer\timer.c
              stop_timer0   0x0032a6    program     extern E:\TKLL\Bai9_Uart_EMS_Sensor_Calib\timer\timer.c
              stop_timer1   0x00347c    program     extern E:\TKLL\Bai9_Uart_EMS_Sensor_Calib\timer\timer.c
              stop_timer2   0x0034b4    program     extern E:\TKLL\Bai9_Uart_EMS_Sensor_Calib\timer\timer.c
              stop_timer3   0x0035fa    program     extern E:\TKLL\Bai9_Uart_EMS_Sensor_Calib\timer\timer.c
                     test   0x004802    program     static                          
               timer0_isr   0x0035fe    program     extern E:\TKLL\Bai9_Uart_EMS_Sensor_Calib\timer\timer.c
               timer1_isr   0x00361a    program     extern E:\TKLL\Bai9_Uart_EMS_Sensor_Calib\timer\timer.c
               timer2_isr   0x003636    program     extern E:\TKLL\Bai9_Uart_EMS_Sensor_Calib\timer\timer.c
               timer3_isr   0x003652    program     extern E:\TKLL\Bai9_Uart_EMS_Sensor_Calib\timer\timer.c
            uart_delay_ms   0x002c74    program     extern E:\TKLL\Bai9_Uart_EMS_Sensor_Calib\uart\uart.c
                 uart_isr   0x003194    program     extern E:\TKLL\Bai9_Uart_EMS_Sensor_Calib\uart\uart.c
            uart_power_of   0x002da4    program     extern E:\TKLL\Bai9_Uart_EMS_Sensor_Calib\uart\uart.c
             uart_putchar   0x002cfc    program     extern E:\TKLL\Bai9_Uart_EMS_Sensor_Calib\uart\uart.c
            uart_send_str   0x002d18    program     extern E:\TKLL\Bai9_Uart_EMS_Sensor_Calib\uart\uart.c
                 v_timer0   0x0012dc    program     extern E:\TKLL\Bai9_Uart_EMS_Sensor_Calib\lcd\lcd.c
             write_ds1307   0x004384    program     extern E:\TKLL\Bai9_Uart_EMS_Sensor_Calib\button_matrix\i2c.c
               zero_block   0x004a3e    program     static E:\3.46\pic18-lt\cxx-framework\src\traditional\proc\p18f4620.asm
                   ADCON0   0x000fc2       data     extern E:\3.46\pic18-lt\cxx-framework\src\traditional\proc\p18f4620.asm
               ADCON0bits   0x000fc2       data     extern E:\3.46\pic18-lt\cxx-framework\src\traditional\proc\p18f4620.asm
                   ADCON1   0x000fc1       data     extern E:\3.46\pic18-lt\cxx-framework\src\traditional\proc\p18f4620.asm
               ADCON1bits   0x000fc1       data     extern E:\3.46\pic18-lt\cxx-framework\src\traditional\proc\p18f4620.asm
                   ADCON2   0x000fc0       data     extern E:\3.46\pic18-lt\cxx-framework\src\traditional\proc\p18f4620.asm
               ADCON2bits   0x000fc0       data     extern E:\3.46\pic18-lt\cxx-framework\src\traditional\proc\p18f4620.asm
                    ADRES   0x000fc3       data     extern E:\3.46\pic18-lt\cxx-framework\src\traditional\proc\p18f4620.asm
                   ADRESH   0x000fc4       data     extern E:\3.46\pic18-lt\cxx-framework\src\traditional\proc\p18f4620.asm
                   ADRESL   0x000fc3       data     extern E:\3.46\pic18-lt\cxx-framework\src\traditional\proc\p18f4620.asm
                  BAUDCON   0x000fb8       data     extern E:\3.46\pic18-lt\cxx-framework\src\traditional\proc\p18f4620.asm
              BAUDCONbits   0x000fb8       data     extern E:\3.46\pic18-lt\cxx-framework\src\traditional\proc\p18f4620.asm
                  BAUDCTL   0x000fb8       data     extern E:\3.46\pic18-lt\cxx-framework\src\traditional\proc\p18f4620.asm
              BAUDCTLbits   0x000fb8       data     extern E:\3.46\pic18-lt\cxx-framework\src\traditional\proc\p18f4620.asm
                      BSR   0x000fe0       data     extern E:\3.46\pic18-lt\cxx-framework\src\traditional\proc\p18f4620.asm
                  CCP1CON   0x000fbd       data     extern E:\3.46\pic18-lt\cxx-framework\src\traditional\proc\p18f4620.asm
              CCP1CONbits   0x000fbd       data     extern E:\3.46\pic18-lt\cxx-framework\src\traditional\proc\p18f4620.asm
                  CCP2CON   0x000fba       data     extern E:\3.46\pic18-lt\cxx-framework\src\traditional\proc\p18f4620.asm
              CCP2CONbits   0x000fba       data     extern E:\3.46\pic18-lt\cxx-framework\src\traditional\proc\p18f4620.asm
                    CCPR1   0x000fbe       data     extern E:\3.46\pic18-lt\cxx-framework\src\traditional\proc\p18f4620.asm
                   CCPR1H   0x000fbf       data     extern E:\3.46\pic18-lt\cxx-framework\src\traditional\proc\p18f4620.asm
                   CCPR1L   0x000fbe       data     extern E:\3.46\pic18-lt\cxx-framework\src\traditional\proc\p18f4620.asm
                    CCPR2   0x000fbb       data     extern E:\3.46\pic18-lt\cxx-framework\src\traditional\proc\p18f4620.asm
                   CCPR2H   0x000fbc       data     extern E:\3.46\pic18-lt\cxx-framework\src\traditional\proc\p18f4620.asm
                   CCPR2L   0x000fbb       data     extern E:\3.46\pic18-lt\cxx-framework\src\traditional\proc\p18f4620.asm
                    CMCON   0x000fb4       data     extern E:\3.46\pic18-lt\cxx-framework\src\traditional\proc\p18f4620.asm
                CMCONbits   0x000fb4       data     extern E:\3.46\pic18-lt\cxx-framework\src\traditional\proc\p18f4620.asm
                COD_value   0x000108       data     extern E:\TKLL\Bai9_Uart_EMS_Sensor_Calib\button_matrix\global.c
            COD_value_max   0x0001e2       data     extern E:\TKLL\Bai9_Uart_EMS_Sensor_Calib\button_matrix\global.c
            COD_value_min   0x0001cc       data     extern E:\TKLL\Bai9_Uart_EMS_Sensor_Calib\button_matrix\global.c
                   CVRCON   0x000fb5       data     extern E:\3.46\pic18-lt\cxx-framework\src\traditional\proc\p18f4620.asm
               CVRCONbits   0x000fb5       data     extern E:\3.46\pic18-lt\cxx-framework\src\traditional\proc\p18f4620.asm
                     DDRA   0x000f92       data     extern E:\3.46\pic18-lt\cxx-framework\src\traditional\proc\p18f4620.asm
                 DDRAbits   0x000f92       data     extern E:\3.46\pic18-lt\cxx-framework\src\traditional\proc\p18f4620.asm
                     DDRB   0x000f93       data     extern E:\3.46\pic18-lt\cxx-framework\src\traditional\proc\p18f4620.asm
                 DDRBbits   0x000f93       data     extern E:\3.46\pic18-lt\cxx-framework\src\traditional\proc\p18f4620.asm
                     DDRC   0x000f94       data     extern E:\3.46\pic18-lt\cxx-framework\src\traditional\proc\p18f4620.asm
                 DDRCbits   0x000f94       data     extern E:\3.46\pic18-lt\cxx-framework\src\traditional\proc\p18f4620.asm
                     DDRD   0x000f95       data     extern E:\3.46\pic18-lt\cxx-framework\src\traditional\proc\p18f4620.asm
                 DDRDbits   0x000f95       data     extern E:\3.46\pic18-lt\cxx-framework\src\traditional\proc\p18f4620.asm
                     DDRE   0x000f96       data     extern E:\3.46\pic18-lt\cxx-framework\src\traditional\proc\p18f4620.asm
                 DDREbits   0x000f96       data     extern E:\3.46\pic18-lt\cxx-framework\src\traditional\proc\p18f4620.asm
                  ECCP1AS   0x000fb6       data     extern E:\3.46\pic18-lt\cxx-framework\src\traditional\proc\p18f4620.asm
              ECCP1ASbits   0x000fb6       data     extern E:\3.46\pic18-lt\cxx-framework\src\traditional\proc\p18f4620.asm
                    EEADR   0x000fa9       data     extern E:\3.46\pic18-lt\cxx-framework\src\traditional\proc\p18f4620.asm
                   EEADRH   0x000faa       data     extern E:\3.46\pic18-lt\cxx-framework\src\traditional\proc\p18f4620.asm
                   EECON1   0x000fa6       data     extern E:\3.46\pic18-lt\cxx-framework\src\traditional\proc\p18f4620.asm
               EECON1bits   0x000fa6       data     extern E:\3.46\pic18-lt\cxx-framework\src\traditional\proc\p18f4620.asm
                   EECON2   0x000fa7       data     extern E:\3.46\pic18-lt\cxx-framework\src\traditional\proc\p18f4620.asm
                   EEDATA   0x000fa8       data     extern E:\3.46\pic18-lt\cxx-framework\src\traditional\proc\p18f4620.asm
               FLOW_value   0x000110       data     extern E:\TKLL\Bai9_Uart_EMS_Sensor_Calib\button_matrix\global.c
           FLOW_value_max   0x0001e8       data     extern E:\TKLL\Bai9_Uart_EMS_Sensor_Calib\button_matrix\global.c
           FLOW_value_min   0x0001d2       data     extern E:\TKLL\Bai9_Uart_EMS_Sensor_Calib\button_matrix\global.c
                     FSR0   0x000fe9       data     extern E:\3.46\pic18-lt\cxx-framework\src\traditional\proc\p18f4620.asm
                    FSR0H   0x000fea       data     extern E:\3.46\pic18-lt\cxx-framework\src\traditional\proc\p18f4620.asm
                    FSR0L   0x000fe9       data     extern E:\3.46\pic18-lt\cxx-framework\src\traditional\proc\p18f4620.asm
                     FSR1   0x000fe1       data     extern E:\3.46\pic18-lt\cxx-framework\src\traditional\proc\p18f4620.asm
                    FSR1H   0x000fe2       data     extern E:\3.46\pic18-lt\cxx-framework\src\traditional\proc\p18f4620.asm
                    FSR1L   0x000fe1       data     extern E:\3.46\pic18-lt\cxx-framework\src\traditional\proc\p18f4620.asm
                     FSR2   0x000fd9       data     extern E:\3.46\pic18-lt\cxx-framework\src\traditional\proc\p18f4620.asm
                    FSR2H   0x000fda       data     extern E:\3.46\pic18-lt\cxx-framework\src\traditional\proc\p18f4620.asm
                    FSR2L   0x000fd9       data     extern E:\3.46\pic18-lt\cxx-framework\src\traditional\proc\p18f4620.asm
                  HLVDCON   0x000fd2       data     extern E:\3.46\pic18-lt\cxx-framework\src\traditional\proc\p18f4620.asm
              HLVDCONbits   0x000fd2       data     extern E:\3.46\pic18-lt\cxx-framework\src\traditional\proc\p18f4620.asm
                    INDF0   0x000fef       data     extern E:\3.46\pic18-lt\cxx-framework\src\traditional\proc\p18f4620.asm
                    INDF1   0x000fe7       data     extern E:\3.46\pic18-lt\cxx-framework\src\traditional\proc\p18f4620.asm
                    INDF2   0x000fdf       data     extern E:\3.46\pic18-lt\cxx-framework\src\traditional\proc\p18f4620.asm
                   INTCON   0x000ff2       data     extern E:\3.46\pic18-lt\cxx-framework\src\traditional\proc\p18f4620.asm
                  INTCON2   0x000ff1       data     extern E:\3.46\pic18-lt\cxx-framework\src\traditional\proc\p18f4620.asm
              INTCON2bits   0x000ff1       data     extern E:\3.46\pic18-lt\cxx-framework\src\traditional\proc\p18f4620.asm
                  INTCON3   0x000ff0       data     extern E:\3.46\pic18-lt\cxx-framework\src\traditional\proc\p18f4620.asm
              INTCON3bits   0x000ff0       data     extern E:\3.46\pic18-lt\cxx-framework\src\traditional\proc\p18f4620.asm
               INTCONbits   0x000ff2       data     extern E:\3.46\pic18-lt\cxx-framework\src\traditional\proc\p18f4620.asm
                     IPR1   0x000f9f       data     extern E:\3.46\pic18-lt\cxx-framework\src\traditional\proc\p18f4620.asm
                 IPR1bits   0x000f9f       data     extern E:\3.46\pic18-lt\cxx-framework\src\traditional\proc\p18f4620.asm
                     IPR2   0x000fa2       data     extern E:\3.46\pic18-lt\cxx-framework\src\traditional\proc\p18f4620.asm
                 IPR2bits   0x000fa2       data     extern E:\3.46\pic18-lt\cxx-framework\src\traditional\proc\p18f4620.asm
                     LATA   0x000f89       data     extern E:\3.46\pic18-lt\cxx-framework\src\traditional\proc\p18f4620.asm
                 LATAbits   0x000f89       data     extern E:\3.46\pic18-lt\cxx-framework\src\traditional\proc\p18f4620.asm
                     LATB   0x000f8a       data     extern E:\3.46\pic18-lt\cxx-framework\src\traditional\proc\p18f4620.asm
                 LATBbits   0x000f8a       data     extern E:\3.46\pic18-lt\cxx-framework\src\traditional\proc\p18f4620.asm
                     LATC   0x000f8b       data     extern E:\3.46\pic18-lt\cxx-framework\src\traditional\proc\p18f4620.asm
                 LATCbits   0x000f8b       data     extern E:\3.46\pic18-lt\cxx-framework\src\traditional\proc\p18f4620.asm
                     LATD   0x000f8c       data     extern E:\3.46\pic18-lt\cxx-framework\src\traditional\proc\p18f4620.asm
                 LATDbits   0x000f8c       data     extern E:\3.46\pic18-lt\cxx-framework\src\traditional\proc\p18f4620.asm
                     LATE   0x000f8d       data     extern E:\3.46\pic18-lt\cxx-framework\src\traditional\proc\p18f4620.asm
                 LATEbits   0x000f8d       data     extern E:\3.46\pic18-lt\cxx-framework\src\traditional\proc\p18f4620.asm
                   LVDCON   0x000fd2       data     extern E:\3.46\pic18-lt\cxx-framework\src\traditional\proc\p18f4620.asm
               LVDCONbits   0x000fd2       data     extern E:\3.46\pic18-lt\cxx-framework\src\traditional\proc\p18f4620.asm
                LcdScreen   0x0000c1       data     extern E:\TKLL\Bai9_Uart_EMS_Sensor_Calib\lcd\lcd.c
                NH4_value   0x00010a       data     extern E:\TKLL\Bai9_Uart_EMS_Sensor_Calib\button_matrix\global.c
            NH4_value_max   0x0001e4       data     extern E:\TKLL\Bai9_Uart_EMS_Sensor_Calib\button_matrix\global.c
            NH4_value_min   0x0001ce       data     extern E:\TKLL\Bai9_Uart_EMS_Sensor_Calib\button_matrix\global.c
                NO3_value   0x00010c       data     extern E:\TKLL\Bai9_Uart_EMS_Sensor_Calib\button_matrix\global.c
            NO3_value_max   0x0001e6       data     extern E:\TKLL\Bai9_Uart_EMS_Sensor_Calib\button_matrix\global.c
            NO3_value_min   0x0001d0       data     extern E:\TKLL\Bai9_Uart_EMS_Sensor_Calib\button_matrix\global.c
                   OSCCON   0x000fd3       data     extern E:\3.46\pic18-lt\cxx-framework\src\traditional\proc\p18f4620.asm
               OSCCONbits   0x000fd3       data     extern E:\3.46\pic18-lt\cxx-framework\src\traditional\proc\p18f4620.asm
                  OSCTUNE   0x000f9b       data     extern E:\3.46\pic18-lt\cxx-framework\src\traditional\proc\p18f4620.asm
              OSCTUNEbits   0x000f9b       data     extern E:\3.46\pic18-lt\cxx-framework\src\traditional\proc\p18f4620.asm
                       PC   0x000ff9       data     extern E:\3.46\pic18-lt\cxx-framework\src\traditional\proc\p18f4620.asm
                      PCL   0x000ff9       data     extern E:\3.46\pic18-lt\cxx-framework\src\traditional\proc\p18f4620.asm
                   PCLATH   0x000ffa       data     extern E:\3.46\pic18-lt\cxx-framework\src\traditional\proc\p18f4620.asm
                   PCLATU   0x000ffb       data     extern E:\3.46\pic18-lt\cxx-framework\src\traditional\proc\p18f4620.asm
                     PIE1   0x000f9d       data     extern E:\3.46\pic18-lt\cxx-framework\src\traditional\proc\p18f4620.asm
                 PIE1bits   0x000f9d       data     extern E:\3.46\pic18-lt\cxx-framework\src\traditional\proc\p18f4620.asm
                     PIE2   0x000fa0       data     extern E:\3.46\pic18-lt\cxx-framework\src\traditional\proc\p18f4620.asm
                 PIE2bits   0x000fa0       data     extern E:\3.46\pic18-lt\cxx-framework\src\traditional\proc\p18f4620.asm
                     PIR1   0x000f9e       data     extern E:\3.46\pic18-lt\cxx-framework\src\traditional\proc\p18f4620.asm
                 PIR1bits   0x000f9e       data     extern E:\3.46\pic18-lt\cxx-framework\src\traditional\proc\p18f4620.asm
                     PIR2   0x000fa1       data     extern E:\3.46\pic18-lt\cxx-framework\src\traditional\proc\p18f4620.asm
                 PIR2bits   0x000fa1       data     extern E:\3.46\pic18-lt\cxx-framework\src\traditional\proc\p18f4620.asm
                   PLUSW0   0x000feb       data     extern E:\3.46\pic18-lt\cxx-framework\src\traditional\proc\p18f4620.asm
                   PLUSW1   0x000fe3       data     extern E:\3.46\pic18-lt\cxx-framework\src\traditional\proc\p18f4620.asm
                   PLUSW2   0x000fdb       data     extern E:\3.46\pic18-lt\cxx-framework\src\traditional\proc\p18f4620.asm
                    PORTA   0x000f80       data     extern E:\3.46\pic18-lt\cxx-framework\src\traditional\proc\p18f4620.asm
                PORTAbits   0x000f80       data     extern E:\3.46\pic18-lt\cxx-framework\src\traditional\proc\p18f4620.asm
                    PORTB   0x000f81       data     extern E:\3.46\pic18-lt\cxx-framework\src\traditional\proc\p18f4620.asm
                PORTBbits   0x000f81       data     extern E:\3.46\pic18-lt\cxx-framework\src\traditional\proc\p18f4620.asm
                    PORTC   0x000f82       data     extern E:\3.46\pic18-lt\cxx-framework\src\traditional\proc\p18f4620.asm
                PORTCbits   0x000f82       data     extern E:\3.46\pic18-lt\cxx-framework\src\traditional\proc\p18f4620.asm
                    PORTD   0x000f83       data     extern E:\3.46\pic18-lt\cxx-framework\src\traditional\proc\p18f4620.asm
                PORTDbits   0x000f83       data     extern E:\3.46\pic18-lt\cxx-framework\src\traditional\proc\p18f4620.asm
                    PORTE   0x000f84       data     extern E:\3.46\pic18-lt\cxx-framework\src\traditional\proc\p18f4620.asm
                PORTEbits   0x000f84       data     extern E:\3.46\pic18-lt\cxx-framework\src\traditional\proc\p18f4620.asm
                 POSTDEC0   0x000fed       data     extern E:\3.46\pic18-lt\cxx-framework\src\traditional\proc\p18f4620.asm
                 POSTDEC1   0x000fe5       data     extern E:\3.46\pic18-lt\cxx-framework\src\traditional\proc\p18f4620.asm
                 POSTDEC2   0x000fdd       data     extern E:\3.46\pic18-lt\cxx-framework\src\traditional\proc\p18f4620.asm
                 POSTINC0   0x000fee       data     extern E:\3.46\pic18-lt\cxx-framework\src\traditional\proc\p18f4620.asm
                 POSTINC1   0x000fe6       data     extern E:\3.46\pic18-lt\cxx-framework\src\traditional\proc\p18f4620.asm
                 POSTINC2   0x000fde       data     extern E:\3.46\pic18-lt\cxx-framework\src\traditional\proc\p18f4620.asm
                      PR2   0x000fcb       data     extern E:\3.46\pic18-lt\cxx-framework\src\traditional\proc\p18f4620.asm
                  PREINC0   0x000fec       data     extern E:\3.46\pic18-lt\cxx-framework\src\traditional\proc\p18f4620.asm
                  PREINC1   0x000fe4       data     extern E:\3.46\pic18-lt\cxx-framework\src\traditional\proc\p18f4620.asm
                  PREINC2   0x000fdc       data     extern E:\3.46\pic18-lt\cxx-framework\src\traditional\proc\p18f4620.asm
                     PROD   0x000ff3       data     extern E:\3.46\pic18-lt\cxx-framework\src\traditional\proc\p18f4620.asm
                    PRODH   0x000ff4       data     extern E:\3.46\pic18-lt\cxx-framework\src\traditional\proc\p18f4620.asm
                    PRODL   0x000ff3       data     extern E:\3.46\pic18-lt\cxx-framework\src\traditional\proc\p18f4620.asm
                  PWM1CON   0x000fb7       data     extern E:\3.46\pic18-lt\cxx-framework\src\traditional\proc\p18f4620.asm
              PWM1CONbits   0x000fb7       data     extern E:\3.46\pic18-lt\cxx-framework\src\traditional\proc\p18f4620.asm
                     RCON   0x000fd0       data     extern E:\3.46\pic18-lt\cxx-framework\src\traditional\proc\p18f4620.asm
                 RCONbits   0x000fd0       data     extern E:\3.46\pic18-lt\cxx-framework\src\traditional\proc\p18f4620.asm
                    RCREG   0x000fae       data     extern E:\3.46\pic18-lt\cxx-framework\src\traditional\proc\p18f4620.asm
                    RCSTA   0x000fab       data     extern E:\3.46\pic18-lt\cxx-framework\src\traditional\proc\p18f4620.asm
                RCSTAbits   0x000fab       data     extern E:\3.46\pic18-lt\cxx-framework\src\traditional\proc\p18f4620.asm
                     SIGN   0x000018       data     extern E:\3.46\pic18-lt\cxx-framework\src\traditional\math\cmath18.asm
                    SPBRG   0x000faf       data     extern E:\3.46\pic18-lt\cxx-framework\src\traditional\proc\p18f4620.asm
                   SPBRGH   0x000fb0       data     extern E:\3.46\pic18-lt\cxx-framework\src\traditional\proc\p18f4620.asm
                   SSPADD   0x000fc8       data     extern E:\3.46\pic18-lt\cxx-framework\src\traditional\proc\p18f4620.asm
                   SSPBUF   0x000fc9       data     extern E:\3.46\pic18-lt\cxx-framework\src\traditional\proc\p18f4620.asm
                  SSPCON1   0x000fc6       data     extern E:\3.46\pic18-lt\cxx-framework\src\traditional\proc\p18f4620.asm
              SSPCON1bits   0x000fc6       data     extern E:\3.46\pic18-lt\cxx-framework\src\traditional\proc\p18f4620.asm
                  SSPCON2   0x000fc5       data     extern E:\3.46\pic18-lt\cxx-framework\src\traditional\proc\p18f4620.asm
              SSPCON2bits   0x000fc5       data     extern E:\3.46\pic18-lt\cxx-framework\src\traditional\proc\p18f4620.asm
                  SSPSTAT   0x000fc7       data     extern E:\3.46\pic18-lt\cxx-framework\src\traditional\proc\p18f4620.asm
              SSPSTATbits   0x000fc7       data     extern E:\3.46\pic18-lt\cxx-framework\src\traditional\proc\p18f4620.asm
                 SS_value   0x000106       data     extern E:\TKLL\Bai9_Uart_EMS_Sensor_Calib\button_matrix\global.c
             SS_value_max   0x0001e0       data     extern E:\TKLL\Bai9_Uart_EMS_Sensor_Calib\button_matrix\global.c
             SS_value_min   0x0001ca       data     extern E:\TKLL\Bai9_Uart_EMS_Sensor_Calib\button_matrix\global.c
                   STATUS   0x000fd8       data     extern E:\3.46\pic18-lt\cxx-framework\src\traditional\proc\p18f4620.asm
               STATUSbits   0x000fd8       data     extern E:\3.46\pic18-lt\cxx-framework\src\traditional\proc\p18f4620.asm
                   STKPTR   0x000ffc       data     extern E:\3.46\pic18-lt\cxx-framework\src\traditional\proc\p18f4620.asm
               STKPTRbits   0x000ffc       data     extern E:\3.46\pic18-lt\cxx-framework\src\traditional\proc\p18f4620.asm
                    T0CON   0x000fd5       data     extern E:\3.46\pic18-lt\cxx-framework\src\traditional\proc\p18f4620.asm
                T0CONbits   0x000fd5       data     extern E:\3.46\pic18-lt\cxx-framework\src\traditional\proc\p18f4620.asm
                    T1CON   0x000fcd       data     extern E:\3.46\pic18-lt\cxx-framework\src\traditional\proc\p18f4620.asm
                T1CONbits   0x000fcd       data     extern E:\3.46\pic18-lt\cxx-framework\src\traditional\proc\p18f4620.asm
                    T2CON   0x000fca       data     extern E:\3.46\pic18-lt\cxx-framework\src\traditional\proc\p18f4620.asm
                T2CONbits   0x000fca       data     extern E:\3.46\pic18-lt\cxx-framework\src\traditional\proc\p18f4620.asm
                    T3CON   0x000fb1       data     extern E:\3.46\pic18-lt\cxx-framework\src\traditional\proc\p18f4620.asm
                T3CONbits   0x000fb1       data     extern E:\3.46\pic18-lt\cxx-framework\src\traditional\proc\p18f4620.asm
                   TABLAT   0x000ff5       data     extern E:\3.46\pic18-lt\cxx-framework\src\traditional\proc\p18f4620.asm
                   TBLPTR   0x000ff6       data     extern E:\3.46\pic18-lt\cxx-framework\src\traditional\proc\p18f4620.asm
                  TBLPTRH   0x000ff7       data     extern E:\3.46\pic18-lt\cxx-framework\src\traditional\proc\p18f4620.asm
                  TBLPTRL   0x000ff6       data     extern E:\3.46\pic18-lt\cxx-framework\src\traditional\proc\p18f4620.asm
                  TBLPTRU   0x000ff8       data     extern E:\3.46\pic18-lt\cxx-framework\src\traditional\proc\p18f4620.asm
              TMP_adc_max   0x0001da       data     extern E:\TKLL\Bai9_Uart_EMS_Sensor_Calib\button_matrix\global.c
              TMP_adc_min   0x0001d6       data     extern E:\TKLL\Bai9_Uart_EMS_Sensor_Calib\button_matrix\global.c
                TMP_value   0x00010e       data     extern E:\TKLL\Bai9_Uart_EMS_Sensor_Calib\button_matrix\global.c
            TMP_value_max   0x0001d8       data     extern E:\TKLL\Bai9_Uart_EMS_Sensor_Calib\button_matrix\global.c
            TMP_value_min   0x0001d4       data     extern E:\TKLL\Bai9_Uart_EMS_Sensor_Calib\button_matrix\global.c
                    TMR0H   0x000fd7       data     extern E:\3.46\pic18-lt\cxx-framework\src\traditional\proc\p18f4620.asm
                    TMR0L   0x000fd6       data     extern E:\3.46\pic18-lt\cxx-framework\src\traditional\proc\p18f4620.asm
                    TMR1H   0x000fcf       data     extern E:\3.46\pic18-lt\cxx-framework\src\traditional\proc\p18f4620.asm
                    TMR1L   0x000fce       data     extern E:\3.46\pic18-lt\cxx-framework\src\traditional\proc\p18f4620.asm
                     TMR2   0x000fcc       data     extern E:\3.46\pic18-lt\cxx-framework\src\traditional\proc\p18f4620.asm
                    TMR3H   0x000fb3       data     extern E:\3.46\pic18-lt\cxx-framework\src\traditional\proc\p18f4620.asm
                    TMR3L   0x000fb2       data     extern E:\3.46\pic18-lt\cxx-framework\src\traditional\proc\p18f4620.asm
                      TOS   0x000ffd       data     extern E:\3.46\pic18-lt\cxx-framework\src\traditional\proc\p18f4620.asm
                     TOSH   0x000ffe       data     extern E:\3.46\pic18-lt\cxx-framework\src\traditional\proc\p18f4620.asm
                     TOSL   0x000ffd       data     extern E:\3.46\pic18-lt\cxx-framework\src\traditional\proc\p18f4620.asm
                     TOSU   0x000fff       data     extern E:\3.46\pic18-lt\cxx-framework\src\traditional\proc\p18f4620.asm
                    TRISA   0x000f92       data     extern E:\3.46\pic18-lt\cxx-framework\src\traditional\proc\p18f4620.asm
                TRISAbits   0x000f92       data     extern E:\3.46\pic18-lt\cxx-framework\src\traditional\proc\p18f4620.asm
                    TRISB   0x000f93       data     extern E:\3.46\pic18-lt\cxx-framework\src\traditional\proc\p18f4620.asm
                TRISBbits   0x000f93       data     extern E:\3.46\pic18-lt\cxx-framework\src\traditional\proc\p18f4620.asm
                    TRISC   0x000f94       data     extern E:\3.46\pic18-lt\cxx-framework\src\traditional\proc\p18f4620.asm
                TRISCbits   0x000f94       data     extern E:\3.46\pic18-lt\cxx-framework\src\traditional\proc\p18f4620.asm
                    TRISD   0x000f95       data     extern E:\3.46\pic18-lt\cxx-framework\src\traditional\proc\p18f4620.asm
                TRISDbits   0x000f95       data     extern E:\3.46\pic18-lt\cxx-framework\src\traditional\proc\p18f4620.asm
                    TRISE   0x000f96       data     extern E:\3.46\pic18-lt\cxx-framework\src\traditional\proc\p18f4620.asm
                TRISEbits   0x000f96       data     extern E:\3.46\pic18-lt\cxx-framework\src\traditional\proc\p18f4620.asm
                    TXREG   0x000fad       data     extern E:\3.46\pic18-lt\cxx-framework\src\traditional\proc\p18f4620.asm
                    TXSTA   0x000fac       data     extern E:\3.46\pic18-lt\cxx-framework\src\traditional\proc\p18f4620.asm
                TXSTAbits   0x000fac       data     extern E:\3.46\pic18-lt\cxx-framework\src\traditional\proc\p18f4620.asm
                 UserFont   0x000080       data     extern E:\TKLL\Bai9_Uart_EMS_Sensor_Calib\lcd\lcd.c
                        W   0x000fe8       data     extern E:\3.46\pic18-lt\cxx-framework\src\traditional\proc\p18f4620.asm
                   WDTCON   0x000fd1       data     extern E:\3.46\pic18-lt\cxx-framework\src\traditional\proc\p18f4620.asm
               WDTCONbits   0x000fd1       data     extern E:\3.46\pic18-lt\cxx-framework\src\traditional\proc\p18f4620.asm
                     WREG   0x000fe8       data     extern E:\3.46\pic18-lt\cxx-framework\src\traditional\proc\p18f4620.asm
                 __AARGB0   0x000021       data     extern E:\3.46\pic18-lt\cxx-framework\src\traditional\math\aarg.asm
                 __AARGB1   0x000020       data     extern E:\3.46\pic18-lt\cxx-framework\src\traditional\math\aarg.asm
                 __AARGB2   0x00001f       data     extern E:\3.46\pic18-lt\cxx-framework\src\traditional\math\aarg.asm
                 __AARGB3   0x00001e       data     extern E:\3.46\pic18-lt\cxx-framework\src\traditional\math\aarg.asm
                 __AARGB4   0x00001d       data     extern E:\3.46\pic18-lt\cxx-framework\src\traditional\math\aarg.asm
                 __AARGB5   0x00001c       data     extern E:\3.46\pic18-lt\cxx-framework\src\traditional\math\aarg.asm
                 __AARGB6   0x00001b       data     extern E:\3.46\pic18-lt\cxx-framework\src\traditional\math\aarg.asm
                 __AARGB7   0x00001a       data     extern E:\3.46\pic18-lt\cxx-framework\src\traditional\math\aarg.asm
                   __AEXP   0x000022       data     extern E:\3.46\pic18-lt\cxx-framework\src\traditional\math\aarg.asm
                 __BARGB0   0x000026       data     extern E:\3.46\pic18-lt\cxx-framework\src\traditional\math\barg.asm
                 __BARGB1   0x000025       data     extern E:\3.46\pic18-lt\cxx-framework\src\traditional\math\barg.asm
                 __BARGB2   0x000024       data     extern E:\3.46\pic18-lt\cxx-framework\src\traditional\math\barg.asm
                 __BARGB3   0x000023       data     extern E:\3.46\pic18-lt\cxx-framework\src\traditional\math\barg.asm
                   __BEXP   0x000027       data     extern E:\3.46\pic18-lt\cxx-framework\src\traditional\math\barg.asm
                __FPFLAGS   0x000019       data     extern E:\3.46\pic18-lt\cxx-framework\src\traditional\math\cmath18.asm
            __FPFLAGSbits   0x000019       data     extern E:\3.46\pic18-lt\cxx-framework\src\traditional\math\cmath18.asm
                  __REMB0   0x00001d       data     extern E:\3.46\pic18-lt\cxx-framework\src\traditional\math\aarg.asm
                  __REMB1   0x00001c       data     extern E:\3.46\pic18-lt\cxx-framework\src\traditional\math\aarg.asm
                  __REMB2   0x00001b       data     extern E:\3.46\pic18-lt\cxx-framework\src\traditional\math\aarg.asm
                  __REMB3   0x00001a       data     extern E:\3.46\pic18-lt\cxx-framework\src\traditional\math\aarg.asm
                  __tmp_0   0x000000       data     static E:\TKLL\Bai9_Uart_EMS_Sensor_Calib\lcd\lcd.c
                  __tmp_0   0x000000       data     static E:\TKLL\Bai9_Uart_EMS_Sensor_Calib\button_matrix\button.c
                  __tmp_0   0x000000       data     static E:\TKLL\Bai9_Uart_EMS_Sensor_Calib\timer\timer.c
                  __tmp_0   0x000000       data     static E:\TKLL\Bai9_Uart_EMS_Sensor_Calib\uart\uart.c
                  __tmp_0   0x000000       data     static E:\TKLL\Bai9_Uart_EMS_Sensor_Calib\main.c
                  __tmp_0   0x000000       data     static E:\TKLL\Bai9_Uart_EMS_Sensor_Calib\adc\adc.c
                  __tmp_0   0x000000       data     static E:\TKLL\Bai9_Uart_EMS_Sensor_Calib\button_matrix\fsm.c
                  __tmp_0   0x000000       data     static E:\TKLL\Bai9_Uart_EMS_Sensor_Calib\button_matrix\display.c
                  __tmp_0   0x000000       data     static E:\TKLL\Bai9_Uart_EMS_Sensor_Calib\button_matrix\i2c.c
                adc_value   0x0000e1       data     extern E:\TKLL\Bai9_Uart_EMS_Sensor_Calib\adc\adc.c
         arrayMapOfOutput   0x000f48       data     extern E:\TKLL\Bai9_Uart_EMS_Sensor_Calib\main.c
      arrayMaskInputOfKey   0x000f24       data     extern E:\TKLL\Bai9_Uart_EMS_Sensor_Calib\button_matrix\button.c
     arrayMaskOutputOfKey   0x000f20       data     extern E:\TKLL\Bai9_Uart_EMS_Sensor_Calib\button_matrix\button.c
            averageSensor   0x000176       data     extern E:\TKLL\Bai9_Uart_EMS_Sensor_Calib\button_matrix\global.c
                     cnt0   0x000f62       data     extern E:\TKLL\Bai9_Uart_EMS_Sensor_Calib\interrupt\interrupt.c
                     cnt1   0x000f64       data     extern E:\TKLL\Bai9_Uart_EMS_Sensor_Calib\interrupt\interrupt.c
                curr_byte   0x000f5b       data     static E:\3.46\pic18-lt\cxx-framework\src\traditional\startup\c018i.c
               curr_entry   0x000f5d       data     static E:\3.46\pic18-lt\cxx-framework\src\traditional\startup\c018i.c
              current_col   0x0000fd       data     extern E:\TKLL\Bai9_Uart_EMS_Sensor_Calib\lcd\lcd.c
              current_row   0x0000fb       data     extern E:\TKLL\Bai9_Uart_EMS_Sensor_Calib\lcd\lcd.c
           dataOfSensorPH   0x000112       data     extern E:\TKLL\Bai9_Uart_EMS_Sensor_Calib\button_matrix\global.c
              dataReceive   0x0000ff       data     extern E:\TKLL\Bai9_Uart_EMS_Sensor_Calib\uart\uart.c
                 data_ptr   0x000f5f       data     static E:\3.46\pic18-lt\cxx-framework\src\traditional\startup\c018i.c
                     date   0x0001fc       data     extern E:\TKLL\Bai9_Uart_EMS_Sensor_Calib\button_matrix\clock.c
                      day   0x0001fb       data     extern E:\TKLL\Bai9_Uart_EMS_Sensor_Calib\button_matrix\clock.c
              flag_timer0   0x000f30       data     extern E:\TKLL\Bai9_Uart_EMS_Sensor_Calib\timer\timer.c
              flag_timer1   0x000f31       data     extern E:\TKLL\Bai9_Uart_EMS_Sensor_Calib\timer\timer.c
              flag_timer2   0x000f32       data     extern E:\TKLL\Bai9_Uart_EMS_Sensor_Calib\timer\timer.c
              flag_timer3   0x000f33       data     extern E:\TKLL\Bai9_Uart_EMS_Sensor_Calib\timer\timer.c
                     hour   0x0001fa       data     extern E:\TKLL\Bai9_Uart_EMS_Sensor_Calib\button_matrix\clock.c
              indexOfData   0x0001b5       data     extern E:\TKLL\Bai9_Uart_EMS_Sensor_Calib\button_matrix\global.c
           indexOfData_10   0x0001ae       data     extern E:\TKLL\Bai9_Uart_EMS_Sensor_Calib\button_matrix\global.c
           inputThreshold   0x0001be       data     extern E:\TKLL\Bai9_Uart_EMS_Sensor_Calib\button_matrix\global.c
                isStarted   0x0001ff       data     extern E:\TKLL\Bai9_Uart_EMS_Sensor_Calib\button_matrix\i2c.c
                 key_code   0x000f00       data     extern E:\TKLL\Bai9_Uart_EMS_Sensor_Calib\button_matrix\button.c
                   minute   0x0001f9       data     extern E:\TKLL\Bai9_Uart_EMS_Sensor_Calib\button_matrix\clock.c
                    month   0x0001fd       data     extern E:\TKLL\Bai9_Uart_EMS_Sensor_Calib\button_matrix\clock.c
       numberOfPushButton   0x0001c0       data     extern E:\TKLL\Bai9_Uart_EMS_Sensor_Calib\button_matrix\global.c
               pH_adc_max   0x0001de       data     extern E:\TKLL\Bai9_Uart_EMS_Sensor_Calib\button_matrix\global.c
               pH_adc_min   0x0001c8       data     extern E:\TKLL\Bai9_Uart_EMS_Sensor_Calib\button_matrix\global.c
                 pH_value   0x000104       data     extern E:\TKLL\Bai9_Uart_EMS_Sensor_Calib\button_matrix\global.c
             pH_value_max   0x0001dc       data     extern E:\TKLL\Bai9_Uart_EMS_Sensor_Calib\button_matrix\global.c
             pH_value_min   0x0001c6       data     extern E:\TKLL\Bai9_Uart_EMS_Sensor_Calib\button_matrix\global.c
                     prom   0x000f58       data     static E:\3.46\pic18-lt\cxx-framework\src\traditional\startup\c018i.c
                rawSensor   0x000192       data     extern E:\TKLL\Bai9_Uart_EMS_Sensor_Calib\button_matrix\global.c
                   second   0x0001f8       data     extern E:\TKLL\Bai9_Uart_EMS_Sensor_Calib\button_matrix\clock.c
              simulateCnt   0x000100       data     extern E:\TKLL\Bai9_Uart_EMS_Sensor_Calib\button_matrix\global.c
            simulateValue   0x000102       data     extern E:\TKLL\Bai9_Uart_EMS_Sensor_Calib\button_matrix\global.c
                   status   0x0001bc       data     extern E:\TKLL\Bai9_Uart_EMS_Sensor_Calib\button_matrix\global.c
                statusLCD   0x0000c0       data     extern E:\TKLL\Bai9_Uart_EMS_Sensor_Calib\lcd\lcd.c
             statusOutput   0x000f50       data     extern E:\TKLL\Bai9_Uart_EMS_Sensor_Calib\main.c
            statusSetTime   0x0001c2       data     extern E:\TKLL\Bai9_Uart_EMS_Sensor_Calib\button_matrix\global.c
                threshold   0x0001ea       data     extern E:\TKLL\Bai9_Uart_EMS_Sensor_Calib\button_matrix\global.c
                time0_MUL   0x000f40       data     extern E:\TKLL\Bai9_Uart_EMS_Sensor_Calib\timer\timer.c
                time1_MUL   0x000f42       data     extern E:\TKLL\Bai9_Uart_EMS_Sensor_Calib\timer\timer.c
                time2_MUL   0x000f44       data     extern E:\TKLL\Bai9_Uart_EMS_Sensor_Calib\timer\timer.c
                time3_MUL   0x000f46       data     extern E:\TKLL\Bai9_Uart_EMS_Sensor_Calib\timer\timer.c
                timeBlink   0x0001c4       data     extern E:\TKLL\Bai9_Uart_EMS_Sensor_Calib\button_matrix\global.c
               timer0_cnt   0x000f38       data     extern E:\TKLL\Bai9_Uart_EMS_Sensor_Calib\timer\timer.c
             timer0_value   0x000f28       data     extern E:\TKLL\Bai9_Uart_EMS_Sensor_Calib\timer\timer.c
               timer1_cnt   0x000f3a       data     extern E:\TKLL\Bai9_Uart_EMS_Sensor_Calib\timer\timer.c
             timer1_value   0x000f2a       data     extern E:\TKLL\Bai9_Uart_EMS_Sensor_Calib\timer\timer.c
               timer2_cnt   0x000f3c       data     extern E:\TKLL\Bai9_Uart_EMS_Sensor_Calib\timer\timer.c
             timer2_value   0x000f2c       data     extern E:\TKLL\Bai9_Uart_EMS_Sensor_Calib\timer\timer.c
               timer3_cnt   0x000f3e       data     extern E:\TKLL\Bai9_Uart_EMS_Sensor_Calib\timer\timer.c
             timer3_value   0x000f2e       data     extern E:\TKLL\Bai9_Uart_EMS_Sensor_Calib\timer\timer.c
                   v_cnt0   0x000f34       data     extern E:\TKLL\Bai9_Uart_EMS_Sensor_Calib\timer\timer.c
                   v_cnt1   0x000f36       data     extern E:\TKLL\Bai9_Uart_EMS_Sensor_Calib\timer\timer.c
                     year   0x0001fe       data     extern E:\TKLL\Bai9_Uart_EMS_Sensor_Calib\button_matrix\clock.c



                              Symbols - Sorted by Address
                     Name    Address   Location    Storage File                     
                ---------  ---------  ---------  --------- ---------                
                   _entry   0x000000    program     extern E:\3.46\pic18-lt\cxx-framework\src\traditional\startup\c018i.c
       ___return_lbl00000   0x000004    program     static                          
                   __init   0x000006    program     extern E:\3.46\pic18-lt\cxx-framework\src\traditional\stdclib\__init.c
      InterruptVectorHigh   0x000008    program     extern E:\TKLL\Bai9_Uart_EMS_Sensor_Calib\interrupt\interrupt.c
       ___return_lbl00003   0x00000c    program     static                          
       InterruptVectorLow   0x000018    program     extern E:\TKLL\Bai9_Uart_EMS_Sensor_Calib\interrupt\interrupt.c
       ___return_lbl00002   0x00001c    program     static                          
             display_Time   0x000080    program     extern E:\TKLL\Bai9_Uart_EMS_Sensor_Calib\button_matrix\display.c
             display_Menu   0x0004d6    program     extern E:\TKLL\Bai9_Uart_EMS_Sensor_Calib\button_matrix\display.c
    display_Set_Threshold   0x00058a    program     extern E:\TKLL\Bai9_Uart_EMS_Sensor_Calib\button_matrix\display.c
        display_input_val   0x0006ee    program     extern E:\TKLL\Bai9_Uart_EMS_Sensor_Calib\button_matrix\display.c
            display_Alarm   0x00075c    program     extern E:\TKLL\Bai9_Uart_EMS_Sensor_Calib\button_matrix\display.c
              enableBlink   0x000a22    program     extern E:\TKLL\Bai9_Uart_EMS_Sensor_Calib\button_matrix\display.c
                  SetHour   0x000a34    program     extern E:\TKLL\Bai9_Uart_EMS_Sensor_Calib\button_matrix\display.c
                setMinute   0x000b3e    program     extern E:\TKLL\Bai9_Uart_EMS_Sensor_Calib\button_matrix\display.c
                   setDay   0x000c48    program     extern E:\TKLL\Bai9_Uart_EMS_Sensor_Calib\button_matrix\display.c
                  setDate   0x000d62    program     extern E:\TKLL\Bai9_Uart_EMS_Sensor_Calib\button_matrix\display.c
                 setMonth   0x000e80    program     extern E:\TKLL\Bai9_Uart_EMS_Sensor_Calib\button_matrix\display.c
                  setYear   0x000f9e    program     extern E:\TKLL\Bai9_Uart_EMS_Sensor_Calib\button_matrix\display.c
               adjustTime   0x0010aa    program     extern E:\TKLL\Bai9_Uart_EMS_Sensor_Calib\button_matrix\display.c
                lcd_delay   0x00124c    program     extern E:\TKLL\Bai9_Uart_EMS_Sensor_Calib\lcd\lcd.c
                 v_timer0   0x0012dc    program     extern E:\TKLL\Bai9_Uart_EMS_Sensor_Calib\lcd\lcd.c
          lcd_sendCommand   0x00136c    program     extern E:\TKLL\Bai9_Uart_EMS_Sensor_Calib\lcd\lcd.c
                 init_lcd   0x0013ec    program     extern E:\TKLL\Bai9_Uart_EMS_Sensor_Calib\lcd\lcd.c
          lcd_read_status   0x0014fa    program     extern E:\TKLL\Bai9_Uart_EMS_Sensor_Calib\lcd\lcd.c
            lcd_wait_busy   0x0015b0    program     extern E:\TKLL\Bai9_Uart_EMS_Sensor_Calib\lcd\lcd.c
          lcd_write_4bits   0x0015d0    program     extern E:\TKLL\Bai9_Uart_EMS_Sensor_Calib\lcd\lcd.c
            lcd_write_cmd   0x001616    program     extern E:\TKLL\Bai9_Uart_EMS_Sensor_Calib\lcd\lcd.c
           lcd_write_data   0x001652    program     extern E:\TKLL\Bai9_Uart_EMS_Sensor_Calib\lcd\lcd.c
              lcd_putchar   0x001690    program     extern E:\TKLL\Bai9_Uart_EMS_Sensor_Calib\lcd\lcd.c
           lcd_print_char   0x0016aa    program     extern E:\TKLL\Bai9_Uart_EMS_Sensor_Calib\lcd\lcd.c
            lcd_print_str   0x0016c4    program     extern E:\TKLL\Bai9_Uart_EMS_Sensor_Calib\lcd\lcd.c
           lcd_set_cursor   0x001704    program     extern E:\TKLL\Bai9_Uart_EMS_Sensor_Calib\lcd\lcd.c
                lcd_clear   0x00173e    program     extern E:\TKLL\Bai9_Uart_EMS_Sensor_Calib\lcd\lcd.c
             lcd_power_of   0x001752    program     extern E:\TKLL\Bai9_Uart_EMS_Sensor_Calib\lcd\lcd.c
            lcd_print_num   0x001834    program     extern E:\TKLL\Bai9_Uart_EMS_Sensor_Calib\lcd\lcd.c
              LcdPrintNum   0x001a6a    program     extern E:\TKLL\Bai9_Uart_EMS_Sensor_Calib\lcd\lcd.c
           LcdPrintString   0x001ab2    program     extern E:\TKLL\Bai9_Uart_EMS_Sensor_Calib\lcd\lcd.c
          lcd_print_charS   0x001ae6    program     extern E:\TKLL\Bai9_Uart_EMS_Sensor_Calib\lcd\lcd.c
                LcdClearS   0x001b2c    program     extern E:\TKLL\Bai9_Uart_EMS_Sensor_Calib\lcd\lcd.c
         DisplayLcdScreen   0x001b8a    program     extern E:\TKLL\Bai9_Uart_EMS_Sensor_Calib\lcd\lcd.c
        DisplayLcdScreen2   0x001c82    program     extern E:\TKLL\Bai9_Uart_EMS_Sensor_Calib\lcd\lcd.c
      DisplayLcdScreenOld   0x001d08    program     extern E:\TKLL\Bai9_Uart_EMS_Sensor_Calib\lcd\lcd.c
            LcdPrintCharS   0x001d72    program     extern E:\TKLL\Bai9_Uart_EMS_Sensor_Calib\lcd\lcd.c
             LcdPrintNumS   0x001dc8    program     extern E:\TKLL\Bai9_Uart_EMS_Sensor_Calib\lcd\lcd.c
          LcdPrintStringS   0x002016    program     extern E:\TKLL\Bai9_Uart_EMS_Sensor_Calib\lcd\lcd.c
      LcdPrintNumPercentS   0x00206c    program     extern E:\TKLL\Bai9_Uart_EMS_Sensor_Calib\lcd\lcd.c
                     main   0x002334    program     extern E:\TKLL\Bai9_Uart_EMS_Sensor_Calib\main.c
                 delay_ms   0x00238a    program     extern E:\TKLL\Bai9_Uart_EMS_Sensor_Calib\main.c
              init_system   0x002412    program     extern E:\TKLL\Bai9_Uart_EMS_Sensor_Calib\main.c
               OpenOutput   0x002496    program     extern E:\TKLL\Bai9_Uart_EMS_Sensor_Calib\main.c
              CloseOutput   0x0024e6    program     extern E:\TKLL\Bai9_Uart_EMS_Sensor_Calib\main.c
            ReverseOutput   0x002536    program     extern E:\TKLL\Bai9_Uart_EMS_Sensor_Calib\main.c
               TestOutput   0x0025b2    program     extern E:\TKLL\Bai9_Uart_EMS_Sensor_Calib\main.c
       isButtonSetTempMin   0x00262e    program     extern E:\TKLL\Bai9_Uart_EMS_Sensor_Calib\main.c
       isButtonSetTempMax   0x00263e    program     extern E:\TKLL\Bai9_Uart_EMS_Sensor_Calib\main.c
              GetSensorPH   0x00264e    program     extern E:\TKLL\Bai9_Uart_EMS_Sensor_Calib\main.c
       SimulateFull_Gimat   0x00271e    program     extern E:\TKLL\Bai9_Uart_EMS_Sensor_Calib\main.c
                CalibTemp   0x002c38    program     extern E:\TKLL\Bai9_Uart_EMS_Sensor_Calib\main.c
                init_uart   0x002c56    program     extern E:\TKLL\Bai9_Uart_EMS_Sensor_Calib\uart\uart.c
            uart_delay_ms   0x002c74    program     extern E:\TKLL\Bai9_Uart_EMS_Sensor_Calib\uart\uart.c
             uart_putchar   0x002cfc    program     extern E:\TKLL\Bai9_Uart_EMS_Sensor_Calib\uart\uart.c
[...]
                     DDRB   0x000f93       data     extern E:\3.46\pic18-lt\cxx-framework\src\traditional\proc\p18f4620.asm
                    TRISB   0x000f93       data     extern E:\3.46\pic18-lt\cxx-framework\src\traditional\proc\p18f4620.asm
                TRISBbits   0x000f93       data     extern E:\3.46\pic18-lt\cxx-framework\src\traditional\proc\p18f4620.asm
                     DDRC   0x000f94       data     extern E:\3.46\pic18-lt\cxx-framework\src\traditional\proc\p18f4620.asm
                    TRISC   0x000f94       data     extern E:\3.46\pic18-lt\cxx-framework\src\traditional\proc\p18f4620.asm
                TRISCbits   0x000f94       data     extern E:\3.46\pic18-lt\cxx-framework\src\traditional\proc\p18f4620.asm
                 DDRCbits   0x000f94       data     extern E:\3.46\pic18-lt\cxx-framework\src\traditional\proc\p18f4620.asm
                    TRISD   0x000f95       data     extern E:\3.46\pic18-lt\cxx-framework\src\traditional\proc\p18f4620.asm
                TRISDbits   0x000f95       data     extern E:\3.46\pic18-lt\cxx-framework\src\traditional\proc\p18f4620.asm
                     DDRD   0x000f95       data     extern E:\3.46\pic18-lt\cxx-framework\src\traditional\proc\p18f4620.asm
                 DDRDbits   0x000f95       data     extern E:\3.46\pic18-lt\cxx-framework\src\traditional\proc\p18f4620.asm
                    TRISE   0x000f96       data     extern E:\3.46\pic18-lt\cxx-framework\src\traditional\proc\p18f4620.asm
                     DDRE   0x000f96       data     extern E:\3.46\pic18-lt\cxx-framework\src\traditional\proc\p18f4620.asm
                TRISEbits   0x000f96       data     extern E:\3.46\pic18-lt\cxx-framework\src\traditional\proc\p18f4620.asm
                 DDREbits   0x000f96       data     extern E:\3.46\pic18-lt\cxx-framework\src\traditional\proc\p18f4620.asm
              OSCTUNEbits   0x000f9b       data     extern E:\3.46\pic18-lt\cxx-framework\src\traditional\proc\p18f4620.asm
                  OSCTUNE   0x000f9b       data     extern E:\3.46\pic18-lt\cxx-framework\src\traditional\proc\p18f4620.asm
                 PIE1bits   0x000f9d       data     extern E:\3.46\pic18-lt\cxx-framework\src\traditional\proc\p18f4620.asm
                     PIE1   0x000f9d       data     extern E:\3.46\pic18-lt\cxx-framework\src\traditional\proc\p18f4620.asm
                 PIR1bits   0x000f9e       data     extern E:\3.46\pic18-lt\cxx-framework\src\traditional\proc\p18f4620.asm
                     PIR1   0x000f9e       data     extern E:\3.46\pic18-lt\cxx-framework\src\traditional\proc\p18f4620.asm
                 IPR1bits   0x000f9f       data     extern E:\3.46\pic18-lt\cxx-framework\src\traditional\proc\p18f4620.asm
                     IPR1   0x000f9f       data     extern E:\3.46\pic18-lt\cxx-framework\src\traditional\proc\p18f4620.asm
                 PIE2bits   0x000fa0       data     extern E:\3.46\pic18-lt\cxx-framework\src\traditional\proc\p18f4620.asm
                     PIE2   0x000fa0       data     extern E:\3.46\pic18-lt\cxx-framework\src\traditional\proc\p18f4620.asm
                 PIR2bits   0x000fa1       data     extern E:\3.46\pic18-lt\cxx-framework\src\traditional\proc\p18f4620.asm
                     PIR2   0x000fa1       data     extern E:\3.46\pic18-lt\cxx-framework\src\traditional\proc\p18f4620.asm
                 IPR2bits   0x000fa2       data     extern E:\3.46\pic18-lt\cxx-framework\src\traditional\proc\p18f4620.asm
                     IPR2   0x000fa2       data     extern E:\3.46\pic18-lt\cxx-framework\src\traditional\proc\p18f4620.asm
                   EECON1   0x000fa6       data     extern E:\3.46\pic18-lt\cxx-framework\src\traditional\proc\p18f4620.asm
               EECON1bits   0x000fa6       data     extern E:\3.46\pic18-lt\cxx-framework\src\traditional\proc\p18f4620.asm
                   EECON2   0x000fa7       data     extern E:\3.46\pic18-lt\cxx-framework\src\traditional\proc\p18f4620.asm
                   EEDATA   0x000fa8       data     extern E:\3.46\pic18-lt\cxx-framework\src\traditional\proc\p18f4620.asm
                    EEADR   0x000fa9       data     extern E:\3.46\pic18-lt\cxx-framework\src\traditional\proc\p18f4620.asm
                   EEADRH   0x000faa       data     extern E:\3.46\pic18-lt\cxx-framework\src\traditional\proc\p18f4620.asm
                    RCSTA   0x000fab       data     extern E:\3.46\pic18-lt\cxx-framework\src\traditional\proc\p18f4620.asm
                RCSTAbits   0x000fab       data     extern E:\3.46\pic18-lt\cxx-framework\src\traditional\proc\p18f4620.asm
                    TXSTA   0x000fac       data     extern E:\3.46\pic18-lt\cxx-framework\src\traditional\proc\p18f4620.asm
                TXSTAbits   0x000fac       data     extern E:\3.46\pic18-lt\cxx-framework\src\traditional\proc\p18f4620.asm
                    TXREG   0x000fad       data     extern E:\3.46\pic18-lt\cxx-framework\src\traditional\proc\p18f4620.asm
                    RCREG   0x000fae       data     extern E:\3.46\pic18-lt\cxx-framework\src\traditional\proc\p18f4620.asm
                    SPBRG   0x000faf       data     extern E:\3.46\pic18-lt\cxx-framework\src\traditional\proc\p18f4620.asm
                   SPBRGH   0x000fb0       data     extern E:\3.46\pic18-lt\cxx-framework\src\traditional\proc\p18f4620.asm
                T3CONbits   0x000fb1       data     extern E:\3.46\pic18-lt\cxx-framework\src\traditional\proc\p18f4620.asm
                    T3CON   0x000fb1       data     extern E:\3.46\pic18-lt\cxx-framework\src\traditional\proc\p18f4620.asm
                    TMR3L   0x000fb2       data     extern E:\3.46\pic18-lt\cxx-framework\src\traditional\proc\p18f4620.asm
                    TMR3H   0x000fb3       data     extern E:\3.46\pic18-lt\cxx-framework\src\traditional\proc\p18f4620.asm
                CMCONbits   0x000fb4       data     extern E:\3.46\pic18-lt\cxx-framework\src\traditional\proc\p18f4620.asm
                    CMCON   0x000fb4       data     extern E:\3.46\pic18-lt\cxx-framework\src\traditional\proc\p18f4620.asm
               CVRCONbits   0x000fb5       data     extern E:\3.46\pic18-lt\cxx-framework\src\traditional\proc\p18f4620.asm
                   CVRCON   0x000fb5       data     extern E:\3.46\pic18-lt\cxx-framework\src\traditional\proc\p18f4620.asm
                  ECCP1AS   0x000fb6       data     extern E:\3.46\pic18-lt\cxx-framework\src\traditional\proc\p18f4620.asm
              ECCP1ASbits   0x000fb6       data     extern E:\3.46\pic18-lt\cxx-framework\src\traditional\proc\p18f4620.asm
                  PWM1CON   0x000fb7       data     extern E:\3.46\pic18-lt\cxx-framework\src\traditional\proc\p18f4620.asm
              PWM1CONbits   0x000fb7       data     extern E:\3.46\pic18-lt\cxx-framework\src\traditional\proc\p18f4620.asm
                  BAUDCTL   0x000fb8       data     extern E:\3.46\pic18-lt\cxx-framework\src\traditional\proc\p18f4620.asm
              BAUDCONbits   0x000fb8       data     extern E:\3.46\pic18-lt\cxx-framework\src\traditional\proc\p18f4620.asm
              BAUDCTLbits   0x000fb8       data     extern E:\3.46\pic18-lt\cxx-framework\src\traditional\proc\p18f4620.asm
                  BAUDCON   0x000fb8       data     extern E:\3.46\pic18-lt\cxx-framework\src\traditional\proc\p18f4620.asm
                  CCP2CON   0x000fba       data     extern E:\3.46\pic18-lt\cxx-framework\src\traditional\proc\p18f4620.asm
              CCP2CONbits   0x000fba       data     extern E:\3.46\pic18-lt\cxx-framework\src\traditional\proc\p18f4620.asm
                    CCPR2   0x000fbb       data     extern E:\3.46\pic18-lt\cxx-framework\src\traditional\proc\p18f4620.asm
                   CCPR2L   0x000fbb       data     extern E:\3.46\pic18-lt\cxx-framework\src\traditional\proc\p18f4620.asm
                   CCPR2H   0x000fbc       data     extern E:\3.46\pic18-lt\cxx-framework\src\traditional\proc\p18f4620.asm
              CCP1CONbits   0x000fbd       data     extern E:\3.46\pic18-lt\cxx-framework\src\traditional\proc\p18f4620.asm
                  CCP1CON   0x000fbd       data     extern E:\3.46\pic18-lt\cxx-framework\src\traditional\proc\p18f4620.asm
                   CCPR1L   0x000fbe       data     extern E:\3.46\pic18-lt\cxx-framework\src\traditional\proc\p18f4620.asm
                    CCPR1   0x000fbe       data     extern E:\3.46\pic18-lt\cxx-framework\src\traditional\proc\p18f4620.asm
                   CCPR1H   0x000fbf       data     extern E:\3.46\pic18-lt\cxx-framework\src\traditional\proc\p18f4620.asm
               ADCON2bits   0x000fc0       data     extern E:\3.46\pic18-lt\cxx-framework\src\traditional\proc\p18f4620.asm
                   ADCON2   0x000fc0       data     extern E:\3.46\pic18-lt\cxx-framework\src\traditional\proc\p18f4620.asm
               ADCON1bits   0x000fc1       data     extern E:\3.46\pic18-lt\cxx-framework\src\traditional\proc\p18f4620.asm
                   ADCON1   0x000fc1       data     extern E:\3.46\pic18-lt\cxx-framework\src\traditional\proc\p18f4620.asm
                   ADCON0   0x000fc2       data     extern E:\3.46\pic18-lt\cxx-framework\src\traditional\proc\p18f4620.asm
               ADCON0bits   0x000fc2       data     extern E:\3.46\pic18-lt\cxx-framework\src\traditional\proc\p18f4620.asm
                    ADRES   0x000fc3       data     extern E:\3.46\pic18-lt\cxx-framework\src\traditional\proc\p18f4620.asm
                   ADRESL   0x000fc3       data     extern E:\3.46\pic18-lt\cxx-framework\src\traditional\proc\p18f4620.asm
                   ADRESH   0x000fc4       data     extern E:\3.46\pic18-lt\cxx-framework\src\traditional\proc\p18f4620.asm
                  SSPCON2   0x000fc5       data     extern E:\3.46\pic18-lt\cxx-framework\src\traditional\proc\p18f4620.asm
              SSPCON2bits   0x000fc5       data     extern E:\3.46\pic18-lt\cxx-framework\src\traditional\proc\p18f4620.asm
                  SSPCON1   0x000fc6       data     extern E:\3.46\pic18-lt\cxx-framework\src\traditional\proc\p18f4620.asm
              SSPCON1bits   0x000fc6       data     extern E:\3.46\pic18-lt\cxx-framework\src\traditional\proc\p18f4620.asm
                  SSPSTAT   0x000fc7       data     extern E:\3.46\pic18-lt\cxx-framework\src\traditional\proc\p18f4620.asm
              SSPSTATbits   0x000fc7       data     extern E:\3.46\pic18-lt\cxx-framework\src\traditional\proc\p18f4620.asm
                   SSPADD   0x000fc8       data     extern E:\3.46\pic18-lt\cxx-framework\src\traditional\proc\p18f4620.asm
                   SSPBUF   0x000fc9       data     extern E:\3.46\pic18-lt\cxx-framework\src\traditional\proc\p18f4620.asm
                    T2CON   0x000fca       data     extern E:\3.46\pic18-lt\cxx-framework\src\traditional\proc\p18f4620.asm
                T2CONbits   0x000fca       data     extern E:\3.46\pic18-lt\cxx-framework\src\traditional\proc\p18f4620.asm
                      PR2   0x000fcb       data     extern E:\3.46\pic18-lt\cxx-framework\src\traditional\proc\p18f4620.asm
                     TMR2   0x000fcc       data     extern E:\3.46\pic18-lt\cxx-framework\src\traditional\proc\p18f4620.asm
                T1CONbits   0x000fcd       data     extern E:\3.46\pic18-lt\cxx-framework\src\traditional\proc\p18f4620.asm
                    T1CON   0x000fcd       data     extern E:\3.46\pic18-lt\cxx-framework\src\traditional\proc\p18f4620.asm
                    TMR1L   0x000fce       data     extern E:\3.46\pic18-lt\cxx-framework\src\traditional\proc\p18f4620.asm
                    TMR1H   0x000fcf       data     extern E:\3.46\pic18-lt\cxx-framework\src\traditional\proc\p18f4620.asm
                     RCON   0x000fd0       data     extern E:\3.46\pic18-lt\cxx-framework\src\traditional\proc\p18f4620.asm
                 RCONbits   0x000fd0       data     extern E:\3.46\pic18-lt\cxx-framework\src\traditional\proc\p18f4620.asm
               WDTCONbits   0x000fd1       data     extern E:\3.46\pic18-lt\cxx-framework\src\traditional\proc\p18f4620.asm
                   WDTCON   0x000fd1       data     extern E:\3.46\pic18-lt\cxx-framework\src\traditional\proc\p18f4620.asm
               LVDCONbits   0x000fd2       data     extern E:\3.46\pic18-lt\cxx-framework\src\traditional\proc\p18f4620.asm
                   LVDCON   0x000fd2       data     extern E:\3.46\pic18-lt\cxx-framework\src\traditional\proc\p18f4620.asm
              HLVDCONbits   0x000fd2       data     extern E:\3.46\pic18-lt\cxx-framework\src\traditional\proc\p18f4620.asm
                  HLVDCON   0x000fd2       data     extern E:\3.46\pic18-lt\cxx-framework\src\traditional\proc\p18f4620.asm
               OSCCONbits   0x000fd3       data     extern E:\3.46\pic18-lt\cxx-framework\src\traditional\proc\p18f4620.asm
                   OSCCON   0x000fd3       data     extern E:\3.46\pic18-lt\cxx-framework\src\traditional\proc\p18f4620.asm
                T0CONbits   0x000fd5       data     extern E:\3.46\pic18-lt\cxx-framework\src\traditional\proc\p18f4620.asm
                    T0CON   0x000fd5       data     extern E:\3.46\pic18-lt\cxx-framework\src\traditional\proc\p18f4620.asm
                    TMR0L   0x000fd6       data     extern E:\3.46\pic18-lt\cxx-framework\src\traditional\proc\p18f4620.asm
                    TMR0H   0x000fd7       data     extern E:\3.46\pic18-lt\cxx-framework\src\traditional\proc\p18f4620.asm
                   STATUS   0x000fd8       data     extern E:\3.46\pic18-lt\cxx-framework\src\traditional\proc\p18f4620.asm
               STATUSbits   0x000fd8       data     extern E:\3.46\pic18-lt\cxx-framework\src\traditional\proc\p18f4620.asm
                     FSR2   0x000fd9       data     extern E:\3.46\pic18-lt\cxx-framework\src\traditional\proc\p18f4620.asm
                    FSR2L   0x000fd9       data     extern E:\3.46\pic18-lt\cxx-framework\src\traditional\proc\p18f4620.asm
                    FSR2H   0x000fda       data     extern E:\3.46\pic18-lt\cxx-framework\src\traditional\proc\p18f4620.asm
                   PLUSW2   0x000fdb       data     extern E:\3.46\pic18-lt\cxx-framework\src\traditional\proc\p18f4620.asm
                  PREINC2   0x000fdc       data     extern E:\3.46\pic18-lt\cxx-framework\src\traditional\proc\p18f4620.asm
                 POSTDEC2   0x000fdd       data     extern E:\3.46\pic18-lt\cxx-framework\src\traditional\proc\p18f4620.asm
                 POSTINC2   0x000fde       data     extern E:\3.46\pic18-lt\cxx-framework\src\traditional\proc\p18f4620.asm
                    INDF2   0x000fdf       data     extern E:\3.46\pic18-lt\cxx-framework\src\traditional\proc\p18f4620.asm
                      BSR   0x000fe0       data     extern E:\3.46\pic18-lt\cxx-framework\src\traditional\proc\p18f4620.asm
                     FSR1   0x000fe1       data     extern E:\3.46\pic18-lt\cxx-framework\src\traditional\proc\p18f4620.asm
                    FSR1L   0x000fe1       data     extern E:\3.46\pic18-lt\cxx-framework\src\traditional\proc\p18f4620.asm
                    FSR1H   0x000fe2       data     extern E:\3.46\pic18-lt\cxx-framework\src\traditional\proc\p18f4620.asm
                   PLUSW1   0x000fe3       data     extern E:\3.46\pic18-lt\cxx-framework\src\traditional\proc\p18f4620.asm
                  PREINC1   0x000fe4       data     extern E:\3.46\pic18-lt\cxx-framework\src\traditional\proc\p18f4620.asm
                 POSTDEC1   0x000fe5       data     extern E:\3.46\pic18-lt\cxx-framework\src\traditional\proc\p18f4620.asm
                 POSTINC1   0x000fe6       data     extern E:\3.46\pic18-lt\cxx-framework\src\traditional\proc\p18f4620.asm
                    INDF1   0x000fe7       data     extern E:\3.46\pic18-lt\cxx-framework\src\traditional\proc\p18f4620.asm
                        W   0x000fe8       data     extern E:\3.46\pic18-lt\cxx-framework\src\traditional\proc\p18f4620.asm
                     WREG   0x000fe8       data     extern E:\3.46\pic18-lt\cxx-framework\src\traditional\proc\p18f4620.asm
                    FSR0L   0x000fe9       data     extern E:\3.46\pic18-lt\cxx-framework\src\traditional\proc\p18f4620.asm
                     FSR0   0x000fe9       data     extern E:\3.46\pic18-lt\cxx-framework\src\traditional\proc\p18f4620.asm
                    FSR0H   0x000fea       data     extern E:\3.46\pic18-lt\cxx-framework\src\traditional\proc\p18f4620.asm
                   PLUSW0   0x000feb       data     extern E:\3.46\pic18-lt\cxx-framework\src\traditional\proc\p18f4620.asm
                  PREINC0   0x000fec       data     extern E:\3.46\pic18-lt\cxx-framework\src\traditional\proc\p18f4620.asm
                 POSTDEC0   0x000fed       data     extern E:\3.46\pic18-lt\cxx-framework\src\traditional\proc\p18f4620.asm
                 POSTINC0   0x000fee       data     extern E:\3.46\pic18-lt\cxx-framework\src\traditional\proc\p18f4620.asm
                    INDF0   0x000fef       data     extern E:\3.46\pic18-lt\cxx-framework\src\traditional\proc\p18f4620.asm
              INTCON3bits   0x000ff0       data     extern E:\3.46\pic18-lt\cxx-framework\src\traditional\proc\p18f4620.asm
                  INTCON3   0x000ff0       data     extern E:\3.46\pic18-lt\cxx-framework\src\traditional\proc\p18f4620.asm
                  INTCON2   0x000ff1       data     extern E:\3.46\pic18-lt\cxx-framework\src\traditional\proc\p18f4620.asm
              INTCON2bits   0x000ff1       data     extern E:\3.46\pic18-lt\cxx-framework\src\traditional\proc\p18f4620.asm
                   INTCON   0x000ff2       data     extern E:\3.46\pic18-lt\cxx-framework\src\traditional\proc\p18f4620.asm
               INTCONbits   0x000ff2       data     extern E:\3.46\pic18-lt\cxx-framework\src\traditional\proc\p18f4620.asm
                     PROD   0x000ff3       data     extern E:\3.46\pic18-lt\cxx-framework\src\traditional\proc\p18f4620.asm
                    PRODL   0x000ff3       data     extern E:\3.46\pic18-lt\cxx-framework\src\traditional\proc\p18f4620.asm
                    PRODH   0x000ff4       data     extern E:\3.46\pic18-lt\cxx-framework\src\traditional\proc\p18f4620.asm
                   TABLAT   0x000ff5       data     extern E:\3.46\pic18-lt\cxx-framework\src\traditional\proc\p18f4620.asm
                  TBLPTRL   0x000ff6       data     extern E:\3.46\pic18-lt\cxx-framework\src\traditional\proc\p18f4620.asm
                   TBLPTR   0x000ff6       data     extern E:\3.46\pic18-lt\cxx-framework\src\traditional\proc\p18f4620.asm
                  TBLPTRH   0x000ff7       data     extern E:\3.46\pic18-lt\cxx-framework\src\traditional\proc\p18f4620.asm
                  TBLPTRU   0x000ff8       data     extern E:\3.46\pic18-lt\cxx-framework\src\traditional\proc\p18f4620.asm
                       PC   0x000ff9       data     extern E:\3.46\pic18-lt\cxx-framework\src\traditional\proc\p18f4620.asm
                      PCL   0x000ff9       data     extern E:\3.46\pic18-lt\cxx-framework\src\traditional\proc\p18f4620.asm
                   PCLATH   0x000ffa       data     extern E:\3.46\pic18-lt\cxx-framework\src\traditional\proc\p18f4620.asm
                   PCLATU   0x000ffb       data     extern E:\3.46\pic18-lt\cxx-framework\src\traditional\proc\p18f4620.asm
                   STKPTR   0x000ffc       data     extern E:\3.46\pic18-lt\cxx-framework\src\traditional\proc\p18f4620.asm
               STKPTRbits   0x000ffc       data     extern E:\3.46\pic18-lt\cxx-framework\src\traditional\proc\p18f4620.asm
                      TOS   0x000ffd       data     extern E:\3.46\pic18-lt\cxx-framework\src\traditional\proc\p18f4620.asm
                     TOSL   0x000ffd       data     extern E:\3.46\pic18-lt\cxx-framework\src\traditional\proc\p18f4620.asm
                     TOSH   0x000ffe       data     extern E:\3.46\pic18-lt\cxx-framework\src\traditional\proc\p18f4620.asm
                     TOSU   0x000fff       data     extern E:\3.46\pic18-lt\cxx-framework\src\traditional\proc\p18f4620.asm


