MPLINK 5.00, LINKER
Linker Map File - Created Mon Dec 12 13:54:20 2022

                                 Section Info
                  Section       Type    Address   Location Size(Bytes)
                ---------  ---------  ---------  ---------  ---------
               _entry_scn       code   0x000000    program   0x000006
           .code___init.o       code   0x000006    program   0x000002
      InterruptVectorHigh       code   0x000008    program   0x000006
     .idata_interrupt.o_i    romdata   0x00000e    program   0x000004
        .idata___init.o_i    romdata   0x000012    program   0x000000
       .idata_fxm3232.o_i    romdata   0x000012    program   0x000000
      .idata_fxd3232u.o_i    romdata   0x000012    program   0x000000
      .idata_fxd2424u.o_i    romdata   0x000012    program   0x000000
      .idata_fxd1616u.o_i    romdata   0x000012    program   0x000000
      .idata_fxd0808u.o_i    romdata   0x000012    program   0x000000
       .idata_display.o_i    romdata   0x000012    program   0x000000
           .code_global.o       code   0x000012    program   0x000000
           .idata_fsm.o_i    romdata   0x000012    program   0x000000
           .idata_adc.o_i    romdata   0x000012    program   0x000000
         .idata_c018i.o_i    romdata   0x000012    program   0x000000
            .code_c018i.o       code   0x000012    program   0x000000
       InterruptVectorLow       code   0x000018    program   0x000006
                   .cinit    romdata   0x00001e    program   0x000062
          .code_display.o       code   0x000080    program   0x001770
              .code_lcd.o       code   0x0017f0    program   0x0010e8
             .code_main.o       code   0x0028d8    program   0x0007ae
              .code_fsm.o       code   0x003086    program   0x000664
             .code_uart.o       code   0x0036ea    program   0x00059c
            .code_timer.o       code   0x003c86    program   0x00051c
           .code_button.o       code   0x0041a2    program   0x000484
             .stringtable    romdata   0x004626    program   0x00037f
           .romdata_fsm.o    romdata   0x0049a5    program   0x000000
        .romdata_global.o    romdata   0x0049a5    program   0x000000
     .romdata_interrupt.o    romdata   0x0049a5    program   0x000000
           .idata_i2c.o_i    romdata   0x0049a5    program   0x000001
           .romdata_i2c.o    romdata   0x0049a5    program   0x000000
       .romdata_display.o    romdata   0x0049a5    program   0x000000
         .romdata_clock.o    romdata   0x0049a5    program   0x000000
        .romdata_button.o    romdata   0x0049a5    program   0x000000
      .romdata_fxd0808u.o    romdata   0x0049a5    program   0x000000
      .romdata_fxd1616u.o    romdata   0x0049a5    program   0x000000
      .romdata_fxd2424u.o    romdata   0x0049a5    program   0x000000
      .romdata_fxd3232u.o    romdata   0x0049a5    program   0x000000
       .romdata_fxm3232.o    romdata   0x0049a5    program   0x000000
         .romdata_c018i.o    romdata   0x0049a5    program   0x000000
        .romdata___init.o    romdata   0x0049a5    program   0x000000
           .romdata_adc.o    romdata   0x0049a5    program   0x000000
           .romdata_lcd.o    romdata   0x0049a5    program   0x000000
          .romdata_main.o    romdata   0x0049a5    program   0x000000
         .romdata_timer.o    romdata   0x0049a5    program   0x000000
          .idata_uart.o_i    romdata   0x0049a5    program   0x000000
          .romdata_uart.o    romdata   0x0049a5    program   0x000000
              .code_i2c.o       code   0x0049a6    program   0x000240
        .code_interrupt.o       code   0x004be6    program   0x0001d0
                     PROG       code   0x004db6    program   0x000142
            .code_clock.o       code   0x004ef8    program   0x0000d2
               _cinit_scn       code   0x004fca    program   0x00009e
              .code_adc.o       code   0x005068    program   0x00008c
          .code_fxm3232.o       code   0x0050f4    program   0x000070
         .code_fxd3232u.o       code   0x005164    program   0x000048
         .code_fxd2424u.o       code   0x0051ac    program   0x00003a
         .code_fxd1616u.o       code   0x0051e6    program   0x00002c
                    .code       code   0x005212    program   0x000020
             _startup_scn       code   0x005232    program   0x00001c
         .code_fxd0808u.o       code   0x00524e    program   0x00001c
         .idata_timer.o_i    romdata   0x00526a    program   0x000020
          .idata_main.o_i    romdata   0x00528a    program   0x000010
           .idata_lcd.o_i    romdata   0x00529a    program   0x000061
        .idata_global.o_i    romdata   0x0052fb    program   0x00007a
         .idata_clock.o_i    romdata   0x005375    program   0x000007
        .idata_button.o_i    romdata   0x00537c    program   0x000028
    .config_300001_main.o    romdata   0x300001    program   0x000001
    .config_300002_main.o    romdata   0x300002    program   0x000001
    .config_300003_main.o    romdata   0x300003    program   0x000001
    .config_300005_main.o    romdata   0x300005    program   0x000001
    .config_300006_main.o    romdata   0x300006    program   0x000001
    .config_300008_main.o    romdata   0x300008    program   0x000001
    .config_300009_main.o    romdata   0x300009    program   0x000001
    .config_30000a_main.o    romdata   0x30000a    program   0x000001
    .config_30000b_main.o    romdata   0x30000b    program   0x000001
    .config_30000c_main.o    romdata   0x30000c    program   0x000001
    .config_30000d_main.o    romdata   0x30000d    program   0x000001
                MATH_DATA      udata   0x000000       data   0x000010
                 .tmpdata      udata   0x000010       data   0x000010
          .idata_global.o      idata   0x000080       data   0x00007a
       .idata_interrupt.o      idata   0x0000fa       data   0x000004
             .idata_i2c.o      idata   0x0000fe       data   0x000001
             .udata_i2c.o      udata   0x0000ff       data   0x000000
         .udata_display.o      udata   0x0000ff       data   0x000000
         .idata_display.o      idata   0x0000ff       data   0x000000
           .udata_clock.o      udata   0x0000ff       data   0x000000
        .udata_fxd0808u.o      udata   0x0000ff       data   0x000000
        .idata_fxd0808u.o      idata   0x0000ff       data   0x000000
        .udata_fxd1616u.o      udata   0x0000ff       data   0x000000
        .idata_fxd1616u.o      idata   0x0000ff       data   0x000000
        .udata_fxd2424u.o      udata   0x0000ff       data   0x000000
        .idata_fxd2424u.o      idata   0x0000ff       data   0x000000
        .udata_fxd3232u.o      udata   0x0000ff       data   0x000000
        .idata_fxd3232u.o      idata   0x0000ff       data   0x000000
         .udata_fxm3232.o      udata   0x0000ff       data   0x000000
         .idata_fxm3232.o      idata   0x0000ff       data   0x000000
          .udata___init.o      udata   0x0000ff       data   0x000000
          .idata___init.o      idata   0x0000ff       data   0x000000
             .idata_fsm.o      idata   0x0000ff       data   0x000000
             .udata_fsm.o      udata   0x0000ff       data   0x000000
             .idata_adc.o      idata   0x0000ff       data   0x000000
           .idata_c018i.o      idata   0x0000ff       data   0x000000
          .udata_button.o      udata   0x0000ff       data   0x000000
            .udata_main.o      udata   0x0000ff       data   0x000000
            .idata_uart.o      idata   0x0000ff       data   0x000000
           .udata_timer.o      udata   0x0000ff       data   0x000000
       .udata_interrupt.o      udata   0x0000ff       data   0x000000
          .udata_global.o      udata   0x000100       data   0x0000be
          .idata_button.o      idata   0x0001be       data   0x000028
             .udata_adc.o      udata   0x0001e6       data   0x00001a
           .idata_timer.o      idata   0x000200       data   0x000020
           .idata_clock.o      idata   0x000220       data   0x000007
                   .stack      udata   0x000e00       data   0x000100
             .idata_lcd.o      idata   0x000f00       data   0x000061
            .idata_main.o      idata   0x000f61       data   0x000010
           .udata_c018i.o      udata   0x000f71       data   0x00000a
             .udata_lcd.o      udata   0x000f7b       data   0x000004
            .udata_uart.o      udata   0x000f7f       data   0x000001
            SFR_UNBANKED0      udata   0x000f80       data   0x000080



                              Program Memory Usage 
                               Start         End      
                           ---------   ---------      
                            0x000000    0x000011      
                            0x000018    0x0053a3      
                            0x300001    0x300003      
                            0x300005    0x300006      
                            0x300008    0x30000d      
            21417 out of 66584 program addresses used, program memory utilization is 32%



                              Symbols - Sorted by Name
                     Name    Address   Location    Storage File                     
                ---------  ---------  ---------  --------- ---------                
                  BCD2Dec   0x0049a6    program     extern E:\TKLL\Bai9_Uart_EMS_Sensor_Calib\LOGIC-DESGIN-PROJECT\button_matrix\i2c.c
                CalibTemp   0x003068    program     extern E:\TKLL\Bai9_Uart_EMS_Sensor_Calib\LOGIC-DESGIN-PROJECT\main.c
              CloseOutput   0x002a96    program     extern E:\TKLL\Bai9_Uart_EMS_Sensor_Calib\LOGIC-DESGIN-PROJECT\main.c
                   D0808S   0x004dcc    program     static E:\3.46\pic18-lt\cxx-framework\src\traditional\math\fxd0808s.asm
                D0808SNEG   0x004dda    program     static E:\3.46\pic18-lt\cxx-framework\src\traditional\math\fxd0808s.asm
                 D0808SOK   0x004dd6    program     static E:\3.46\pic18-lt\cxx-framework\src\traditional\math\fxd0808s.asm
                  D0808SX   0x004de0    program     static E:\3.46\pic18-lt\cxx-framework\src\traditional\math\fxd0808s.asm
                   D1616S   0x004e0c    program     static E:\3.46\pic18-lt\cxx-framework\src\traditional\math\fxd1616s.asm
                D1616SNEG   0x004e1a    program     static E:\3.46\pic18-lt\cxx-framework\src\traditional\math\fxd1616s.asm
                 D1616SOK   0x004e16    program     static E:\3.46\pic18-lt\cxx-framework\src\traditional\math\fxd1616s.asm
                  D1616SX   0x004e2c    program     static E:\3.46\pic18-lt\cxx-framework\src\traditional\math\fxd1616s.asm
                   D2424S   0x004e60    program     static E:\3.46\pic18-lt\cxx-framework\src\traditional\math\fxd2424s.asm
                D2424SNEG   0x004e6e    program     static E:\3.46\pic18-lt\cxx-framework\src\traditional\math\fxd2424s.asm
                 D2424SOK   0x004e6a    program     static E:\3.46\pic18-lt\cxx-framework\src\traditional\math\fxd2424s.asm
                  D2424SX   0x004e86    program     static E:\3.46\pic18-lt\cxx-framework\src\traditional\math\fxd2424s.asm
                   D3232S   0x004ec0    program     static E:\3.46\pic18-lt\cxx-framework\src\traditional\math\fxd3232s.asm
                D3232SNEG   0x004ece    program     static E:\3.46\pic18-lt\cxx-framework\src\traditional\math\fxd3232s.asm
                 D3232SOK   0x004eca    program     static E:\3.46\pic18-lt\cxx-framework\src\traditional\math\fxd3232s.asm
                  D3232SX   0x004eee    program     static E:\3.46\pic18-lt\cxx-framework\src\traditional\math\fxd3232s.asm
                  DA0808S   0x004dc2    program     static E:\3.46\pic18-lt\cxx-framework\src\traditional\math\fxd0808s.asm
                  DA1616S   0x004dfc    program     static E:\3.46\pic18-lt\cxx-framework\src\traditional\math\fxd1616s.asm
                  DA2424S   0x004e4c    program     static E:\3.46\pic18-lt\cxx-framework\src\traditional\math\fxd2424s.asm
                  DA3232S   0x004eaa    program     static E:\3.46\pic18-lt\cxx-framework\src\traditional\math\fxd3232s.asm
                  Dec2BCD   0x0049e4    program     extern E:\TKLL\Bai9_Uart_EMS_Sensor_Calib\LOGIC-DESGIN-PROJECT\button_matrix\i2c.c
         DisplayLcdScreen   0x00212e    program     extern E:\TKLL\Bai9_Uart_EMS_Sensor_Calib\LOGIC-DESGIN-PROJECT\lcd\lcd.c
        DisplayLcdScreen2   0x002226    program     extern E:\TKLL\Bai9_Uart_EMS_Sensor_Calib\LOGIC-DESGIN-PROJECT\lcd\lcd.c
      DisplayLcdScreenOld   0x0022ac    program     extern E:\TKLL\Bai9_Uart_EMS_Sensor_Calib\LOGIC-DESGIN-PROJECT\lcd\lcd.c
                 FXD0808S   0x004db6    program     extern E:\3.46\pic18-lt\cxx-framework\src\traditional\math\fxd0808s.asm
                 FXD0808U   0x00524e    program     extern E:\3.46\pic18-lt\cxx-framework\src\traditional\math\fxd0808u.c
                 FXD1616S   0x004dea    program     extern E:\3.46\pic18-lt\cxx-framework\src\traditional\math\fxd1616s.asm
                 FXD1616U   0x0051e6    program     extern E:\3.46\pic18-lt\cxx-framework\src\traditional\math\fxd1616u.c
                 FXD2424S   0x004e36    program     extern E:\3.46\pic18-lt\cxx-framework\src\traditional\math\fxd2424s.asm
                 FXD2424U   0x0051ac    program     extern E:\3.46\pic18-lt\cxx-framework\src\traditional\math\fxd2424u.c
                 FXD3232S   0x004e90    program     extern E:\3.46\pic18-lt\cxx-framework\src\traditional\math\fxd3232s.asm
                 FXD3232U   0x005164    program     extern E:\3.46\pic18-lt\cxx-framework\src\traditional\math\fxd3232u.c
                  FXM3232   0x0050f4    program     extern E:\3.46\pic18-lt\cxx-framework\src\traditional\math\fxm3232.c
                GetSensor   0x002bfe    program     extern E:\TKLL\Bai9_Uart_EMS_Sensor_Calib\LOGIC-DESGIN-PROJECT\main.c
      InterruptVectorHigh   0x000008    program     extern E:\TKLL\Bai9_Uart_EMS_Sensor_Calib\LOGIC-DESGIN-PROJECT\interrupt\interrupt.c
       InterruptVectorLow   0x000018    program     extern E:\TKLL\Bai9_Uart_EMS_Sensor_Calib\LOGIC-DESGIN-PROJECT\interrupt\interrupt.c
                LcdClearS   0x0020d0    program     extern E:\TKLL\Bai9_Uart_EMS_Sensor_Calib\LOGIC-DESGIN-PROJECT\lcd\lcd.c
            LcdPrintCharS   0x002316    program     extern E:\TKLL\Bai9_Uart_EMS_Sensor_Calib\LOGIC-DESGIN-PROJECT\lcd\lcd.c
              LcdPrintNum   0x00200e    program     extern E:\TKLL\Bai9_Uart_EMS_Sensor_Calib\LOGIC-DESGIN-PROJECT\lcd\lcd.c
      LcdPrintNumPercentS   0x002610    program     extern E:\TKLL\Bai9_Uart_EMS_Sensor_Calib\LOGIC-DESGIN-PROJECT\lcd\lcd.c
             LcdPrintNumS   0x00236c    program     extern E:\TKLL\Bai9_Uart_EMS_Sensor_Calib\LOGIC-DESGIN-PROJECT\lcd\lcd.c
           LcdPrintString   0x002056    program     extern E:\TKLL\Bai9_Uart_EMS_Sensor_Calib\LOGIC-DESGIN-PROJECT\lcd\lcd.c
          LcdPrintStringS   0x0025ba    program     extern E:\TKLL\Bai9_Uart_EMS_Sensor_Calib\LOGIC-DESGIN-PROJECT\lcd\lcd.c
               OpenOutput   0x002a46    program     extern E:\TKLL\Bai9_Uart_EMS_Sensor_Calib\LOGIC-DESGIN-PROJECT\main.c
                Read_time   0x004f68    program     extern E:\TKLL\Bai9_Uart_EMS_Sensor_Calib\LOGIC-DESGIN-PROJECT\button_matrix\clock.c
            ReverseOutput   0x002ae6    program     extern E:\TKLL\Bai9_Uart_EMS_Sensor_Calib\LOGIC-DESGIN-PROJECT\main.c
                  SetHour   0x000b98    program     extern E:\TKLL\Bai9_Uart_EMS_Sensor_Calib\LOGIC-DESGIN-PROJECT\button_matrix\display.c
             SetTimer0_ms   0x004102    program     extern E:\TKLL\Bai9_Uart_EMS_Sensor_Calib\LOGIC-DESGIN-PROJECT\timer\timer.c
             SetTimer1_ms   0x004126    program     extern E:\TKLL\Bai9_Uart_EMS_Sensor_Calib\LOGIC-DESGIN-PROJECT\timer\timer.c
             SetTimer3_ms   0x004164    program     extern E:\TKLL\Bai9_Uart_EMS_Sensor_Calib\LOGIC-DESGIN-PROJECT\timer\timer.c
                 Set_Time   0x004ef8    program     extern E:\TKLL\Bai9_Uart_EMS_Sensor_Calib\LOGIC-DESGIN-PROJECT\button_matrix\clock.c
       SimulateFull_Gimat   0x002dd8    program     extern E:\TKLL\Bai9_Uart_EMS_Sensor_Calib\LOGIC-DESGIN-PROJECT\main.c
               TestOutput   0x002b62    program     extern E:\TKLL\Bai9_Uart_EMS_Sensor_Calib\LOGIC-DESGIN-PROJECT\main.c
              UartSendNum   0x00391a    program     extern E:\TKLL\Bai9_Uart_EMS_Sensor_Calib\LOGIC-DESGIN-PROJECT\uart\uart.c
       UartSendNumPercent   0x003b50    program     extern E:\TKLL\Bai9_Uart_EMS_Sensor_Calib\LOGIC-DESGIN-PROJECT\uart\uart.c
           UartSendString   0x0037ec    program     extern E:\TKLL\Bai9_Uart_EMS_Sensor_Calib\LOGIC-DESGIN-PROJECT\uart\uart.c
       ___return_lbl00000   0x005162    program     static                          
       ___return_lbl00000   0x000004    program     static                          
       ___return_lbl00000   0x0051aa    program     static                          
       ___return_lbl00000   0x005268    program     static                          
       ___return_lbl00000   0x005210    program     static                          
       ___return_lbl00000   0x0051e4    program     static                          
       ___return_lbl00001   0x00524c    program     static                          
       ___return_lbl00002   0x00001c    program     static                          
       ___return_lbl00002   0x005066    program     static                          
       ___return_lbl00003   0x00000c    program     static                          
               __config_0   0x300001    program     static E:\TKLL\Bai9_Uart_EMS_Sensor_Calib\LOGIC-DESGIN-PROJECT\main.c
               __config_1   0x300002    program     static E:\TKLL\Bai9_Uart_EMS_Sensor_Calib\LOGIC-DESGIN-PROJECT\main.c
              __config_10   0x30000d    program     static E:\TKLL\Bai9_Uart_EMS_Sensor_Calib\LOGIC-DESGIN-PROJECT\main.c
               __config_2   0x300003    program     static E:\TKLL\Bai9_Uart_EMS_Sensor_Calib\LOGIC-DESGIN-PROJECT\main.c
               __config_3   0x300005    program     static E:\TKLL\Bai9_Uart_EMS_Sensor_Calib\LOGIC-DESGIN-PROJECT\main.c
               __config_4   0x300006    program     static E:\TKLL\Bai9_Uart_EMS_Sensor_Calib\LOGIC-DESGIN-PROJECT\main.c
               __config_5   0x300008    program     static E:\TKLL\Bai9_Uart_EMS_Sensor_Calib\LOGIC-DESGIN-PROJECT\main.c
               __config_6   0x300009    program     static E:\TKLL\Bai9_Uart_EMS_Sensor_Calib\LOGIC-DESGIN-PROJECT\main.c
               __config_7   0x30000a    program     static E:\TKLL\Bai9_Uart_EMS_Sensor_Calib\LOGIC-DESGIN-PROJECT\main.c
               __config_8   0x30000b    program     static E:\TKLL\Bai9_Uart_EMS_Sensor_Calib\LOGIC-DESGIN-PROJECT\main.c
               __config_9   0x30000c    program     static E:\TKLL\Bai9_Uart_EMS_Sensor_Calib\LOGIC-DESGIN-PROJECT\main.c
                   __init   0x000006    program     extern E:\3.46\pic18-lt\cxx-framework\src\traditional\stdclib\__init.c
               __string_0   0x004626    program     static E:\TKLL\Bai9_Uart_EMS_Sensor_Calib\LOGIC-DESGIN-PROJECT\lcd\lcd.c
               __string_0   0x0046a1    program     static E:\TKLL\Bai9_Uart_EMS_Sensor_Calib\LOGIC-DESGIN-PROJECT\button_matrix\fsm.c
               __string_0   0x004628    program     static E:\TKLL\Bai9_Uart_EMS_Sensor_Calib\LOGIC-DESGIN-PROJECT\uart\uart.c
               __string_0   0x004678    program     static E:\TKLL\Bai9_Uart_EMS_Sensor_Calib\LOGIC-DESGIN-PROJECT\main.c
               __string_0   0x0049a1    program     static E:\TKLL\Bai9_Uart_EMS_Sensor_Calib\LOGIC-DESGIN-PROJECT\button_matrix\display.c
               __string_1   0x004691    program     static E:\TKLL\Bai9_Uart_EMS_Sensor_Calib\LOGIC-DESGIN-PROJECT\button_matrix\fsm.c
               __string_1   0x00466f    program     static E:\TKLL\Bai9_Uart_EMS_Sensor_Calib\LOGIC-DESGIN-PROJECT\main.c
               __string_1   0x00499d    program     static E:\TKLL\Bai9_Uart_EMS_Sensor_Calib\LOGIC-DESGIN-PROJECT\button_matrix\display.c
              __string_10   0x00497b    program     static E:\TKLL\Bai9_Uart_EMS_Sensor_Calib\LOGIC-DESGIN-PROJECT\button_matrix\display.c
              __string_11   0x004977    program     static E:\TKLL\Bai9_Uart_EMS_Sensor_Calib\LOGIC-DESGIN-PROJECT\button_matrix\display.c
              __string_12   0x004973    program     static E:\TKLL\Bai9_Uart_EMS_Sensor_Calib\LOGIC-DESGIN-PROJECT\button_matrix\display.c
              __string_13   0x00496f    program     static E:\TKLL\Bai9_Uart_EMS_Sensor_Calib\LOGIC-DESGIN-PROJECT\button_matrix\display.c
              __string_14   0x00496b    program     static E:\TKLL\Bai9_Uart_EMS_Sensor_Calib\LOGIC-DESGIN-PROJECT\button_matrix\display.c
              __string_15   0x004967    program     static E:\TKLL\Bai9_Uart_EMS_Sensor_Calib\LOGIC-DESGIN-PROJECT\button_matrix\display.c
              __string_16   0x004963    program     static E:\TKLL\Bai9_Uart_EMS_Sensor_Calib\LOGIC-DESGIN-PROJECT\button_matrix\display.c
              __string_17   0x00495f    program     static E:\TKLL\Bai9_Uart_EMS_Sensor_Calib\LOGIC-DESGIN-PROJECT\button_matrix\display.c
              __string_18   0x00495b    program     static E:\TKLL\Bai9_Uart_EMS_Sensor_Calib\LOGIC-DESGIN-PROJECT\button_matrix\display.c
              __string_19   0x004957    program     static E:\TKLL\Bai9_Uart_EMS_Sensor_Calib\LOGIC-DESGIN-PROJECT\button_matrix\display.c
               __string_2   0x004663    program     static E:\TKLL\Bai9_Uart_EMS_Sensor_Calib\LOGIC-DESGIN-PROJECT\main.c
               __string_2   0x004999    program     static E:\TKLL\Bai9_Uart_EMS_Sensor_Calib\LOGIC-DESGIN-PROJECT\button_matrix\display.c
              __string_20   0x004953    program     static E:\TKLL\Bai9_Uart_EMS_Sensor_Calib\LOGIC-DESGIN-PROJECT\button_matrix\display.c
              __string_21   0x004951    program     static E:\TKLL\Bai9_Uart_EMS_Sensor_Calib\LOGIC-DESGIN-PROJECT\button_matrix\display.c
              __string_22   0x004942    program     static E:\TKLL\Bai9_Uart_EMS_Sensor_Calib\LOGIC-DESGIN-PROJECT\button_matrix\display.c
              __string_23   0x004933    program     static E:\TKLL\Bai9_Uart_EMS_Sensor_Calib\LOGIC-DESGIN-PROJECT\button_matrix\display.c
              __string_24   0x004923    program     static E:\TKLL\Bai9_Uart_EMS_Sensor_Calib\LOGIC-DESGIN-PROJECT\button_matrix\display.c
              __string_25   0x004914    program     static E:\TKLL\Bai9_Uart_EMS_Sensor_Calib\LOGIC-DESGIN-PROJECT\button_matrix\display.c
              __string_26   0x004905    program     static E:\TKLL\Bai9_Uart_EMS_Sensor_Calib\LOGIC-DESGIN-PROJECT\button_matrix\display.c
              __string_27   0x0048fa    program     static E:\TKLL\Bai9_Uart_EMS_Sensor_Calib\LOGIC-DESGIN-PROJECT\button_matrix\display.c
              __string_28   0x0048eb    program     static E:\TKLL\Bai9_Uart_EMS_Sensor_Calib\LOGIC-DESGIN-PROJECT\button_matrix\display.c
              __string_29   0x0048de    program     static E:\TKLL\Bai9_Uart_EMS_Sensor_Calib\LOGIC-DESGIN-PROJECT\button_matrix\display.c
               __string_3   0x004995    program     static E:\TKLL\Bai9_Uart_EMS_Sensor_Calib\LOGIC-DESGIN-PROJECT\button_matrix\display.c
               __string_3   0x004657    program     static E:\TKLL\Bai9_Uart_EMS_Sensor_Calib\LOGIC-DESGIN-PROJECT\main.c
              __string_30   0x0048ce    program     static E:\TKLL\Bai9_Uart_EMS_Sensor_Calib\LOGIC-DESGIN-PROJECT\button_matrix\display.c
              __string_31   0x0048c1    program     static E:\TKLL\Bai9_Uart_EMS_Sensor_Calib\LOGIC-DESGIN-PROJECT\button_matrix\display.c
              __string_32   0x0048b3    program     static E:\TKLL\Bai9_Uart_EMS_Sensor_Calib\LOGIC-DESGIN-PROJECT\button_matrix\display.c
              __string_33   0x0048a5    program     static E:\TKLL\Bai9_Uart_EMS_Sensor_Calib\LOGIC-DESGIN-PROJECT\button_matrix\display.c
              __string_34   0x004897    program     static E:\TKLL\Bai9_Uart_EMS_Sensor_Calib\LOGIC-DESGIN-PROJECT\button_matrix\display.c
              __string_35   0x004889    program     static E:\TKLL\Bai9_Uart_EMS_Sensor_Calib\LOGIC-DESGIN-PROJECT\button_matrix\display.c
              __string_36   0x00487c    program     static E:\TKLL\Bai9_Uart_EMS_Sensor_Calib\LOGIC-DESGIN-PROJECT\button_matrix\display.c
              __string_37   0x00486f    program     static E:\TKLL\Bai9_Uart_EMS_Sensor_Calib\LOGIC-DESGIN-PROJECT\button_matrix\display.c
              __string_38   0x004862    program     static E:\TKLL\Bai9_Uart_EMS_Sensor_Calib\LOGIC-DESGIN-PROJECT\button_matrix\display.c
              __string_39   0x004855    program     static E:\TKLL\Bai9_Uart_EMS_Sensor_Calib\LOGIC-DESGIN-PROJECT\button_matrix\display.c
               __string_4   0x004991    program     static E:\TKLL\Bai9_Uart_EMS_Sensor_Calib\LOGIC-DESGIN-PROJECT\button_matrix\display.c
               __string_4   0x00464e    program     static E:\TKLL\Bai9_Uart_EMS_Sensor_Calib\LOGIC-DESGIN-PROJECT\main.c
              __string_40   0x004847    program     static E:\TKLL\Bai9_Uart_EMS_Sensor_Calib\LOGIC-DESGIN-PROJECT\button_matrix\display.c
              __string_41   0x004839    program     static E:\TKLL\Bai9_Uart_EMS_Sensor_Calib\LOGIC-DESGIN-PROJECT\button_matrix\display.c
              __string_42   0x00482b    program     static E:\TKLL\Bai9_Uart_EMS_Sensor_Calib\LOGIC-DESGIN-PROJECT\button_matrix\display.c
              __string_43   0x00481d    program     static E:\TKLL\Bai9_Uart_EMS_Sensor_Calib\LOGIC-DESGIN-PROJECT\button_matrix\display.c
              __string_44   0x00480e    program     static E:\TKLL\Bai9_Uart_EMS_Sensor_Calib\LOGIC-DESGIN-PROJECT\button_matrix\display.c
              __string_45   0x0047fd    program     static E:\TKLL\Bai9_Uart_EMS_Sensor_Calib\LOGIC-DESGIN-PROJECT\button_matrix\display.c
              __string_46   0x0047ec    program     static E:\TKLL\Bai9_Uart_EMS_Sensor_Calib\LOGIC-DESGIN-PROJECT\button_matrix\display.c
              __string_47   0x0047de    program     static E:\TKLL\Bai9_Uart_EMS_Sensor_Calib\LOGIC-DESGIN-PROJECT\button_matrix\display.c
              __string_48   0x0047d0    program     static E:\TKLL\Bai9_Uart_EMS_Sensor_Calib\LOGIC-DESGIN-PROJECT\button_matrix\display.c
              __string_49   0x0047c2    program     static E:\TKLL\Bai9_Uart_EMS_Sensor_Calib\LOGIC-DESGIN-PROJECT\button_matrix\display.c
               __string_5   0x004642    program     static E:\TKLL\Bai9_Uart_EMS_Sensor_Calib\LOGIC-DESGIN-PROJECT\main.c
               __string_5   0x00498d    program     static E:\TKLL\Bai9_Uart_EMS_Sensor_Calib\LOGIC-DESGIN-PROJECT\button_matrix\display.c
              __string_50   0x0047b4    program     static E:\TKLL\Bai9_Uart_EMS_Sensor_Calib\LOGIC-DESGIN-PROJECT\button_matrix\display.c
              __string_51   0x0047a7    program     static E:\TKLL\Bai9_Uart_EMS_Sensor_Calib\LOGIC-DESGIN-PROJECT\button_matrix\display.c
              __string_52   0x00479a    program     static E:\TKLL\Bai9_Uart_EMS_Sensor_Calib\LOGIC-DESGIN-PROJECT\button_matrix\display.c
              __string_53   0x00478d    program     static E:\TKLL\Bai9_Uart_EMS_Sensor_Calib\LOGIC-DESGIN-PROJECT\button_matrix\display.c
              __string_54   0x004780    program     static E:\TKLL\Bai9_Uart_EMS_Sensor_Calib\LOGIC-DESGIN-PROJECT\button_matrix\display.c
              __string_55   0x004772    program     static E:\TKLL\Bai9_Uart_EMS_Sensor_Calib\LOGIC-DESGIN-PROJECT\button_matrix\display.c
              __string_56   0x004764    program     static E:\TKLL\Bai9_Uart_EMS_Sensor_Calib\LOGIC-DESGIN-PROJECT\button_matrix\display.c
              __string_57   0x004756    program     static E:\TKLL\Bai9_Uart_EMS_Sensor_Calib\LOGIC-DESGIN-PROJECT\button_matrix\display.c
              __string_58   0x004748    program     static E:\TKLL\Bai9_Uart_EMS_Sensor_Calib\LOGIC-DESGIN-PROJECT\button_matrix\display.c
              __string_59   0x004739    program     static E:\TKLL\Bai9_Uart_EMS_Sensor_Calib\LOGIC-DESGIN-PROJECT\button_matrix\display.c
               __string_6   0x004635    program     static E:\TKLL\Bai9_Uart_EMS_Sensor_Calib\LOGIC-DESGIN-PROJECT\main.c
               __string_6   0x004989    program     static E:\TKLL\Bai9_Uart_EMS_Sensor_Calib\LOGIC-DESGIN-PROJECT\button_matrix\display.c
              __string_60   0x004731    program     static E:\TKLL\Bai9_Uart_EMS_Sensor_Calib\LOGIC-DESGIN-PROJECT\button_matrix\display.c
              __string_61   0x004729    program     static E:\TKLL\Bai9_Uart_EMS_Sensor_Calib\LOGIC-DESGIN-PROJECT\button_matrix\display.c
              __string_62   0x004723    program     static E:\TKLL\Bai9_Uart_EMS_Sensor_Calib\LOGIC-DESGIN-PROJECT\button_matrix\display.c
              __string_63   0x00471b    program     static E:\TKLL\Bai9_Uart_EMS_Sensor_Calib\LOGIC-DESGIN-PROJECT\button_matrix\display.c
              __string_64   0x004714    program     static E:\TKLL\Bai9_Uart_EMS_Sensor_Calib\LOGIC-DESGIN-PROJECT\button_matrix\display.c
              __string_65   0x00470b    program     static E:\TKLL\Bai9_Uart_EMS_Sensor_Calib\LOGIC-DESGIN-PROJECT\button_matrix\display.c
              __string_66   0x004705    program     static E:\TKLL\Bai9_Uart_EMS_Sensor_Calib\LOGIC-DESGIN-PROJECT\button_matrix\display.c
              __string_67   0x0046fd    program     static E:\TKLL\Bai9_Uart_EMS_Sensor_Calib\LOGIC-DESGIN-PROJECT\button_matrix\display.c
              __string_68   0x0046f6    program     static E:\TKLL\Bai9_Uart_EMS_Sensor_Calib\LOGIC-DESGIN-PROJECT\button_matrix\display.c
              __string_69   0x0046ed    program     static E:\TKLL\Bai9_Uart_EMS_Sensor_Calib\LOGIC-DESGIN-PROJECT\button_matrix\display.c
               __string_7   0x004985    program     static E:\TKLL\Bai9_Uart_EMS_Sensor_Calib\LOGIC-DESGIN-PROJECT\button_matrix\display.c
               __string_7   0x00462c    program     static E:\TKLL\Bai9_Uart_EMS_Sensor_Calib\LOGIC-DESGIN-PROJECT\main.c
              __string_70   0x0046e6    program     static E:\TKLL\Bai9_Uart_EMS_Sensor_Calib\LOGIC-DESGIN-PROJECT\button_matrix\display.c
              __string_71   0x0046dd    program     static E:\TKLL\Bai9_Uart_EMS_Sensor_Calib\LOGIC-DESGIN-PROJECT\button_matrix\display.c
              __string_72   0x0046d6    program     static E:\TKLL\Bai9_Uart_EMS_Sensor_Calib\LOGIC-DESGIN-PROJECT\button_matrix\display.c
              __string_73   0x0046cd    program     static E:\TKLL\Bai9_Uart_EMS_Sensor_Calib\LOGIC-DESGIN-PROJECT\button_matrix\display.c
              __string_74   0x0046c3    program     static E:\TKLL\Bai9_Uart_EMS_Sensor_Calib\LOGIC-DESGIN-PROJECT\button_matrix\display.c
              __string_75   0x0046b4    program     static E:\TKLL\Bai9_Uart_EMS_Sensor_Calib\LOGIC-DESGIN-PROJECT\button_matrix\display.c
              __string_76   0x0046b2    program     static E:\TKLL\Bai9_Uart_EMS_Sensor_Calib\LOGIC-DESGIN-PROJECT\button_matrix\display.c
               __string_8   0x004983    program     static E:\TKLL\Bai9_Uart_EMS_Sensor_Calib\LOGIC-DESGIN-PROJECT\button_matrix\display.c
               __string_9   0x00497f    program     static E:\TKLL\Bai9_Uart_EMS_Sensor_Calib\LOGIC-DESGIN-PROJECT\button_matrix\display.c
            __zero_memory   0x005212    program     extern E:\3.46\pic18-lt\cxx-framework\src\traditional\proc\p18f4620.asm
                _do_cinit   0x004fca    program     extern E:\3.46\pic18-lt\cxx-framework\src\traditional\startup\c018i.c
                   _entry   0x000000    program     extern E:\3.46\pic18-lt\cxx-framework\src\traditional\startup\c018i.c
                   _false   0x0051a6    program     static                          
                   _false   0x0051e0    program     static                          
                 _startup   0x005232    program     extern E:\3.46\pic18-lt\cxx-framework\src\traditional\startup\c018i.c
               adjustTime   0x001142    program     extern E:\TKLL\Bai9_Uart_EMS_Sensor_Calib\LOGIC-DESGIN-PROJECT\button_matrix\display.c
          button_delay_ms   0x004478    program     extern E:\TKLL\Bai9_Uart_EMS_Sensor_Calib\LOGIC-DESGIN-PROJECT\button_matrix\button.c
                compare_l   0x005228    program     static E:\3.46\pic18-lt\cxx-framework\src\traditional\proc\p18f4620.asm
                copy_loop   0x00503c    program     static                          
            copy_one_byte   0x005042    program     static                          
                 decrease   0x00144a    program     extern E:\TKLL\Bai9_Uart_EMS_Sensor_Calib\LOGIC-DESGIN-PROJECT\button_matrix\display.c
                delay_i2c   0x004a40    program     extern E:\TKLL\Bai9_Uart_EMS_Sensor_Calib\LOGIC-DESGIN-PROJECT\button_matrix\i2c.c
                 delay_ms   0x00293a    program     extern E:\TKLL\Bai9_Uart_EMS_Sensor_Calib\LOGIC-DESGIN-PROJECT\main.c
            display_Alarm   0x001706    program     extern E:\TKLL\Bai9_Uart_EMS_Sensor_Calib\LOGIC-DESGIN-PROJECT\button_matrix\display.c
             display_Menu   0x0004d6    program     extern E:\TKLL\Bai9_Uart_EMS_Sensor_Calib\LOGIC-DESGIN-PROJECT\button_matrix\display.c
    display_Set_Threshold   0x00059c    program     extern E:\TKLL\Bai9_Uart_EMS_Sensor_Calib\LOGIC-DESGIN-PROJECT\button_matrix\display.c
    display_Setting_Alarm   0x001542    program     extern E:\TKLL\Bai9_Uart_EMS_Sensor_Calib\LOGIC-DESGIN-PROJECT\button_matrix\display.c
             display_Time   0x000080    program     extern E:\TKLL\Bai9_Uart_EMS_Sensor_Calib\LOGIC-DESGIN-PROJECT\button_matrix\display.c
          display_Warning   0x0008d2    program     extern E:\TKLL\Bai9_Uart_EMS_Sensor_Calib\LOGIC-DESGIN-PROJECT\button_matrix\display.c
        display_input_val   0x000864    program     extern E:\TKLL\Bai9_Uart_EMS_Sensor_Calib\LOGIC-DESGIN-PROJECT\button_matrix\display.c
          display_set_ADC   0x000700    program     extern E:\TKLL\Bai9_Uart_EMS_Sensor_Calib\LOGIC-DESGIN-PROJECT\button_matrix\display.c
                     done   0x005066    program     static                          
             done_copying   0x005050    program     static                          
                  endloop   0x00520c    program     static                          
                  endloop   0x005264    program     static                          
                      fsm   0x003086    program     extern E:\TKLL\Bai9_Uart_EMS_Sensor_Calib\LOGIC-DESGIN-PROJECT\button_matrix\fsm.c
            get_adc_value   0x005076    program     extern E:\TKLL\Bai9_Uart_EMS_Sensor_Calib\LOGIC-DESGIN-PROJECT\adc\adc.c
                 high_isr   0x004ce0    program     extern E:\TKLL\Bai9_Uart_EMS_Sensor_Calib\LOGIC-DESGIN-PROJECT\interrupt\interrupt.c
            i2c_read_byte   0x004af8    program     extern E:\TKLL\Bai9_Uart_EMS_Sensor_Calib\LOGIC-DESGIN-PROJECT\button_matrix\i2c.c
           i2c_start_cond   0x004a68    program     extern E:\TKLL\Bai9_Uart_EMS_Sensor_Calib\LOGIC-DESGIN-PROJECT\button_matrix\i2c.c
            i2c_stop_cond   0x004a7c    program     extern E:\TKLL\Bai9_Uart_EMS_Sensor_Calib\LOGIC-DESGIN-PROJECT\button_matrix\i2c.c
           i2c_write_byte   0x004a88    program     extern E:\TKLL\Bai9_Uart_EMS_Sensor_Calib\LOGIC-DESGIN-PROJECT\button_matrix\i2c.c
                 increase   0x00130c    program     extern E:\TKLL\Bai9_Uart_EMS_Sensor_Calib\LOGIC-DESGIN-PROJECT\button_matrix\display.c
                 init_adc   0x005068    program     extern E:\TKLL\Bai9_Uart_EMS_Sensor_Calib\LOGIC-DESGIN-PROJECT\adc\adc.c
            init_ext_int0   0x004bee    program     extern E:\TKLL\Bai9_Uart_EMS_Sensor_Calib\LOGIC-DESGIN-PROJECT\interrupt\interrupt.c
                 init_i2c   0x004a3a    program     extern E:\TKLL\Bai9_Uart_EMS_Sensor_Calib\LOGIC-DESGIN-PROJECT\button_matrix\i2c.c
           init_interrupt   0x004be6    program     extern E:\TKLL\Bai9_Uart_EMS_Sensor_Calib\LOGIC-DESGIN-PROJECT\interrupt\interrupt.c
          init_key_matrix   0x0041a2    program     extern E:\TKLL\Bai9_Uart_EMS_Sensor_Calib\LOGIC-DESGIN-PROJECT\button_matrix\button.c
init_key_matrix_with_uart   0x0041aa    program     extern E:\TKLL\Bai9_Uart_EMS_Sensor_Calib\LOGIC-DESGIN-PROJECT\button_matrix\button.c
                 init_lcd   0x001990    program     extern E:\TKLL\Bai9_Uart_EMS_Sensor_Calib\LOGIC-DESGIN-PROJECT\lcd\lcd.c
              init_system   0x0029c2    program     extern E:\TKLL\Bai9_Uart_EMS_Sensor_Calib\LOGIC-DESGIN-PROJECT\main.c
              init_timer0   0x003c86    program     extern E:\TKLL\Bai9_Uart_EMS_Sensor_Calib\LOGIC-DESGIN-PROJECT\timer\timer.c
              init_timer1   0x003dca    program     extern E:\TKLL\Bai9_Uart_EMS_Sensor_Calib\LOGIC-DESGIN-PROJECT\timer\timer.c
              init_timer2   0x003f14    program     extern E:\TKLL\Bai9_Uart_EMS_Sensor_Calib\LOGIC-DESGIN-PROJECT\timer\timer.c
              init_timer3   0x003f4c    program     extern E:\TKLL\Bai9_Uart_EMS_Sensor_Calib\LOGIC-DESGIN-PROJECT\timer\timer.c
                init_uart   0x0036ea    program     extern E:\TKLL\Bai9_Uart_EMS_Sensor_Calib\LOGIC-DESGIN-PROJECT\uart\uart.c
       isButtonSetTempMax   0x002bee    program     extern E:\TKLL\Bai9_Uart_EMS_Sensor_Calib\LOGIC-DESGIN-PROJECT\main.c
       isButtonSetTempMin   0x002bde    program     extern E:\TKLL\Bai9_Uart_EMS_Sensor_Calib\LOGIC-DESGIN-PROJECT\main.c
                lcd_clear   0x001ce2    program     extern E:\TKLL\Bai9_Uart_EMS_Sensor_Calib\LOGIC-DESGIN-PROJECT\lcd\lcd.c
                lcd_delay   0x0017f0    program     extern E:\TKLL\Bai9_Uart_EMS_Sensor_Calib\LOGIC-DESGIN-PROJECT\lcd\lcd.c
             lcd_power_of   0x001cf6    program     extern E:\TKLL\Bai9_Uart_EMS_Sensor_Calib\LOGIC-DESGIN-PROJECT\lcd\lcd.c
           lcd_print_char   0x001c4e    program     extern E:\TKLL\Bai9_Uart_EMS_Sensor_Calib\LOGIC-DESGIN-PROJECT\lcd\lcd.c
          lcd_print_charS   0x00208a    program     extern E:\TKLL\Bai9_Uart_EMS_Sensor_Calib\LOGIC-DESGIN-PROJECT\lcd\lcd.c
            lcd_print_num   0x001dd8    program     extern E:\TKLL\Bai9_Uart_EMS_Sensor_Calib\LOGIC-DESGIN-PROJECT\lcd\lcd.c
            lcd_print_str   0x001c68    program     extern E:\TKLL\Bai9_Uart_EMS_Sensor_Calib\LOGIC-DESGIN-PROJECT\lcd\lcd.c
              lcd_putchar   0x001c34    program     extern E:\TKLL\Bai9_Uart_EMS_Sensor_Calib\LOGIC-DESGIN-PROJECT\lcd\lcd.c
          lcd_read_status   0x001a9e    program     extern E:\TKLL\Bai9_Uart_EMS_Sensor_Calib\LOGIC-DESGIN-PROJECT\lcd\lcd.c
          lcd_sendCommand   0x001910    program     extern E:\TKLL\Bai9_Uart_EMS_Sensor_Calib\LOGIC-DESGIN-PROJECT\lcd\lcd.c
           lcd_set_cursor   0x001ca8    program     extern E:\TKLL\Bai9_Uart_EMS_Sensor_Calib\LOGIC-DESGIN-PROJECT\lcd\lcd.c
            lcd_wait_busy   0x001b54    program     extern E:\TKLL\Bai9_Uart_EMS_Sensor_Calib\LOGIC-DESGIN-PROJECT\lcd\lcd.c
          lcd_write_4bits   0x001b74    program     extern E:\TKLL\Bai9_Uart_EMS_Sensor_Calib\LOGIC-DESGIN-PROJECT\lcd\lcd.c
            lcd_write_cmd   0x001bba    program     extern E:\TKLL\Bai9_Uart_EMS_Sensor_Calib\LOGIC-DESGIN-PROJECT\lcd\lcd.c
           lcd_write_data   0x001bf6    program     extern E:\TKLL\Bai9_Uart_EMS_Sensor_Calib\LOGIC-DESGIN-PROJECT\lcd\lcd.c
                     loop   0x005242    program     static                          
                     loop   0x005172    program     static                          
                     loop   0x0051b8    program     static                          
                     loop   0x005256    program     static                          
                     loop   0x0051f0    program     static                          
                   loop_h   0x005220    program     static E:\3.46\pic18-lt\cxx-framework\src\traditional\proc\p18f4620.asm
                   loop_l   0x00522a    program     static E:\3.46\pic18-lt\cxx-framework\src\traditional\proc\p18f4620.asm
                  low_isr   0x004bf6    program     extern E:\TKLL\Bai9_Uart_EMS_Sensor_Calib\LOGIC-DESGIN-PROJECT\interrupt\interrupt.c
                     main   0x0028d8    program     extern E:\TKLL\Bai9_Uart_EMS_Sensor_Calib\LOGIC-DESGIN-PROJECT\main.c
              read_ds1307   0x004b9c    program     extern E:\TKLL\Bai9_Uart_EMS_Sensor_Calib\LOGIC-DESGIN-PROJECT\button_matrix\i2c.c
             read_sda_pin   0x004a62    program     extern E:\TKLL\Bai9_Uart_EMS_Sensor_Calib\LOGIC-DESGIN-PROJECT\button_matrix\i2c.c
          scan_key_matrix   0x0041b4    program     extern E:\TKLL\Bai9_Uart_EMS_Sensor_Calib\LOGIC-DESGIN-PROJECT\button_matrix\button.c
     scan_key_matrix_demo   0x004500    program     extern E:\TKLL\Bai9_Uart_EMS_Sensor_Calib\LOGIC-DESGIN-PROJECT\button_matrix\button.c
scan_key_matrix_with_uart   0x004312    program     extern E:\TKLL\Bai9_Uart_EMS_Sensor_Calib\LOGIC-DESGIN-PROJECT\button_matrix\button.c
                  setDate   0x000e5c    program     extern E:\TKLL\Bai9_Uart_EMS_Sensor_Calib\LOGIC-DESGIN-PROJECT\button_matrix\display.c
                   setDay   0x000d54    program     extern E:\TKLL\Bai9_Uart_EMS_Sensor_Calib\LOGIC-DESGIN-PROJECT\button_matrix\display.c
                setMinute   0x000c76    program     extern E:\TKLL\Bai9_Uart_EMS_Sensor_Calib\LOGIC-DESGIN-PROJECT\button_matrix\display.c
                 setMonth   0x000f50    program     extern E:\TKLL\Bai9_Uart_EMS_Sensor_Calib\LOGIC-DESGIN-PROJECT\button_matrix\display.c
                  setYear   0x001060    program     extern E:\TKLL\Bai9_Uart_EMS_Sensor_Calib\LOGIC-DESGIN-PROJECT\button_matrix\display.c
             start_timer0   0x003d3e    program     extern E:\TKLL\Bai9_Uart_EMS_Sensor_Calib\LOGIC-DESGIN-PROJECT\timer\timer.c
             start_timer1   0x003e84    program     extern E:\TKLL\Bai9_Uart_EMS_Sensor_Calib\LOGIC-DESGIN-PROJECT\timer\timer.c
             start_timer2   0x003f40    program     extern E:\TKLL\Bai9_Uart_EMS_Sensor_Calib\LOGIC-DESGIN-PROJECT\timer\timer.c
             start_timer3   0x004002    program     extern E:\TKLL\Bai9_Uart_EMS_Sensor_Calib\LOGIC-DESGIN-PROJECT\timer\timer.c
              stop_timer0   0x003d3a    program     extern E:\TKLL\Bai9_Uart_EMS_Sensor_Calib\LOGIC-DESGIN-PROJECT\timer\timer.c
              stop_timer1   0x003f10    program     extern E:\TKLL\Bai9_Uart_EMS_Sensor_Calib\LOGIC-DESGIN-PROJECT\timer\timer.c
              stop_timer2   0x003f48    program     extern E:\TKLL\Bai9_Uart_EMS_Sensor_Calib\LOGIC-DESGIN-PROJECT\timer\timer.c
              stop_timer3   0x00408e    program     extern E:\TKLL\Bai9_Uart_EMS_Sensor_Calib\LOGIC-DESGIN-PROJECT\timer\timer.c
                     test   0x004fe4    program     static                          
               timer0_isr   0x004092    program     extern E:\TKLL\Bai9_Uart_EMS_Sensor_Calib\LOGIC-DESGIN-PROJECT\timer\timer.c
               timer1_isr   0x0040ae    program     extern E:\TKLL\Bai9_Uart_EMS_Sensor_Calib\LOGIC-DESGIN-PROJECT\timer\timer.c
               timer2_isr   0x0040ca    program     extern E:\TKLL\Bai9_Uart_EMS_Sensor_Calib\LOGIC-DESGIN-PROJECT\timer\timer.c
               timer3_isr   0x0040e6    program     extern E:\TKLL\Bai9_Uart_EMS_Sensor_Calib\LOGIC-DESGIN-PROJECT\timer\timer.c
            uart_delay_ms   0x003708    program     extern E:\TKLL\Bai9_Uart_EMS_Sensor_Calib\LOGIC-DESGIN-PROJECT\uart\uart.c
                 uart_isr   0x003c28    program     extern E:\TKLL\Bai9_Uart_EMS_Sensor_Calib\LOGIC-DESGIN-PROJECT\uart\uart.c
            uart_power_of   0x003838    program     extern E:\TKLL\Bai9_Uart_EMS_Sensor_Calib\LOGIC-DESGIN-PROJECT\uart\uart.c
             uart_putchar   0x003790    program     extern E:\TKLL\Bai9_Uart_EMS_Sensor_Calib\LOGIC-DESGIN-PROJECT\uart\uart.c
            uart_send_str   0x0037ac    program     extern E:\TKLL\Bai9_Uart_EMS_Sensor_Calib\LOGIC-DESGIN-PROJECT\uart\uart.c
                 v_timer0   0x001880    program     extern E:\TKLL\Bai9_Uart_EMS_Sensor_Calib\LOGIC-DESGIN-PROJECT\lcd\lcd.c
             write_ds1307   0x004b66    program     extern E:\TKLL\Bai9_Uart_EMS_Sensor_Calib\LOGIC-DESGIN-PROJECT\button_matrix\i2c.c
               zero_block   0x005220    program     static E:\3.46\pic18-lt\cxx-framework\src\traditional\proc\p18f4620.asm
                   ADCON0   0x000fc2       data     extern E:\3.46\pic18-lt\cxx-framework\src\traditional\proc\p18f4620.asm
               ADCON0bits   0x000fc2       data     extern E:\3.46\pic18-lt\cxx-framework\src\traditional\proc\p18f4620.asm
                   ADCON1   0x000fc1       data     extern E:\3.46\pic18-lt\cxx-framework\src\traditional\proc\p18f4620.asm
               ADCON1bits   0x000fc1       data     extern E:\3.46\pic18-lt\cxx-framework\src\traditional\proc\p18f4620.asm
                   ADCON2   0x000fc0       data     extern E:\3.46\pic18-lt\cxx-framework\src\traditional\proc\p18f4620.asm
               ADCON2bits   0x000fc0       data     extern E:\3.46\pic18-lt\cxx-framework\src\traditional\proc\p18f4620.asm
                    ADRES   0x000fc3       data     extern E:\3.46\pic18-lt\cxx-framework\src\traditional\proc\p18f4620.asm
                   ADRESH   0x000fc4       data     extern E:\3.46\pic18-lt\cxx-framework\src\traditional\proc\p18f4620.asm
                   ADRESL   0x000fc3       data     extern E:\3.46\pic18-lt\cxx-framework\src\traditional\proc\p18f4620.asm
                  BAUDCON   0x000fb8       data     extern E:\3.46\pic18-lt\cxx-framework\src\traditional\proc\p18f4620.asm
              BAUDCONbits   0x000fb8       data     extern E:\3.46\pic18-lt\cxx-framework\src\traditional\proc\p18f4620.asm
                  BAUDCTL   0x000fb8       data     extern E:\3.46\pic18-lt\cxx-framework\src\traditional\proc\p18f4620.asm
              BAUDCTLbits   0x000fb8       data     extern E:\3.46\pic18-lt\cxx-framework\src\traditional\proc\p18f4620.asm
                      BSR   0x000fe0       data     extern E:\3.46\pic18-lt\cxx-framework\src\traditional\proc\p18f4620.asm
                  CCP1CON   0x000fbd       data     extern E:\3.46\pic18-lt\cxx-framework\src\traditional\proc\p18f4620.asm
              CCP1CONbits   0x000fbd       data     extern E:\3.46\pic18-lt\cxx-framework\src\traditional\proc\p18f4620.asm
                  CCP2CON   0x000fba       data     extern E:\3.46\pic18-lt\cxx-framework\src\traditional\proc\p18f4620.asm
              CCP2CONbits   0x000fba       data     extern E:\3.46\pic18-lt\cxx-framework\src\traditional\proc\p18f4620.asm
                    CCPR1   0x000fbe       data     extern E:\3.46\pic18-lt\cxx-framework\src\traditional\proc\p18f4620.asm
                   CCPR1H   0x000fbf       data     extern E:\3.46\pic18-lt\cxx-framework\src\traditional\proc\p18f4620.asm
                   CCPR1L   0x000fbe       data     extern E:\3.46\pic18-lt\cxx-framework\src\traditional\proc\p18f4620.asm
                    CCPR2   0x000fbb       data     extern E:\3.46\pic18-lt\cxx-framework\src\traditional\proc\p18f4620.asm
                   CCPR2H   0x000fbc       data     extern E:\3.46\pic18-lt\cxx-framework\src\traditional\proc\p18f4620.asm
                   CCPR2L   0x000fbb       data     extern E:\3.46\pic18-lt\cxx-framework\src\traditional\proc\p18f4620.asm
                    CMCON   0x000fb4       data     extern E:\3.46\pic18-lt\cxx-framework\src\traditional\proc\p18f4620.asm
                CMCONbits   0x000fb4       data     extern E:\3.46\pic18-lt\cxx-framework\src\traditional\proc\p18f4620.asm
                COD_value   0x00010a       data     extern E:\TKLL\Bai9_Uart_EMS_Sensor_Calib\LOGIC-DESGIN-PROJECT\button_matrix\global.c
            COD_value_max   0x0000c8       data     extern E:\TKLL\Bai9_Uart_EMS_Sensor_Calib\LOGIC-DESGIN-PROJECT\button_matrix\global.c
            COD_value_min   0x0000b2       data     extern E:\TKLL\Bai9_Uart_EMS_Sensor_Calib\LOGIC-DESGIN-PROJECT\button_matrix\global.c
                   CVRCON   0x000fb5       data     extern E:\3.46\pic18-lt\cxx-framework\src\traditional\proc\p18f4620.asm
               CVRCONbits   0x000fb5       data     extern E:\3.46\pic18-lt\cxx-framework\src\traditional\proc\p18f4620.asm
                     DDRA   0x000f92       data     extern E:\3.46\pic18-lt\cxx-framework\src\traditional\proc\p18f4620.asm
                 DDRAbits   0x000f92       data     extern E:\3.46\pic18-lt\cxx-framework\src\traditional\proc\p18f4620.asm
                     DDRB   0x000f93       data     extern E:\3.46\pic18-lt\cxx-framework\src\traditional\proc\p18f4620.asm
                 DDRBbits   0x000f93       data     extern E:\3.46\pic18-lt\cxx-framework\src\traditional\proc\p18f4620.asm
                     DDRC   0x000f94       data     extern E:\3.46\pic18-lt\cxx-framework\src\traditional\proc\p18f4620.asm
                 DDRCbits   0x000f94       data     extern E:\3.46\pic18-lt\cxx-framework\src\traditional\proc\p18f4620.asm
                     DDRD   0x000f95       data     extern E:\3.46\pic18-lt\cxx-framework\src\traditional\proc\p18f4620.asm
                 DDRDbits   0x000f95       data     extern E:\3.46\pic18-lt\cxx-framework\src\traditional\proc\p18f4620.asm
                     DDRE   0x000f96       data     extern E:\3.46\pic18-lt\cxx-framework\src\traditional\proc\p18f4620.asm
                 DDREbits   0x000f96       data     extern E:\3.46\pic18-lt\cxx-framework\src\traditional\proc\p18f4620.asm
                  ECCP1AS   0x000fb6       data     extern E:\3.46\pic18-lt\cxx-framework\src\traditional\proc\p18f4620.asm
              ECCP1ASbits   0x000fb6       data     extern E:\3.46\pic18-lt\cxx-framework\src\traditional\proc\p18f4620.asm
                    EEADR   0x000fa9       data     extern E:\3.46\pic18-lt\cxx-framework\src\traditional\proc\p18f4620.asm
                   EEADRH   0x000faa       data     extern E:\3.46\pic18-lt\cxx-framework\src\traditional\proc\p18f4620.asm
                   EECON1   0x000fa6       data     extern E:\3.46\pic18-lt\cxx-framework\src\traditional\proc\p18f4620.asm
               EECON1bits   0x000fa6       data     extern E:\3.46\pic18-lt\cxx-framework\src\traditional\proc\p18f4620.asm
                   EECON2   0x000fa7       data     extern E:\3.46\pic18-lt\cxx-framework\src\traditional\proc\p18f4620.asm
                   EEDATA   0x000fa8       data     extern E:\3.46\pic18-lt\cxx-framework\src\traditional\proc\p18f4620.asm
               FLOW_value   0x000112       data     extern E:\TKLL\Bai9_Uart_EMS_Sensor_Calib\LOGIC-DESGIN-PROJECT\button_matrix\global.c
           FLOW_value_max   0x0000ce       data     extern E:\TKLL\Bai9_Uart_EMS_Sensor_Calib\LOGIC-DESGIN-PROJECT\button_matrix\global.c
           FLOW_value_min   0x0000b8       data     extern E:\TKLL\Bai9_Uart_EMS_Sensor_Calib\LOGIC-DESGIN-PROJECT\button_matrix\global.c
                     FSR0   0x000fe9       data     extern E:\3.46\pic18-lt\cxx-framework\src\traditional\proc\p18f4620.asm
                    FSR0H   0x000fea       data     extern E:\3.46\pic18-lt\cxx-framework\src\traditional\proc\p18f4620.asm
                    FSR0L   0x000fe9       data     extern E:\3.46\pic18-lt\cxx-framework\src\traditional\proc\p18f4620.asm
                     FSR1   0x000fe1       data     extern E:\3.46\pic18-lt\cxx-framework\src\traditional\proc\p18f4620.asm
                    FSR1H   0x000fe2       data     extern E:\3.46\pic18-lt\cxx-framework\src\traditional\proc\p18f4620.asm
                    FSR1L   0x000fe1       data     extern E:\3.46\pic18-lt\cxx-framework\src\traditional\proc\p18f4620.asm
                     FSR2   0x000fd9       data     extern E:\3.46\pic18-lt\cxx-framework\src\traditional\proc\p18f4620.asm
                    FSR2H   0x000fda       data     extern E:\3.46\pic18-lt\cxx-framework\src\traditional\proc\p18f4620.asm
                    FSR2L   0x000fd9       data     extern E:\3.46\pic18-lt\cxx-framework\src\traditional\proc\p18f4620.asm
                  HLVDCON   0x000fd2       data     extern E:\3.46\pic18-lt\cxx-framework\src\traditional\proc\p18f4620.asm
              HLVDCONbits   0x000fd2       data     extern E:\3.46\pic18-lt\cxx-framework\src\traditional\proc\p18f4620.asm
                    INDF0   0x000fef       data     extern E:\3.46\pic18-lt\cxx-framework\src\traditional\proc\p18f4620.asm
                    INDF1   0x000fe7       data     extern E:\3.46\pic18-lt\cxx-framework\src\traditional\proc\p18f4620.asm
                    INDF2   0x000fdf       data     extern E:\3.46\pic18-lt\cxx-framework\src\traditional\proc\p18f4620.asm
                   INTCON   0x000ff2       data     extern E:\3.46\pic18-lt\cxx-framework\src\traditional\proc\p18f4620.asm
                  INTCON2   0x000ff1       data     extern E:\3.46\pic18-lt\cxx-framework\src\traditional\proc\p18f4620.asm
              INTCON2bits   0x000ff1       data     extern E:\3.46\pic18-lt\cxx-framework\src\traditional\proc\p18f4620.asm
                  INTCON3   0x000ff0       data     extern E:\3.46\pic18-lt\cxx-framework\src\traditional\proc\p18f4620.asm
              INTCON3bits   0x000ff0       data     extern E:\3.46\pic18-lt\cxx-framework\src\traditional\proc\p18f4620.asm
               INTCONbits   0x000ff2       data     extern E:\3.46\pic18-lt\cxx-framework\src\traditional\proc\p18f4620.asm
                     IPR1   0x000f9f       data     extern E:\3.46\pic18-lt\cxx-framework\src\traditional\proc\p18f4620.asm
                 IPR1bits   0x000f9f       data     extern E:\3.46\pic18-lt\cxx-framework\src\traditional\proc\p18f4620.asm
                     IPR2   0x000fa2       data     extern E:\3.46\pic18-lt\cxx-framework\src\traditional\proc\p18f4620.asm
                 IPR2bits   0x000fa2       data     extern E:\3.46\pic18-lt\cxx-framework\src\traditional\proc\p18f4620.asm
                     LATA   0x000f89       data     extern E:\3.46\pic18-lt\cxx-framework\src\traditional\proc\p18f4620.asm
                 LATAbits   0x000f89       data     extern E:\3.46\pic18-lt\cxx-framework\src\traditional\proc\p18f4620.asm
                     LATB   0x000f8a       data     extern E:\3.46\pic18-lt\cxx-framework\src\traditional\proc\p18f4620.asm
                 LATBbits   0x000f8a       data     extern E:\3.46\pic18-lt\cxx-framework\src\traditional\proc\p18f4620.asm
                     LATC   0x000f8b       data     extern E:\3.46\pic18-lt\cxx-framework\src\traditional\proc\p18f4620.asm
                 LATCbits   0x000f8b       data     extern E:\3.46\pic18-lt\cxx-framework\src\traditional\proc\p18f4620.asm
                     LATD   0x000f8c       data     extern E:\3.46\pic18-lt\cxx-framework\src\traditional\proc\p18f4620.asm
                 LATDbits   0x000f8c       data     extern E:\3.46\pic18-lt\cxx-framework\src\traditional\proc\p18f4620.asm
                     LATE   0x000f8d       data     extern E:\3.46\pic18-lt\cxx-framework\src\traditional\proc\p18f4620.asm
                 LATEbits   0x000f8d       data     extern E:\3.46\pic18-lt\cxx-framework\src\traditional\proc\p18f4620.asm
                   LVDCON   0x000fd2       data     extern E:\3.46\pic18-lt\cxx-framework\src\traditional\proc\p18f4620.asm
               LVDCONbits   0x000fd2       data     extern E:\3.46\pic18-lt\cxx-framework\src\traditional\proc\p18f4620.asm
                LcdScreen   0x000f41       data     extern E:\TKLL\Bai9_Uart_EMS_Sensor_Calib\LOGIC-DESGIN-PROJECT\lcd\lcd.c
                NH4_value   0x00010c       data     extern E:\TKLL\Bai9_Uart_EMS_Sensor_Calib\LOGIC-DESGIN-PROJECT\button_matrix\global.c
            NH4_value_max   0x0000ca       data     extern E:\TKLL\Bai9_Uart_EMS_Sensor_Calib\LOGIC-DESGIN-PROJECT\button_matrix\global.c
            NH4_value_min   0x0000b4       data     extern E:\TKLL\Bai9_Uart_EMS_Sensor_Calib\LOGIC-DESGIN-PROJECT\button_matrix\global.c
                NO3_value   0x00010e       data     extern E:\TKLL\Bai9_Uart_EMS_Sensor_Calib\LOGIC-DESGIN-PROJECT\button_matrix\global.c
            NO3_value_max   0x0000cc       data     extern E:\TKLL\Bai9_Uart_EMS_Sensor_Calib\LOGIC-DESGIN-PROJECT\button_matrix\global.c
            NO3_value_min   0x0000b6       data     extern E:\TKLL\Bai9_Uart_EMS_Sensor_Calib\LOGIC-DESGIN-PROJECT\button_matrix\global.c
                   OSCCON   0x000fd3       data     extern E:\3.46\pic18-lt\cxx-framework\src\traditional\proc\p18f4620.asm
               OSCCONbits   0x000fd3       data     extern E:\3.46\pic18-lt\cxx-framework\src\traditional\proc\p18f4620.asm
                  OSCTUNE   0x000f9b       data     extern E:\3.46\pic18-lt\cxx-framework\src\traditional\proc\p18f4620.asm
              OSCTUNEbits   0x000f9b       data     extern E:\3.46\pic18-lt\cxx-framework\src\traditional\proc\p18f4620.asm
                       PC   0x000ff9       data     extern E:\3.46\pic18-lt\cxx-framework\src\traditional\proc\p18f4620.asm
                      PCL   0x000ff9       data     extern E:\3.46\pic18-lt\cxx-framework\src\traditional\proc\p18f4620.asm
                   PCLATH   0x000ffa       data     extern E:\3.46\pic18-lt\cxx-framework\src\traditional\proc\p18f4620.asm
                   PCLATU   0x000ffb       data     extern E:\3.46\pic18-lt\cxx-framework\src\traditional\proc\p18f4620.asm
                     PIE1   0x000f9d       data     extern E:\3.46\pic18-lt\cxx-framework\src\traditional\proc\p18f4620.asm
                 PIE1bits   0x000f9d       data     extern E:\3.46\pic18-lt\cxx-framework\src\traditional\proc\p18f4620.asm
                     PIE2   0x000fa0       data     extern E:\3.46\pic18-lt\cxx-framework\src\traditional\proc\p18f4620.asm
                 PIE2bits   0x000fa0       data     extern E:\3.46\pic18-lt\cxx-framework\src\traditional\proc\p18f4620.asm
                     PIR1   0x000f9e       data     extern E:\3.46\pic18-lt\cxx-framework\src\traditional\proc\p18f4620.asm
                 PIR1bits   0x000f9e       data     extern E:\3.46\pic18-lt\cxx-framework\src\traditional\proc\p18f4620.asm
                     PIR2   0x000fa1       data     extern E:\3.46\pic18-lt\cxx-framework\src\traditional\proc\p18f4620.asm
                 PIR2bits   0x000fa1       data     extern E:\3.46\pic18-lt\cxx-framework\src\traditional\proc\p18f4620.asm
                   PLUSW0   0x000feb       data     extern E:\3.46\pic18-lt\cxx-framework\src\traditional\proc\p18f4620.asm
                   PLUSW1   0x000fe3       data     extern E:\3.46\pic18-lt\cxx-framework\src\traditional\proc\p18f4620.asm
                   PLUSW2   0x000fdb       data     extern E:\3.46\pic18-lt\cxx-framework\src\traditional\proc\p18f4620.asm
                    PORTA   0x000f80       data     extern E:\3.46\pic18-lt\cxx-framework\src\traditional\proc\p18f4620.asm
                PORTAbits   0x000f80       data     extern E:\3.46\pic18-lt\cxx-framework\src\traditional\proc\p18f4620.asm
                    PORTB   0x000f81       data     extern E:\3.46\pic18-lt\cxx-framework\src\traditional\proc\p18f4620.asm
                PORTBbits   0x000f81       data     extern E:\3.46\pic18-lt\cxx-framework\src\traditional\proc\p18f4620.asm
                    PORTC   0x000f82       data     extern E:\3.46\pic18-lt\cxx-framework\src\traditional\proc\p18f4620.asm
                PORTCbits   0x000f82       data     extern E:\3.46\pic18-lt\cxx-framework\src\traditional\proc\p18f4620.asm
                    PORTD   0x000f83       data     extern E:\3.46\pic18-lt\cxx-framework\src\traditional\proc\p18f4620.asm
                PORTDbits   0x000f83       data     extern E:\3.46\pic18-lt\cxx-framework\src\traditional\proc\p18f4620.asm
                    PORTE   0x000f84       data     extern E:\3.46\pic18-lt\cxx-framework\src\traditional\proc\p18f4620.asm
                PORTEbits   0x000f84       data     extern E:\3.46\pic18-lt\cxx-framework\src\traditional\proc\p18f4620.asm
                 POSTDEC0   0x000fed       data     extern E:\3.46\pic18-lt\cxx-framework\src\traditional\proc\p18f4620.asm
                 POSTDEC1   0x000fe5       data     extern E:\3.46\pic18-lt\cxx-framework\src\traditional\proc\p18f4620.asm
                 POSTDEC2   0x000fdd       data     extern E:\3.46\pic18-lt\cxx-framework\src\traditional\proc\p18f4620.asm
                 POSTINC0   0x000fee       data     extern E:\3.46\pic18-lt\cxx-framework\src\traditional\proc\p18f4620.asm
                 POSTINC1   0x000fe6       data     extern E:\3.46\pic18-lt\cxx-framework\src\traditional\proc\p18f4620.asm
                 POSTINC2   0x000fde       data     extern E:\3.46\pic18-lt\cxx-framework\src\traditional\proc\p18f4620.asm
                      PR2   0x000fcb       data     extern E:\3.46\pic18-lt\cxx-framework\src\traditional\proc\p18f4620.asm
                  PREINC0   0x000fec       data     extern E:\3.46\pic18-lt\cxx-framework\src\traditional\proc\p18f4620.asm
                  PREINC1   0x000fe4       data     extern E:\3.46\pic18-lt\cxx-framework\src\traditional\proc\p18f4620.asm
                  PREINC2   0x000fdc       data     extern E:\3.46\pic18-lt\cxx-framework\src\traditional\proc\p18f4620.asm
                     PROD   0x000ff3       data     extern E:\3.46\pic18-lt\cxx-framework\src\traditional\proc\p18f4620.asm
                    PRODH   0x000ff4       data     extern E:\3.46\pic18-lt\cxx-framework\src\traditional\proc\p18f4620.asm
                    PRODL   0x000ff3       data     extern E:\3.46\pic18-lt\cxx-framework\src\traditional\proc\p18f4620.asm
                  PWM1CON   0x000fb7       data     extern E:\3.46\pic18-lt\cxx-framework\src\traditional\proc\p18f4620.asm
              PWM1CONbits   0x000fb7       data     extern E:\3.46\pic18-lt\cxx-framework\src\traditional\proc\p18f4620.asm
                     RCON   0x000fd0       data     extern E:\3.46\pic18-lt\cxx-framework\src\traditional\proc\p18f4620.asm
                 RCONbits   0x000fd0       data     extern E:\3.46\pic18-lt\cxx-framework\src\traditional\proc\p18f4620.asm
                    RCREG   0x000fae       data     extern E:\3.46\pic18-lt\cxx-framework\src\traditional\proc\p18f4620.asm
                    RCSTA   0x000fab       data     extern E:\3.46\pic18-lt\cxx-framework\src\traditional\proc\p18f4620.asm
                RCSTAbits   0x000fab       data     extern E:\3.46\pic18-lt\cxx-framework\src\traditional\proc\p18f4620.asm
                     SIGN   0x000000       data     extern E:\3.46\pic18-lt\cxx-framework\src\traditional\math\cmath18.asm
                    SPBRG   0x000faf       data     extern E:\3.46\pic18-lt\cxx-framework\src\traditional\proc\p18f4620.asm
                   SPBRGH   0x000fb0       data     extern E:\3.46\pic18-lt\cxx-framework\src\traditional\proc\p18f4620.asm
                   SSPADD   0x000fc8       data     extern E:\3.46\pic18-lt\cxx-framework\src\traditional\proc\p18f4620.asm
                   SSPBUF   0x000fc9       data     extern E:\3.46\pic18-lt\cxx-framework\src\traditional\proc\p18f4620.asm
                  SSPCON1   0x000fc6       data     extern E:\3.46\pic18-lt\cxx-framework\src\traditional\proc\p18f4620.asm
              SSPCON1bits   0x000fc6       data     extern E:\3.46\pic18-lt\cxx-framework\src\traditional\proc\p18f4620.asm
                  SSPCON2   0x000fc5       data     extern E:\3.46\pic18-lt\cxx-framework\src\traditional\proc\p18f4620.asm
              SSPCON2bits   0x000fc5       data     extern E:\3.46\pic18-lt\cxx-framework\src\traditional\proc\p18f4620.asm
                  SSPSTAT   0x000fc7       data     extern E:\3.46\pic18-lt\cxx-framework\src\traditional\proc\p18f4620.asm
              SSPSTATbits   0x000fc7       data     extern E:\3.46\pic18-lt\cxx-framework\src\traditional\proc\p18f4620.asm
                 SS_value   0x000108       data     extern E:\TKLL\Bai9_Uart_EMS_Sensor_Calib\LOGIC-DESGIN-PROJECT\button_matrix\global.c
             SS_value_max   0x0000c6       data     extern E:\TKLL\Bai9_Uart_EMS_Sensor_Calib\LOGIC-DESGIN-PROJECT\button_matrix\global.c
             SS_value_min   0x0000b0       data     extern E:\TKLL\Bai9_Uart_EMS_Sensor_Calib\LOGIC-DESGIN-PROJECT\button_matrix\global.c
                   STATUS   0x000fd8       data     extern E:\3.46\pic18-lt\cxx-framework\src\traditional\proc\p18f4620.asm
               STATUSbits   0x000fd8       data     extern E:\3.46\pic18-lt\cxx-framework\src\traditional\proc\p18f4620.asm
                   STKPTR   0x000ffc       data     extern E:\3.46\pic18-lt\cxx-framework\src\traditional\proc\p18f4620.asm
               STKPTRbits   0x000ffc       data     extern E:\3.46\pic18-lt\cxx-framework\src\traditional\proc\p18f4620.asm
                    T0CON   0x000fd5       data     extern E:\3.46\pic18-lt\cxx-framework\src\traditional\proc\p18f4620.asm
                T0CONbits   0x000fd5       data     extern E:\3.46\pic18-lt\cxx-framework\src\traditional\proc\p18f4620.asm
                    T1CON   0x000fcd       data     extern E:\3.46\pic18-lt\cxx-framework\src\traditional\proc\p18f4620.asm
                T1CONbits   0x000fcd       data     extern E:\3.46\pic18-lt\cxx-framework\src\traditional\proc\p18f4620.asm
                    T2CON   0x000fca       data     extern E:\3.46\pic18-lt\cxx-framework\src\traditional\proc\p18f4620.asm
                T2CONbits   0x000fca       data     extern E:\3.46\pic18-lt\cxx-framework\src\traditional\proc\p18f4620.asm
                    T3CON   0x000fb1       data     extern E:\3.46\pic18-lt\cxx-framework\src\traditional\proc\p18f4620.asm
                T3CONbits   0x000fb1       data     extern E:\3.46\pic18-lt\cxx-framework\src\traditional\proc\p18f4620.asm
                   TABLAT   0x000ff5       data     extern E:\3.46\pic18-lt\cxx-framework\src\traditional\proc\p18f4620.asm
                   TBLPTR   0x000ff6       data     extern E:\3.46\pic18-lt\cxx-framework\src\traditional\proc\p18f4620.asm
                  TBLPTRH   0x000ff7       data     extern E:\3.46\pic18-lt\cxx-framework\src\traditional\proc\p18f4620.asm
                  TBLPTRL   0x000ff6       data     extern E:\3.46\pic18-lt\cxx-framework\src\traditional\proc\p18f4620.asm
                  TBLPTRU   0x000ff8       data     extern E:\3.46\pic18-lt\cxx-framework\src\traditional\proc\p18f4620.asm
              TMP_adc_max   0x0000c0       data     extern E:\TKLL\Bai9_Uart_EMS_Sensor_Calib\LOGIC-DESGIN-PROJECT\button_matrix\global.c
              TMP_adc_min   0x0000bc       data     extern E:\TKLL\Bai9_Uart_EMS_Sensor_Calib\LOGIC-DESGIN-PROJECT\button_matrix\global.c
                TMP_value   0x000110       data     extern E:\TKLL\Bai9_Uart_EMS_Sensor_Calib\LOGIC-DESGIN-PROJECT\button_matrix\global.c
            TMP_value_max   0x0000be       data     extern E:\TKLL\Bai9_Uart_EMS_Sensor_Calib\LOGIC-DESGIN-PROJECT\button_matrix\global.c
            TMP_value_min   0x0000ba       data     extern E:\TKLL\Bai9_Uart_EMS_Sensor_Calib\LOGIC-DESGIN-PROJECT\button_matrix\global.c
                    TMR0H   0x000fd7       data     extern E:\3.46\pic18-lt\cxx-framework\src\traditional\proc\p18f4620.asm
                    TMR0L   0x000fd6       data     extern E:\3.46\pic18-lt\cxx-framework\src\traditional\proc\p18f4620.asm
                    TMR1H   0x000fcf       data     extern E:\3.46\pic18-lt\cxx-framework\src\traditional\proc\p18f4620.asm
                    TMR1L   0x000fce       data     extern E:\3.46\pic18-lt\cxx-framework\src\traditional\proc\p18f4620.asm
                     TMR2   0x000fcc       data     extern E:\3.46\pic18-lt\cxx-framework\src\traditional\proc\p18f4620.asm
                    TMR3H   0x000fb3       data     extern E:\3.46\pic18-lt\cxx-framework\src\traditional\proc\p18f4620.asm
                    TMR3L   0x000fb2       data     extern E:\3.46\pic18-lt\cxx-framework\src\traditional\proc\p18f4620.asm
                      TOS   0x000ffd       data     extern E:\3.46\pic18-lt\cxx-framework\src\traditional\proc\p18f4620.asm
                     TOSH   0x000ffe       data     extern E:\3.46\pic18-lt\cxx-framework\src\traditional\proc\p18f4620.asm
                     TOSL   0x000ffd       data     extern E:\3.46\pic18-lt\cxx-framework\src\traditional\proc\p18f4620.asm
                     TOSU   0x000fff       data     extern E:\3.46\pic18-lt\cxx-framework\src\traditional\proc\p18f4620.asm
                    TRISA   0x000f92       data     extern E:\3.46\pic18-lt\cxx-framework\src\traditional\proc\p18f4620.asm
                TRISAbits   0x000f92       data     extern E:\3.46\pic18-lt\cxx-framework\src\traditional\proc\p18f4620.asm
                    TRISB   0x000f93       data     extern E:\3.46\pic18-lt\cxx-framework\src\traditional\proc\p18f4620.asm
                TRISBbits   0x000f93       data     extern E:\3.46\pic18-lt\cxx-framework\src\traditional\proc\p18f4620.asm
                    TRISC   0x000f94       data     extern E:\3.46\pic18-lt\cxx-framework\src\traditional\proc\p18f4620.asm
                TRISCbits   0x000f94       data     extern E:\3.46\pic18-lt\cxx-framework\src\traditional\proc\p18f4620.asm
                    TRISD   0x000f95       data     extern E:\3.46\pic18-lt\cxx-framework\src\traditional\proc\p18f4620.asm
                TRISDbits   0x000f95       data     extern E:\3.46\pic18-lt\cxx-framework\src\traditional\proc\p18f4620.asm
                    TRISE   0x000f96       data     extern E:\3.46\pic18-lt\cxx-framework\src\traditional\proc\p18f4620.asm
                TRISEbits   0x000f96       data     extern E:\3.46\pic18-lt\cxx-framework\src\traditional\proc\p18f4620.asm
                    TXREG   0x000fad       data     extern E:\3.46\pic18-lt\cxx-framework\src\traditional\proc\p18f4620.asm
                    TXSTA   0x000fac       data     extern E:\3.46\pic18-lt\cxx-framework\src\traditional\proc\p18f4620.asm
                TXSTAbits   0x000fac       data     extern E:\3.46\pic18-lt\cxx-framework\src\traditional\proc\p18f4620.asm
                 UserFont   0x000f00       data     extern E:\TKLL\Bai9_Uart_EMS_Sensor_Calib\LOGIC-DESGIN-PROJECT\lcd\lcd.c
                        W   0x000fe8       data     extern E:\3.46\pic18-lt\cxx-framework\src\traditional\proc\p18f4620.asm
                   WDTCON   0x000fd1       data     extern E:\3.46\pic18-lt\cxx-framework\src\traditional\proc\p18f4620.asm
               WDTCONbits   0x000fd1       data     extern E:\3.46\pic18-lt\cxx-framework\src\traditional\proc\p18f4620.asm
                     WREG   0x000fe8       data     extern E:\3.46\pic18-lt\cxx-framework\src\traditional\proc\p18f4620.asm
                 __AARGB0   0x000009       data     extern E:\3.46\pic18-lt\cxx-framework\src\traditional\math\aarg.asm
                 __AARGB1   0x000008       data     extern E:\3.46\pic18-lt\cxx-framework\src\traditional\math\aarg.asm
                 __AARGB2   0x000007       data     extern E:\3.46\pic18-lt\cxx-framework\src\traditional\math\aarg.asm
                 __AARGB3   0x000006       data     extern E:\3.46\pic18-lt\cxx-framework\src\traditional\math\aarg.asm
                 __AARGB4   0x000005       data     extern E:\3.46\pic18-lt\cxx-framework\src\traditional\math\aarg.asm
                 __AARGB5   0x000004       data     extern E:\3.46\pic18-lt\cxx-framework\src\traditional\math\aarg.asm
                 __AARGB6   0x000003       data     extern E:\3.46\pic18-lt\cxx-framework\src\traditional\math\aarg.asm
                 __AARGB7   0x000002       data     extern E:\3.46\pic18-lt\cxx-framework\src\traditional\math\aarg.asm
                   __AEXP   0x00000a       data     extern E:\3.46\pic18-lt\cxx-framework\src\traditional\math\aarg.asm
                 __BARGB0   0x00000e       data     extern E:\3.46\pic18-lt\cxx-framework\src\traditional\math\barg.asm
                 __BARGB1   0x00000d       data     extern E:\3.46\pic18-lt\cxx-framework\src\traditional\math\barg.asm
                 __BARGB2   0x00000c       data     extern E:\3.46\pic18-lt\cxx-framework\src\traditional\math\barg.asm
                 __BARGB3   0x00000b       data     extern E:\3.46\pic18-lt\cxx-framework\src\traditional\math\barg.asm
                   __BEXP   0x00000f       data     extern E:\3.46\pic18-lt\cxx-framework\src\traditional\math\barg.asm
                __FPFLAGS   0x000001       data     extern E:\3.46\pic18-lt\cxx-framework\src\traditional\math\cmath18.asm
            __FPFLAGSbits   0x000001       data     extern E:\3.46\pic18-lt\cxx-framework\src\traditional\math\cmath18.asm
                  __REMB0   0x000005       data     extern E:\3.46\pic18-lt\cxx-framework\src\traditional\math\aarg.asm
                  __REMB1   0x000004       data     extern E:\3.46\pic18-lt\cxx-framework\src\traditional\math\aarg.asm
                  __REMB2   0x000003       data     extern E:\3.46\pic18-lt\cxx-framework\src\traditional\math\aarg.asm
                  __REMB3   0x000002       data     extern E:\3.46\pic18-lt\cxx-framework\src\traditional\math\aarg.asm
                  __tmp_0   0x000010       data     static E:\TKLL\Bai9_Uart_EMS_Sensor_Calib\LOGIC-DESGIN-PROJECT\uart\uart.c
                  __tmp_0   0x000010       data     static E:\TKLL\Bai9_Uart_EMS_Sensor_Calib\LOGIC-DESGIN-PROJECT\timer\timer.c
                  __tmp_0   0x000010       data     static E:\TKLL\Bai9_Uart_EMS_Sensor_Calib\LOGIC-DESGIN-PROJECT\main.c
                  __tmp_0   0x000010       data     static E:\TKLL\Bai9_Uart_EMS_Sensor_Calib\LOGIC-DESGIN-PROJECT\button_matrix\button.c
                  __tmp_0   0x000010       data     static E:\TKLL\Bai9_Uart_EMS_Sensor_Calib\LOGIC-DESGIN-PROJECT\adc\adc.c
                  __tmp_0   0x000010       data     static E:\TKLL\Bai9_Uart_EMS_Sensor_Calib\LOGIC-DESGIN-PROJECT\button_matrix\i2c.c
                  __tmp_0   0x000010       data     static E:\TKLL\Bai9_Uart_EMS_Sensor_Calib\LOGIC-DESGIN-PROJECT\button_matrix\display.c
                  __tmp_0   0x000010       data     static E:\TKLL\Bai9_Uart_EMS_Sensor_Calib\LOGIC-DESGIN-PROJECT\button_matrix\fsm.c
                  __tmp_0   0x000010       data     static E:\TKLL\Bai9_Uart_EMS_Sensor_Calib\LOGIC-DESGIN-PROJECT\lcd\lcd.c
                  adc_max   0x0000de       data     extern E:\TKLL\Bai9_Uart_EMS_Sensor_Calib\LOGIC-DESGIN-PROJECT\button_matrix\global.c
             adc_max_flag   0x000090       data     extern E:\TKLL\Bai9_Uart_EMS_Sensor_Calib\LOGIC-DESGIN-PROJECT\button_matrix\global.c
                  adc_min   0x0000ec       data     extern E:\TKLL\Bai9_Uart_EMS_Sensor_Calib\LOGIC-DESGIN-PROJECT\button_matrix\global.c
             adc_min_flag   0x000092       data     extern E:\TKLL\Bai9_Uart_EMS_Sensor_Calib\LOGIC-DESGIN-PROJECT\button_matrix\global.c
                adc_value   0x0001e6       data     extern E:\TKLL\Bai9_Uart_EMS_Sensor_Calib\LOGIC-DESGIN-PROJECT\adc\adc.c
               alarm_flag   0x00008e       data     extern E:\TKLL\Bai9_Uart_EMS_Sensor_Calib\LOGIC-DESGIN-PROJECT\button_matrix\global.c
         arrayMapOfOutput   0x000f61       data     extern E:\TKLL\Bai9_Uart_EMS_Sensor_Calib\LOGIC-DESGIN-PROJECT\main.c
      arrayMaskInputOfKey   0x0001e2       data     extern E:\TKLL\Bai9_Uart_EMS_Sensor_Calib\LOGIC-DESGIN-PROJECT\button_matrix\button.c
     arrayMaskOutputOfKey   0x0001de       data     extern E:\TKLL\Bai9_Uart_EMS_Sensor_Calib\LOGIC-DESGIN-PROJECT\button_matrix\button.c
            averageSensor   0x000178       data     extern E:\TKLL\Bai9_Uart_EMS_Sensor_Calib\LOGIC-DESGIN-PROJECT\button_matrix\global.c
                    blink   0x000080       data     extern E:\TKLL\Bai9_Uart_EMS_Sensor_Calib\LOGIC-DESGIN-PROJECT\button_matrix\global.c
                     cnt0   0x0000fa       data     extern E:\TKLL\Bai9_Uart_EMS_Sensor_Calib\LOGIC-DESGIN-PROJECT\interrupt\interrupt.c
                     cnt1   0x0000fc       data     extern E:\TKLL\Bai9_Uart_EMS_Sensor_Calib\LOGIC-DESGIN-PROJECT\interrupt\interrupt.c
                curr_byte   0x000f74       data     static E:\3.46\pic18-lt\cxx-framework\src\traditional\startup\c018i.c
               curr_entry   0x000f76       data     static E:\3.46\pic18-lt\cxx-framework\src\traditional\startup\c018i.c
              current_col   0x000f7d       data     extern E:\TKLL\Bai9_Uart_EMS_Sensor_Calib\LOGIC-DESGIN-PROJECT\lcd\lcd.c
              current_row   0x000f7b       data     extern E:\TKLL\Bai9_Uart_EMS_Sensor_Calib\LOGIC-DESGIN-PROJECT\lcd\lcd.c
           dataOfSensorPH   0x000114       data     extern E:\TKLL\Bai9_Uart_EMS_Sensor_Calib\LOGIC-DESGIN-PROJECT\button_matrix\global.c
              dataReceive   0x000f7f       data     extern E:\TKLL\Bai9_Uart_EMS_Sensor_Calib\LOGIC-DESGIN-PROJECT\uart\uart.c
                 data_ptr   0x000f78       data     static E:\3.46\pic18-lt\cxx-framework\src\traditional\startup\c018i.c
                     date   0x000224       data     extern E:\TKLL\Bai9_Uart_EMS_Sensor_Calib\LOGIC-DESGIN-PROJECT\button_matrix\clock.c
                      day   0x000223       data     extern E:\TKLL\Bai9_Uart_EMS_Sensor_Calib\LOGIC-DESGIN-PROJECT\button_matrix\clock.c
             day_of_month   0x000094       data     extern E:\TKLL\Bai9_Uart_EMS_Sensor_Calib\LOGIC-DESGIN-PROJECT\button_matrix\global.c
              flag_timer0   0x000208       data     extern E:\TKLL\Bai9_Uart_EMS_Sensor_Calib\LOGIC-DESGIN-PROJECT\timer\timer.c
              flag_timer1   0x000209       data     extern E:\TKLL\Bai9_Uart_EMS_Sensor_Calib\LOGIC-DESGIN-PROJECT\timer\timer.c
              flag_timer2   0x00020a       data     extern E:\TKLL\Bai9_Uart_EMS_Sensor_Calib\LOGIC-DESGIN-PROJECT\timer\timer.c
              flag_timer3   0x00020b       data     extern E:\TKLL\Bai9_Uart_EMS_Sensor_Calib\LOGIC-DESGIN-PROJECT\timer\timer.c
                     hour   0x000222       data     extern E:\TKLL\Bai9_Uart_EMS_Sensor_Calib\LOGIC-DESGIN-PROJECT\button_matrix\clock.c
               hour_alarm   0x000100       data     extern E:\TKLL\Bai9_Uart_EMS_Sensor_Calib\LOGIC-DESGIN-PROJECT\button_matrix\global.c
              indexOfData   0x0001b7       data     extern E:\TKLL\Bai9_Uart_EMS_Sensor_Calib\LOGIC-DESGIN-PROJECT\button_matrix\global.c
           indexOfData_10   0x0001b0       data     extern E:\TKLL\Bai9_Uart_EMS_Sensor_Calib\LOGIC-DESGIN-PROJECT\button_matrix\global.c
                index_set   0x00008a       data     extern E:\TKLL\Bai9_Uart_EMS_Sensor_Calib\LOGIC-DESGIN-PROJECT\button_matrix\global.c
                    input   0x000084       data     extern E:\TKLL\Bai9_Uart_EMS_Sensor_Calib\LOGIC-DESGIN-PROJECT\button_matrix\global.c
                isStarted   0x0000fe       data     extern E:\TKLL\Bai9_Uart_EMS_Sensor_Calib\LOGIC-DESGIN-PROJECT\button_matrix\i2c.c
                 key_code   0x0001be       data     extern E:\TKLL\Bai9_Uart_EMS_Sensor_Calib\LOGIC-DESGIN-PROJECT\button_matrix\button.c
                   minute   0x000221       data     extern E:\TKLL\Bai9_Uart_EMS_Sensor_Calib\LOGIC-DESGIN-PROJECT\button_matrix\clock.c
             minute_alarm   0x000101       data     extern E:\TKLL\Bai9_Uart_EMS_Sensor_Calib\LOGIC-DESGIN-PROJECT\button_matrix\global.c
                    month   0x000225       data     extern E:\TKLL\Bai9_Uart_EMS_Sensor_Calib\LOGIC-DESGIN-PROJECT\button_matrix\clock.c
       numberOfPushButton   0x000086       data     extern E:\TKLL\Bai9_Uart_EMS_Sensor_Calib\LOGIC-DESGIN-PROJECT\button_matrix\global.c
               pH_adc_max   0x0000c4       data     extern E:\TKLL\Bai9_Uart_EMS_Sensor_Calib\LOGIC-DESGIN-PROJECT\button_matrix\global.c
               pH_adc_min   0x0000ae       data     extern E:\TKLL\Bai9_Uart_EMS_Sensor_Calib\LOGIC-DESGIN-PROJECT\button_matrix\global.c
                 pH_value   0x000106       data     extern E:\TKLL\Bai9_Uart_EMS_Sensor_Calib\LOGIC-DESGIN-PROJECT\button_matrix\global.c
             pH_value_max   0x0000c2       data     extern E:\TKLL\Bai9_Uart_EMS_Sensor_Calib\LOGIC-DESGIN-PROJECT\button_matrix\global.c
             pH_value_min   0x0000ac       data     extern E:\TKLL\Bai9_Uart_EMS_Sensor_Calib\LOGIC-DESGIN-PROJECT\button_matrix\global.c
[...]
                     DDRB   0x000f93       data     extern E:\3.46\pic18-lt\cxx-framework\src\traditional\proc\p18f4620.asm
                    TRISB   0x000f93       data     extern E:\3.46\pic18-lt\cxx-framework\src\traditional\proc\p18f4620.asm
                TRISBbits   0x000f93       data     extern E:\3.46\pic18-lt\cxx-framework\src\traditional\proc\p18f4620.asm
                    TRISC   0x000f94       data     extern E:\3.46\pic18-lt\cxx-framework\src\traditional\proc\p18f4620.asm
                 DDRCbits   0x000f94       data     extern E:\3.46\pic18-lt\cxx-framework\src\traditional\proc\p18f4620.asm
                     DDRC   0x000f94       data     extern E:\3.46\pic18-lt\cxx-framework\src\traditional\proc\p18f4620.asm
                TRISCbits   0x000f94       data     extern E:\3.46\pic18-lt\cxx-framework\src\traditional\proc\p18f4620.asm
                 DDRDbits   0x000f95       data     extern E:\3.46\pic18-lt\cxx-framework\src\traditional\proc\p18f4620.asm
                     DDRD   0x000f95       data     extern E:\3.46\pic18-lt\cxx-framework\src\traditional\proc\p18f4620.asm
                TRISDbits   0x000f95       data     extern E:\3.46\pic18-lt\cxx-framework\src\traditional\proc\p18f4620.asm
                    TRISD   0x000f95       data     extern E:\3.46\pic18-lt\cxx-framework\src\traditional\proc\p18f4620.asm
                 DDREbits   0x000f96       data     extern E:\3.46\pic18-lt\cxx-framework\src\traditional\proc\p18f4620.asm
                     DDRE   0x000f96       data     extern E:\3.46\pic18-lt\cxx-framework\src\traditional\proc\p18f4620.asm
                TRISEbits   0x000f96       data     extern E:\3.46\pic18-lt\cxx-framework\src\traditional\proc\p18f4620.asm
                    TRISE   0x000f96       data     extern E:\3.46\pic18-lt\cxx-framework\src\traditional\proc\p18f4620.asm
              OSCTUNEbits   0x000f9b       data     extern E:\3.46\pic18-lt\cxx-framework\src\traditional\proc\p18f4620.asm
                  OSCTUNE   0x000f9b       data     extern E:\3.46\pic18-lt\cxx-framework\src\traditional\proc\p18f4620.asm
                 PIE1bits   0x000f9d       data     extern E:\3.46\pic18-lt\cxx-framework\src\traditional\proc\p18f4620.asm
                     PIE1   0x000f9d       data     extern E:\3.46\pic18-lt\cxx-framework\src\traditional\proc\p18f4620.asm
                 PIR1bits   0x000f9e       data     extern E:\3.46\pic18-lt\cxx-framework\src\traditional\proc\p18f4620.asm
                     PIR1   0x000f9e       data     extern E:\3.46\pic18-lt\cxx-framework\src\traditional\proc\p18f4620.asm
                     IPR1   0x000f9f       data     extern E:\3.46\pic18-lt\cxx-framework\src\traditional\proc\p18f4620.asm
                 IPR1bits   0x000f9f       data     extern E:\3.46\pic18-lt\cxx-framework\src\traditional\proc\p18f4620.asm
                 PIE2bits   0x000fa0       data     extern E:\3.46\pic18-lt\cxx-framework\src\traditional\proc\p18f4620.asm
                     PIE2   0x000fa0       data     extern E:\3.46\pic18-lt\cxx-framework\src\traditional\proc\p18f4620.asm
                     PIR2   0x000fa1       data     extern E:\3.46\pic18-lt\cxx-framework\src\traditional\proc\p18f4620.asm
                 PIR2bits   0x000fa1       data     extern E:\3.46\pic18-lt\cxx-framework\src\traditional\proc\p18f4620.asm
                 IPR2bits   0x000fa2       data     extern E:\3.46\pic18-lt\cxx-framework\src\traditional\proc\p18f4620.asm
                     IPR2   0x000fa2       data     extern E:\3.46\pic18-lt\cxx-framework\src\traditional\proc\p18f4620.asm
                   EECON1   0x000fa6       data     extern E:\3.46\pic18-lt\cxx-framework\src\traditional\proc\p18f4620.asm
               EECON1bits   0x000fa6       data     extern E:\3.46\pic18-lt\cxx-framework\src\traditional\proc\p18f4620.asm
                   EECON2   0x000fa7       data     extern E:\3.46\pic18-lt\cxx-framework\src\traditional\proc\p18f4620.asm
                   EEDATA   0x000fa8       data     extern E:\3.46\pic18-lt\cxx-framework\src\traditional\proc\p18f4620.asm
                    EEADR   0x000fa9       data     extern E:\3.46\pic18-lt\cxx-framework\src\traditional\proc\p18f4620.asm
                   EEADRH   0x000faa       data     extern E:\3.46\pic18-lt\cxx-framework\src\traditional\proc\p18f4620.asm
                    RCSTA   0x000fab       data     extern E:\3.46\pic18-lt\cxx-framework\src\traditional\proc\p18f4620.asm
                RCSTAbits   0x000fab       data     extern E:\3.46\pic18-lt\cxx-framework\src\traditional\proc\p18f4620.asm
                TXSTAbits   0x000fac       data     extern E:\3.46\pic18-lt\cxx-framework\src\traditional\proc\p18f4620.asm
                    TXSTA   0x000fac       data     extern E:\3.46\pic18-lt\cxx-framework\src\traditional\proc\p18f4620.asm
                    TXREG   0x000fad       data     extern E:\3.46\pic18-lt\cxx-framework\src\traditional\proc\p18f4620.asm
                    RCREG   0x000fae       data     extern E:\3.46\pic18-lt\cxx-framework\src\traditional\proc\p18f4620.asm
                    SPBRG   0x000faf       data     extern E:\3.46\pic18-lt\cxx-framework\src\traditional\proc\p18f4620.asm
                   SPBRGH   0x000fb0       data     extern E:\3.46\pic18-lt\cxx-framework\src\traditional\proc\p18f4620.asm
                T3CONbits   0x000fb1       data     extern E:\3.46\pic18-lt\cxx-framework\src\traditional\proc\p18f4620.asm
                    T3CON   0x000fb1       data     extern E:\3.46\pic18-lt\cxx-framework\src\traditional\proc\p18f4620.asm
                    TMR3L   0x000fb2       data     extern E:\3.46\pic18-lt\cxx-framework\src\traditional\proc\p18f4620.asm
                    TMR3H   0x000fb3       data     extern E:\3.46\pic18-lt\cxx-framework\src\traditional\proc\p18f4620.asm
                CMCONbits   0x000fb4       data     extern E:\3.46\pic18-lt\cxx-framework\src\traditional\proc\p18f4620.asm
                    CMCON   0x000fb4       data     extern E:\3.46\pic18-lt\cxx-framework\src\traditional\proc\p18f4620.asm
               CVRCONbits   0x000fb5       data     extern E:\3.46\pic18-lt\cxx-framework\src\traditional\proc\p18f4620.asm
                   CVRCON   0x000fb5       data     extern E:\3.46\pic18-lt\cxx-framework\src\traditional\proc\p18f4620.asm
                  ECCP1AS   0x000fb6       data     extern E:\3.46\pic18-lt\cxx-framework\src\traditional\proc\p18f4620.asm
              ECCP1ASbits   0x000fb6       data     extern E:\3.46\pic18-lt\cxx-framework\src\traditional\proc\p18f4620.asm
              PWM1CONbits   0x000fb7       data     extern E:\3.46\pic18-lt\cxx-framework\src\traditional\proc\p18f4620.asm
                  PWM1CON   0x000fb7       data     extern E:\3.46\pic18-lt\cxx-framework\src\traditional\proc\p18f4620.asm
                  BAUDCON   0x000fb8       data     extern E:\3.46\pic18-lt\cxx-framework\src\traditional\proc\p18f4620.asm
              BAUDCONbits   0x000fb8       data     extern E:\3.46\pic18-lt\cxx-framework\src\traditional\proc\p18f4620.asm
                  BAUDCTL   0x000fb8       data     extern E:\3.46\pic18-lt\cxx-framework\src\traditional\proc\p18f4620.asm
              BAUDCTLbits   0x000fb8       data     extern E:\3.46\pic18-lt\cxx-framework\src\traditional\proc\p18f4620.asm
                  CCP2CON   0x000fba       data     extern E:\3.46\pic18-lt\cxx-framework\src\traditional\proc\p18f4620.asm
              CCP2CONbits   0x000fba       data     extern E:\3.46\pic18-lt\cxx-framework\src\traditional\proc\p18f4620.asm
                   CCPR2L   0x000fbb       data     extern E:\3.46\pic18-lt\cxx-framework\src\traditional\proc\p18f4620.asm
                    CCPR2   0x000fbb       data     extern E:\3.46\pic18-lt\cxx-framework\src\traditional\proc\p18f4620.asm
                   CCPR2H   0x000fbc       data     extern E:\3.46\pic18-lt\cxx-framework\src\traditional\proc\p18f4620.asm
              CCP1CONbits   0x000fbd       data     extern E:\3.46\pic18-lt\cxx-framework\src\traditional\proc\p18f4620.asm
                  CCP1CON   0x000fbd       data     extern E:\3.46\pic18-lt\cxx-framework\src\traditional\proc\p18f4620.asm
                    CCPR1   0x000fbe       data     extern E:\3.46\pic18-lt\cxx-framework\src\traditional\proc\p18f4620.asm
                   CCPR1L   0x000fbe       data     extern E:\3.46\pic18-lt\cxx-framework\src\traditional\proc\p18f4620.asm
                   CCPR1H   0x000fbf       data     extern E:\3.46\pic18-lt\cxx-framework\src\traditional\proc\p18f4620.asm
               ADCON2bits   0x000fc0       data     extern E:\3.46\pic18-lt\cxx-framework\src\traditional\proc\p18f4620.asm
                   ADCON2   0x000fc0       data     extern E:\3.46\pic18-lt\cxx-framework\src\traditional\proc\p18f4620.asm
               ADCON1bits   0x000fc1       data     extern E:\3.46\pic18-lt\cxx-framework\src\traditional\proc\p18f4620.asm
                   ADCON1   0x000fc1       data     extern E:\3.46\pic18-lt\cxx-framework\src\traditional\proc\p18f4620.asm
                   ADCON0   0x000fc2       data     extern E:\3.46\pic18-lt\cxx-framework\src\traditional\proc\p18f4620.asm
               ADCON0bits   0x000fc2       data     extern E:\3.46\pic18-lt\cxx-framework\src\traditional\proc\p18f4620.asm
                    ADRES   0x000fc3       data     extern E:\3.46\pic18-lt\cxx-framework\src\traditional\proc\p18f4620.asm
                   ADRESL   0x000fc3       data     extern E:\3.46\pic18-lt\cxx-framework\src\traditional\proc\p18f4620.asm
                   ADRESH   0x000fc4       data     extern E:\3.46\pic18-lt\cxx-framework\src\traditional\proc\p18f4620.asm
                  SSPCON2   0x000fc5       data     extern E:\3.46\pic18-lt\cxx-framework\src\traditional\proc\p18f4620.asm
              SSPCON2bits   0x000fc5       data     extern E:\3.46\pic18-lt\cxx-framework\src\traditional\proc\p18f4620.asm
                  SSPCON1   0x000fc6       data     extern E:\3.46\pic18-lt\cxx-framework\src\traditional\proc\p18f4620.asm
              SSPCON1bits   0x000fc6       data     extern E:\3.46\pic18-lt\cxx-framework\src\traditional\proc\p18f4620.asm
                  SSPSTAT   0x000fc7       data     extern E:\3.46\pic18-lt\cxx-framework\src\traditional\proc\p18f4620.asm
              SSPSTATbits   0x000fc7       data     extern E:\3.46\pic18-lt\cxx-framework\src\traditional\proc\p18f4620.asm
                   SSPADD   0x000fc8       data     extern E:\3.46\pic18-lt\cxx-framework\src\traditional\proc\p18f4620.asm
                   SSPBUF   0x000fc9       data     extern E:\3.46\pic18-lt\cxx-framework\src\traditional\proc\p18f4620.asm
                    T2CON   0x000fca       data     extern E:\3.46\pic18-lt\cxx-framework\src\traditional\proc\p18f4620.asm
                T2CONbits   0x000fca       data     extern E:\3.46\pic18-lt\cxx-framework\src\traditional\proc\p18f4620.asm
                      PR2   0x000fcb       data     extern E:\3.46\pic18-lt\cxx-framework\src\traditional\proc\p18f4620.asm
                     TMR2   0x000fcc       data     extern E:\3.46\pic18-lt\cxx-framework\src\traditional\proc\p18f4620.asm
                T1CONbits   0x000fcd       data     extern E:\3.46\pic18-lt\cxx-framework\src\traditional\proc\p18f4620.asm
                    T1CON   0x000fcd       data     extern E:\3.46\pic18-lt\cxx-framework\src\traditional\proc\p18f4620.asm
                    TMR1L   0x000fce       data     extern E:\3.46\pic18-lt\cxx-framework\src\traditional\proc\p18f4620.asm
                    TMR1H   0x000fcf       data     extern E:\3.46\pic18-lt\cxx-framework\src\traditional\proc\p18f4620.asm
                     RCON   0x000fd0       data     extern E:\3.46\pic18-lt\cxx-framework\src\traditional\proc\p18f4620.asm
                 RCONbits   0x000fd0       data     extern E:\3.46\pic18-lt\cxx-framework\src\traditional\proc\p18f4620.asm
               WDTCONbits   0x000fd1       data     extern E:\3.46\pic18-lt\cxx-framework\src\traditional\proc\p18f4620.asm
                   WDTCON   0x000fd1       data     extern E:\3.46\pic18-lt\cxx-framework\src\traditional\proc\p18f4620.asm
               LVDCONbits   0x000fd2       data     extern E:\3.46\pic18-lt\cxx-framework\src\traditional\proc\p18f4620.asm
                   LVDCON   0x000fd2       data     extern E:\3.46\pic18-lt\cxx-framework\src\traditional\proc\p18f4620.asm
              HLVDCONbits   0x000fd2       data     extern E:\3.46\pic18-lt\cxx-framework\src\traditional\proc\p18f4620.asm
                  HLVDCON   0x000fd2       data     extern E:\3.46\pic18-lt\cxx-framework\src\traditional\proc\p18f4620.asm
               OSCCONbits   0x000fd3       data     extern E:\3.46\pic18-lt\cxx-framework\src\traditional\proc\p18f4620.asm
                   OSCCON   0x000fd3       data     extern E:\3.46\pic18-lt\cxx-framework\src\traditional\proc\p18f4620.asm
                T0CONbits   0x000fd5       data     extern E:\3.46\pic18-lt\cxx-framework\src\traditional\proc\p18f4620.asm
                    T0CON   0x000fd5       data     extern E:\3.46\pic18-lt\cxx-framework\src\traditional\proc\p18f4620.asm
                    TMR0L   0x000fd6       data     extern E:\3.46\pic18-lt\cxx-framework\src\traditional\proc\p18f4620.asm
                    TMR0H   0x000fd7       data     extern E:\3.46\pic18-lt\cxx-framework\src\traditional\proc\p18f4620.asm
                   STATUS   0x000fd8       data     extern E:\3.46\pic18-lt\cxx-framework\src\traditional\proc\p18f4620.asm
               STATUSbits   0x000fd8       data     extern E:\3.46\pic18-lt\cxx-framework\src\traditional\proc\p18f4620.asm
                     FSR2   0x000fd9       data     extern E:\3.46\pic18-lt\cxx-framework\src\traditional\proc\p18f4620.asm
                    FSR2L   0x000fd9       data     extern E:\3.46\pic18-lt\cxx-framework\src\traditional\proc\p18f4620.asm
                    FSR2H   0x000fda       data     extern E:\3.46\pic18-lt\cxx-framework\src\traditional\proc\p18f4620.asm
                   PLUSW2   0x000fdb       data     extern E:\3.46\pic18-lt\cxx-framework\src\traditional\proc\p18f4620.asm
                  PREINC2   0x000fdc       data     extern E:\3.46\pic18-lt\cxx-framework\src\traditional\proc\p18f4620.asm
                 POSTDEC2   0x000fdd       data     extern E:\3.46\pic18-lt\cxx-framework\src\traditional\proc\p18f4620.asm
                 POSTINC2   0x000fde       data     extern E:\3.46\pic18-lt\cxx-framework\src\traditional\proc\p18f4620.asm
                    INDF2   0x000fdf       data     extern E:\3.46\pic18-lt\cxx-framework\src\traditional\proc\p18f4620.asm
                      BSR   0x000fe0       data     extern E:\3.46\pic18-lt\cxx-framework\src\traditional\proc\p18f4620.asm
                     FSR1   0x000fe1       data     extern E:\3.46\pic18-lt\cxx-framework\src\traditional\proc\p18f4620.asm
                    FSR1L   0x000fe1       data     extern E:\3.46\pic18-lt\cxx-framework\src\traditional\proc\p18f4620.asm
                    FSR1H   0x000fe2       data     extern E:\3.46\pic18-lt\cxx-framework\src\traditional\proc\p18f4620.asm
                   PLUSW1   0x000fe3       data     extern E:\3.46\pic18-lt\cxx-framework\src\traditional\proc\p18f4620.asm
                  PREINC1   0x000fe4       data     extern E:\3.46\pic18-lt\cxx-framework\src\traditional\proc\p18f4620.asm
                 POSTDEC1   0x000fe5       data     extern E:\3.46\pic18-lt\cxx-framework\src\traditional\proc\p18f4620.asm
                 POSTINC1   0x000fe6       data     extern E:\3.46\pic18-lt\cxx-framework\src\traditional\proc\p18f4620.asm
                    INDF1   0x000fe7       data     extern E:\3.46\pic18-lt\cxx-framework\src\traditional\proc\p18f4620.asm
                        W   0x000fe8       data     extern E:\3.46\pic18-lt\cxx-framework\src\traditional\proc\p18f4620.asm
                     WREG   0x000fe8       data     extern E:\3.46\pic18-lt\cxx-framework\src\traditional\proc\p18f4620.asm
                    FSR0L   0x000fe9       data     extern E:\3.46\pic18-lt\cxx-framework\src\traditional\proc\p18f4620.asm
                     FSR0   0x000fe9       data     extern E:\3.46\pic18-lt\cxx-framework\src\traditional\proc\p18f4620.asm
                    FSR0H   0x000fea       data     extern E:\3.46\pic18-lt\cxx-framework\src\traditional\proc\p18f4620.asm
                   PLUSW0   0x000feb       data     extern E:\3.46\pic18-lt\cxx-framework\src\traditional\proc\p18f4620.asm
                  PREINC0   0x000fec       data     extern E:\3.46\pic18-lt\cxx-framework\src\traditional\proc\p18f4620.asm
                 POSTDEC0   0x000fed       data     extern E:\3.46\pic18-lt\cxx-framework\src\traditional\proc\p18f4620.asm
                 POSTINC0   0x000fee       data     extern E:\3.46\pic18-lt\cxx-framework\src\traditional\proc\p18f4620.asm
                    INDF0   0x000fef       data     extern E:\3.46\pic18-lt\cxx-framework\src\traditional\proc\p18f4620.asm
              INTCON3bits   0x000ff0       data     extern E:\3.46\pic18-lt\cxx-framework\src\traditional\proc\p18f4620.asm
                  INTCON3   0x000ff0       data     extern E:\3.46\pic18-lt\cxx-framework\src\traditional\proc\p18f4620.asm
                  INTCON2   0x000ff1       data     extern E:\3.46\pic18-lt\cxx-framework\src\traditional\proc\p18f4620.asm
              INTCON2bits   0x000ff1       data     extern E:\3.46\pic18-lt\cxx-framework\src\traditional\proc\p18f4620.asm
                   INTCON   0x000ff2       data     extern E:\3.46\pic18-lt\cxx-framework\src\traditional\proc\p18f4620.asm
               INTCONbits   0x000ff2       data     extern E:\3.46\pic18-lt\cxx-framework\src\traditional\proc\p18f4620.asm
                     PROD   0x000ff3       data     extern E:\3.46\pic18-lt\cxx-framework\src\traditional\proc\p18f4620.asm
                    PRODL   0x000ff3       data     extern E:\3.46\pic18-lt\cxx-framework\src\traditional\proc\p18f4620.asm
                    PRODH   0x000ff4       data     extern E:\3.46\pic18-lt\cxx-framework\src\traditional\proc\p18f4620.asm
                   TABLAT   0x000ff5       data     extern E:\3.46\pic18-lt\cxx-framework\src\traditional\proc\p18f4620.asm
                  TBLPTRL   0x000ff6       data     extern E:\3.46\pic18-lt\cxx-framework\src\traditional\proc\p18f4620.asm
                   TBLPTR   0x000ff6       data     extern E:\3.46\pic18-lt\cxx-framework\src\traditional\proc\p18f4620.asm
                  TBLPTRH   0x000ff7       data     extern E:\3.46\pic18-lt\cxx-framework\src\traditional\proc\p18f4620.asm
                  TBLPTRU   0x000ff8       data     extern E:\3.46\pic18-lt\cxx-framework\src\traditional\proc\p18f4620.asm
                       PC   0x000ff9       data     extern E:\3.46\pic18-lt\cxx-framework\src\traditional\proc\p18f4620.asm
                      PCL   0x000ff9       data     extern E:\3.46\pic18-lt\cxx-framework\src\traditional\proc\p18f4620.asm
                   PCLATH   0x000ffa       data     extern E:\3.46\pic18-lt\cxx-framework\src\traditional\proc\p18f4620.asm
                   PCLATU   0x000ffb       data     extern E:\3.46\pic18-lt\cxx-framework\src\traditional\proc\p18f4620.asm
                   STKPTR   0x000ffc       data     extern E:\3.46\pic18-lt\cxx-framework\src\traditional\proc\p18f4620.asm
               STKPTRbits   0x000ffc       data     extern E:\3.46\pic18-lt\cxx-framework\src\traditional\proc\p18f4620.asm
                      TOS   0x000ffd       data     extern E:\3.46\pic18-lt\cxx-framework\src\traditional\proc\p18f4620.asm
                     TOSL   0x000ffd       data     extern E:\3.46\pic18-lt\cxx-framework\src\traditional\proc\p18f4620.asm
                     TOSH   0x000ffe       data     extern E:\3.46\pic18-lt\cxx-framework\src\traditional\proc\p18f4620.asm
                     TOSU   0x000fff       data     extern E:\3.46\pic18-lt\cxx-framework\src\traditional\proc\p18f4620.asm


