MPLINK 5.00, LINKER
Linker Map File - Created Mon Dec 19 15:42:23 2022

                                 Section Info
                  Section       Type    Address   Location Size(Bytes)
                ---------  ---------  ---------  ---------  ---------
               _entry_scn       code   0x000000    program   0x000006
           .code___init.o       code   0x000006    program   0x000002
      InterruptVectorHigh       code   0x000008    program   0x000006
     .idata_interrupt.o_i    romdata   0x00000e    program   0x000004
       .idata_fxm3232.o_i    romdata   0x000012    program   0x000000
      .idata_fxd3232u.o_i    romdata   0x000012    program   0x000000
      .idata_fxd2424u.o_i    romdata   0x000012    program   0x000000
      .idata_fxd1616u.o_i    romdata   0x000012    program   0x000000
      .idata_fxd0808u.o_i    romdata   0x000012    program   0x000000
           .idata_fsm.o_i    romdata   0x000012    program   0x000002
        .idata___init.o_i    romdata   0x000014    program   0x000000
      .code_datasensor1.o       code   0x000014    program   0x000000
   .idata_datasensor1.o_i    romdata   0x000014    program   0x000000
       .code_datasensor.o       code   0x000014    program   0x000000
    .idata_datasensor.o_i    romdata   0x000014    program   0x000000
           .idata_adc.o_i    romdata   0x000014    program   0x000000
         .idata_c018i.o_i    romdata   0x000014    program   0x000000
            .code_c018i.o       code   0x000014    program   0x000000
       InterruptVectorLow       code   0x000018    program   0x000006
                   .cinit    romdata   0x00001e    program   0x00007a
          .code_display.o       code   0x000098    program   0x002e4c
             .code_main.o       code   0x002ee4    program   0x0012e2
              .code_lcd.o       code   0x0041c6    program   0x0010e8
              .code_fsm.o       code   0x0052ae    program   0x000d96
             .stringtable    romdata   0x006044    program   0x000635
        .romdata_global.o    romdata   0x006679    program   0x000000
           .idata_i2c.o_i    romdata   0x006679    program   0x000001
           .romdata_i2c.o    romdata   0x006679    program   0x000000
       .romdata_display.o    romdata   0x006679    program   0x000000
         .romdata_clock.o    romdata   0x006679    program   0x000000
         .romdata_timer.o    romdata   0x006679    program   0x000000
    .romdata_datasensor.o    romdata   0x006679    program   0x000000
     .romdata_interrupt.o    romdata   0x006679    program   0x000000
   .romdata_datasensor1.o    romdata   0x006679    program   0x000000
        .romdata_button.o    romdata   0x006679    program   0x000000
      .romdata_fxd0808u.o    romdata   0x006679    program   0x000000
      .romdata_fxd1616u.o    romdata   0x006679    program   0x000000
      .romdata_fxd2424u.o    romdata   0x006679    program   0x000000
      .romdata_fxd3232u.o    romdata   0x006679    program   0x000000
       .romdata_fxm3232.o    romdata   0x006679    program   0x000000
         .romdata_c018i.o    romdata   0x006679    program   0x000000
        .romdata___init.o    romdata   0x006679    program   0x000000
          .romdata_uart.o    romdata   0x006679    program   0x000000
          .romdata_main.o    romdata   0x006679    program   0x000000
          .idata_uart.o_i    romdata   0x006679    program   0x000000
           .romdata_lcd.o    romdata   0x006679    program   0x000000
           .romdata_adc.o    romdata   0x006679    program   0x000000
           .romdata_fsm.o    romdata   0x006679    program   0x000000
             .code_uart.o       code   0x00667a    program   0x00059c
            .code_timer.o       code   0x006c16    program   0x00051c
           .code_button.o       code   0x007132    program   0x0004e4
              .code_i2c.o       code   0x007616    program   0x000240
        .code_interrupt.o       code   0x007856    program   0x0001d0
                     PROG       code   0x007a26    program   0x000142
            .code_clock.o       code   0x007b68    program   0x0000d2
               _cinit_scn       code   0x007c3a    program   0x00009e
              .code_adc.o       code   0x007cd8    program   0x00008c
          .code_fxm3232.o       code   0x007d64    program   0x000070
         .code_fxd3232u.o       code   0x007dd4    program   0x000048
         .code_fxd2424u.o       code   0x007e1c    program   0x00003a
         .code_fxd1616u.o       code   0x007e56    program   0x00002c
                    .code       code   0x007e82    program   0x000020
             _startup_scn       code   0x007ea2    program   0x00001c
         .code_fxd0808u.o       code   0x007ebe    program   0x00001c
           .code_global.o       code   0x007eda    program   0x000012
         .idata_timer.o_i    romdata   0x007eec    program   0x000020
          .idata_main.o_i    romdata   0x007f0c    program   0x000014
           .idata_lcd.o_i    romdata   0x007f20    program   0x000061
        .idata_global.o_i    romdata   0x007f81    program   0x0000de
       .idata_display.o_i    romdata   0x00805f    program   0x000010
         .idata_clock.o_i    romdata   0x00806f    program   0x000007
        .idata_button.o_i    romdata   0x008076    program   0x000028
    .config_300001_main.o    romdata   0x300001    program   0x000001
    .config_300002_main.o    romdata   0x300002    program   0x000001
    .config_300003_main.o    romdata   0x300003    program   0x000001
    .config_300005_main.o    romdata   0x300005    program   0x000001
    .config_300006_main.o    romdata   0x300006    program   0x000001
    .config_300008_main.o    romdata   0x300008    program   0x000001
    .config_300009_main.o    romdata   0x300009    program   0x000001
    .config_30000a_main.o    romdata   0x30000a    program   0x000001
    .config_30000b_main.o    romdata   0x30000b    program   0x000001
    .config_30000c_main.o    romdata   0x30000c    program   0x000001
    .config_30000d_main.o    romdata   0x30000d    program   0x000001
                 .tmpdata      udata   0x000000       data   0x00001c
                MATH_DATA      udata   0x00001c       data   0x000010
          .udata_global.o      udata   0x000080       data   0x000076
           .udata_c018i.o      udata   0x0000f6       data   0x00000a
          .idata_global.o      idata   0x000100       data   0x0000de
           .idata_timer.o      idata   0x0001de       data   0x000020
             .udata_fsm.o      udata   0x0001fe       data   0x000002
            .udata_main.o      udata   0x000200       data   0x0000c8
          .idata_button.o      idata   0x0002c8       data   0x000028
         .idata_display.o      idata   0x0002f0       data   0x000010
     .udata_datasensor1.o      udata   0x000300       data   0x0000c8
            .idata_main.o      idata   0x0003c8       data   0x000014
           .idata_clock.o      idata   0x0003dc       data   0x000007
       .idata_interrupt.o      idata   0x0003e3       data   0x000004
             .idata_fsm.o      idata   0x0003e7       data   0x000002
             .idata_i2c.o      idata   0x0003e9       data   0x000001
        .idata_fxd2424u.o      idata   0x0003ea       data   0x000000
        .udata_fxd2424u.o      udata   0x0003ea       data   0x000000
        .idata_fxd1616u.o      idata   0x0003ea       data   0x000000
        .udata_fxd1616u.o      udata   0x0003ea       data   0x000000
        .idata_fxd0808u.o      idata   0x0003ea       data   0x000000
        .udata_fxd0808u.o      udata   0x0003ea       data   0x000000
         .udata_fxm3232.o      udata   0x0003ea       data   0x000000
     .idata_datasensor1.o      idata   0x0003ea       data   0x000000
           .idata_c018i.o      idata   0x0003ea       data   0x000000
      .idata_datasensor.o      idata   0x0003ea       data   0x000000
        .udata_fxd3232u.o      udata   0x0003ea       data   0x000000
          .udata_button.o      udata   0x0003ea       data   0x000000
           .udata_clock.o      udata   0x0003ea       data   0x000000
       .udata_interrupt.o      udata   0x0003ea       data   0x000000
         .udata_display.o      udata   0x0003ea       data   0x000000
         .idata_fxm3232.o      idata   0x0003ea       data   0x000000
             .udata_i2c.o      udata   0x0003ea       data   0x000000
          .udata___init.o      udata   0x0003ea       data   0x000000
           .udata_timer.o      udata   0x0003ea       data   0x000000
          .idata___init.o      idata   0x0003ea       data   0x000000
            .idata_uart.o      idata   0x0003ea       data   0x000000
             .idata_adc.o      idata   0x0003ea       data   0x000000
        .idata_fxd3232u.o      idata   0x0003ea       data   0x000000
      .udata_datasensor.o      udata   0x000400       data   0x0000c8
                   .stack      udata   0x000e00       data   0x000100
             .idata_lcd.o      idata   0x000f00       data   0x000061
             .udata_adc.o      udata   0x000f61       data   0x00001a
             .udata_lcd.o      udata   0x000f7b       data   0x000004
            .udata_uart.o      udata   0x000f7f       data   0x000001
            SFR_UNBANKED0      udata   0x000f80       data   0x000080



                              Program Memory Usage 
                               Start         End      
                           ---------   ---------      
                            0x000000    0x000013      
                            0x000018    0x00809d      
                            0x300001    0x300003      
                            0x300005    0x300006      
                            0x300008    0x30000d      
            32933 out of 66584 program addresses used, program memory utilization is 49%



                              Symbols - Sorted by Name
                     Name    Address   Location    Storage File                     
                ---------  ---------  ---------  --------- ---------                
                  BCD2Dec   0x007616    program     extern E:\TKLL\Bai9_Uart_EMS_Sensor_Calib\LOGIC-DESGIN-PROJECT\button_matrix\i2c.c
                CalibTemp   0x0041a4    program     extern E:\TKLL\Bai9_Uart_EMS_Sensor_Calib\LOGIC-DESGIN-PROJECT\main.c
              CloseOutput   0x0031d6    program     extern E:\TKLL\Bai9_Uart_EMS_Sensor_Calib\LOGIC-DESGIN-PROJECT\main.c
                   D0808S   0x007a3c    program     static E:\3.46\pic18-lt\cxx-framework\src\traditional\math\fxd0808s.asm
                D0808SNEG   0x007a4a    program     static E:\3.46\pic18-lt\cxx-framework\src\traditional\math\fxd0808s.asm
                 D0808SOK   0x007a46    program     static E:\3.46\pic18-lt\cxx-framework\src\traditional\math\fxd0808s.asm
                  D0808SX   0x007a50    program     static E:\3.46\pic18-lt\cxx-framework\src\traditional\math\fxd0808s.asm
                   D1616S   0x007a7c    program     static E:\3.46\pic18-lt\cxx-framework\src\traditional\math\fxd1616s.asm
                D1616SNEG   0x007a8a    program     static E:\3.46\pic18-lt\cxx-framework\src\traditional\math\fxd1616s.asm
                 D1616SOK   0x007a86    program     static E:\3.46\pic18-lt\cxx-framework\src\traditional\math\fxd1616s.asm
                  D1616SX   0x007a9c    program     static E:\3.46\pic18-lt\cxx-framework\src\traditional\math\fxd1616s.asm
                   D2424S   0x007ad0    program     static E:\3.46\pic18-lt\cxx-framework\src\traditional\math\fxd2424s.asm
                D2424SNEG   0x007ade    program     static E:\3.46\pic18-lt\cxx-framework\src\traditional\math\fxd2424s.asm
                 D2424SOK   0x007ada    program     static E:\3.46\pic18-lt\cxx-framework\src\traditional\math\fxd2424s.asm
                  D2424SX   0x007af6    program     static E:\3.46\pic18-lt\cxx-framework\src\traditional\math\fxd2424s.asm
                   D3232S   0x007b30    program     static E:\3.46\pic18-lt\cxx-framework\src\traditional\math\fxd3232s.asm
                D3232SNEG   0x007b3e    program     static E:\3.46\pic18-lt\cxx-framework\src\traditional\math\fxd3232s.asm
                 D3232SOK   0x007b3a    program     static E:\3.46\pic18-lt\cxx-framework\src\traditional\math\fxd3232s.asm
                  D3232SX   0x007b5e    program     static E:\3.46\pic18-lt\cxx-framework\src\traditional\math\fxd3232s.asm
                  DA0808S   0x007a32    program     static E:\3.46\pic18-lt\cxx-framework\src\traditional\math\fxd0808s.asm
                  DA1616S   0x007a6c    program     static E:\3.46\pic18-lt\cxx-framework\src\traditional\math\fxd1616s.asm
                  DA2424S   0x007abc    program     static E:\3.46\pic18-lt\cxx-framework\src\traditional\math\fxd2424s.asm
                  DA3232S   0x007b1a    program     static E:\3.46\pic18-lt\cxx-framework\src\traditional\math\fxd3232s.asm
                  Dec2BCD   0x007654    program     extern E:\TKLL\Bai9_Uart_EMS_Sensor_Calib\LOGIC-DESGIN-PROJECT\button_matrix\i2c.c
         DisplayLcdScreen   0x004b04    program     extern E:\TKLL\Bai9_Uart_EMS_Sensor_Calib\LOGIC-DESGIN-PROJECT\lcd\lcd.c
        DisplayLcdScreen2   0x004bfc    program     extern E:\TKLL\Bai9_Uart_EMS_Sensor_Calib\LOGIC-DESGIN-PROJECT\lcd\lcd.c
      DisplayLcdScreenOld   0x004c82    program     extern E:\TKLL\Bai9_Uart_EMS_Sensor_Calib\LOGIC-DESGIN-PROJECT\lcd\lcd.c
                 FXD0808S   0x007a26    program     extern E:\3.46\pic18-lt\cxx-framework\src\traditional\math\fxd0808s.asm
                 FXD0808U   0x007ebe    program     extern E:\3.46\pic18-lt\cxx-framework\src\traditional\math\fxd0808u.c
                 FXD1616S   0x007a5a    program     extern E:\3.46\pic18-lt\cxx-framework\src\traditional\math\fxd1616s.asm
                 FXD1616U   0x007e56    program     extern E:\3.46\pic18-lt\cxx-framework\src\traditional\math\fxd1616u.c
                 FXD2424S   0x007aa6    program     extern E:\3.46\pic18-lt\cxx-framework\src\traditional\math\fxd2424s.asm
                 FXD2424U   0x007e1c    program     extern E:\3.46\pic18-lt\cxx-framework\src\traditional\math\fxd2424u.c
                 FXD3232S   0x007b00    program     extern E:\3.46\pic18-lt\cxx-framework\src\traditional\math\fxd3232s.asm
                 FXD3232U   0x007dd4    program     extern E:\3.46\pic18-lt\cxx-framework\src\traditional\math\fxd3232u.c
                  FXM3232   0x007d64    program     extern E:\3.46\pic18-lt\cxx-framework\src\traditional\math\fxm3232.c
             GetSensorCOD   0x003590    program     extern E:\TKLL\Bai9_Uart_EMS_Sensor_Calib\LOGIC-DESGIN-PROJECT\main.c
            GetSensorFLOW   0x003a36    program     extern E:\TKLL\Bai9_Uart_EMS_Sensor_Calib\LOGIC-DESGIN-PROJECT\main.c
             GetSensorNH4   0x0037e2    program     extern E:\TKLL\Bai9_Uart_EMS_Sensor_Calib\LOGIC-DESGIN-PROJECT\main.c
             GetSensorNO3   0x00390c    program     extern E:\TKLL\Bai9_Uart_EMS_Sensor_Calib\LOGIC-DESGIN-PROJECT\main.c
              GetSensorPH   0x00333e    program     extern E:\TKLL\Bai9_Uart_EMS_Sensor_Calib\LOGIC-DESGIN-PROJECT\main.c
              GetSensorSS   0x003466    program     extern E:\TKLL\Bai9_Uart_EMS_Sensor_Calib\LOGIC-DESGIN-PROJECT\main.c
             GetSensorTMP   0x0036b8    program     extern E:\TKLL\Bai9_Uart_EMS_Sensor_Calib\LOGIC-DESGIN-PROJECT\main.c
      InterruptVectorHigh   0x000008    program     extern E:\TKLL\Bai9_Uart_EMS_Sensor_Calib\LOGIC-DESGIN-PROJECT\interrupt\interrupt.c
       InterruptVectorLow   0x000018    program     extern E:\TKLL\Bai9_Uart_EMS_Sensor_Calib\LOGIC-DESGIN-PROJECT\interrupt\interrupt.c
                LcdClearS   0x004aa6    program     extern E:\TKLL\Bai9_Uart_EMS_Sensor_Calib\LOGIC-DESGIN-PROJECT\lcd\lcd.c
            LcdPrintCharS   0x004cec    program     extern E:\TKLL\Bai9_Uart_EMS_Sensor_Calib\LOGIC-DESGIN-PROJECT\lcd\lcd.c
              LcdPrintNum   0x0049e4    program     extern E:\TKLL\Bai9_Uart_EMS_Sensor_Calib\LOGIC-DESGIN-PROJECT\lcd\lcd.c
      LcdPrintNumPercentS   0x004fe6    program     extern E:\TKLL\Bai9_Uart_EMS_Sensor_Calib\LOGIC-DESGIN-PROJECT\lcd\lcd.c
             LcdPrintNumS   0x004d42    program     extern E:\TKLL\Bai9_Uart_EMS_Sensor_Calib\LOGIC-DESGIN-PROJECT\lcd\lcd.c
           LcdPrintString   0x004a2c    program     extern E:\TKLL\Bai9_Uart_EMS_Sensor_Calib\LOGIC-DESGIN-PROJECT\lcd\lcd.c
          LcdPrintStringS   0x004f90    program     extern E:\TKLL\Bai9_Uart_EMS_Sensor_Calib\LOGIC-DESGIN-PROJECT\lcd\lcd.c
               OpenOutput   0x003186    program     extern E:\TKLL\Bai9_Uart_EMS_Sensor_Calib\LOGIC-DESGIN-PROJECT\main.c
                Read_time   0x007bd8    program     extern E:\TKLL\Bai9_Uart_EMS_Sensor_Calib\LOGIC-DESGIN-PROJECT\button_matrix\clock.c
            ReverseOutput   0x003226    program     extern E:\TKLL\Bai9_Uart_EMS_Sensor_Calib\LOGIC-DESGIN-PROJECT\main.c
                  SetHour   0x001d0e    program     extern E:\TKLL\Bai9_Uart_EMS_Sensor_Calib\LOGIC-DESGIN-PROJECT\button_matrix\display.c
             SetTimer0_ms   0x007092    program     extern E:\TKLL\Bai9_Uart_EMS_Sensor_Calib\LOGIC-DESGIN-PROJECT\timer\timer.c
             SetTimer1_ms   0x0070b6    program     extern E:\TKLL\Bai9_Uart_EMS_Sensor_Calib\LOGIC-DESGIN-PROJECT\timer\timer.c
             SetTimer3_ms   0x0070f4    program     extern E:\TKLL\Bai9_Uart_EMS_Sensor_Calib\LOGIC-DESGIN-PROJECT\timer\timer.c
                 Set_Time   0x007b68    program     extern E:\TKLL\Bai9_Uart_EMS_Sensor_Calib\LOGIC-DESGIN-PROJECT\button_matrix\clock.c
       SimulateFull_Gimat   0x003b60    program     extern E:\TKLL\Bai9_Uart_EMS_Sensor_Calib\LOGIC-DESGIN-PROJECT\main.c
               TestOutput   0x0032a2    program     extern E:\TKLL\Bai9_Uart_EMS_Sensor_Calib\LOGIC-DESGIN-PROJECT\main.c
              UartSendNum   0x0068aa    program     extern E:\TKLL\Bai9_Uart_EMS_Sensor_Calib\LOGIC-DESGIN-PROJECT\uart\uart.c
       UartSendNumPercent   0x006ae0    program     extern E:\TKLL\Bai9_Uart_EMS_Sensor_Calib\LOGIC-DESGIN-PROJECT\uart\uart.c
           UartSendString   0x00677c    program     extern E:\TKLL\Bai9_Uart_EMS_Sensor_Calib\LOGIC-DESGIN-PROJECT\uart\uart.c
       ___return_lbl00000   0x007e54    program     static                          
       ___return_lbl00000   0x007e1a    program     static                          
       ___return_lbl00000   0x000004    program     static                          
       ___return_lbl00000   0x007dd2    program     static                          
       ___return_lbl00000   0x007e80    program     static                          
       ___return_lbl00000   0x007ed8    program     static                          
       ___return_lbl00001   0x007ebc    program     static                          
       ___return_lbl00002   0x007cd6    program     static                          
       ___return_lbl00002   0x00001c    program     static                          
       ___return_lbl00003   0x00000c    program     static                          
               __config_0   0x300001    program     static E:\TKLL\Bai9_Uart_EMS_Sensor_Calib\LOGIC-DESGIN-PROJECT\main.c
               __config_1   0x300002    program     static E:\TKLL\Bai9_Uart_EMS_Sensor_Calib\LOGIC-DESGIN-PROJECT\main.c
              __config_10   0x30000d    program     static E:\TKLL\Bai9_Uart_EMS_Sensor_Calib\LOGIC-DESGIN-PROJECT\main.c
               __config_2   0x300003    program     static E:\TKLL\Bai9_Uart_EMS_Sensor_Calib\LOGIC-DESGIN-PROJECT\main.c
               __config_3   0x300005    program     static E:\TKLL\Bai9_Uart_EMS_Sensor_Calib\LOGIC-DESGIN-PROJECT\main.c
               __config_4   0x300006    program     static E:\TKLL\Bai9_Uart_EMS_Sensor_Calib\LOGIC-DESGIN-PROJECT\main.c
               __config_5   0x300008    program     static E:\TKLL\Bai9_Uart_EMS_Sensor_Calib\LOGIC-DESGIN-PROJECT\main.c
               __config_6   0x300009    program     static E:\TKLL\Bai9_Uart_EMS_Sensor_Calib\LOGIC-DESGIN-PROJECT\main.c
               __config_7   0x30000a    program     static E:\TKLL\Bai9_Uart_EMS_Sensor_Calib\LOGIC-DESGIN-PROJECT\main.c
               __config_8   0x30000b    program     static E:\TKLL\Bai9_Uart_EMS_Sensor_Calib\LOGIC-DESGIN-PROJECT\main.c
               __config_9   0x30000c    program     static E:\TKLL\Bai9_Uart_EMS_Sensor_Calib\LOGIC-DESGIN-PROJECT\main.c
                   __init   0x000006    program     extern E:\3.46\pic18-lt\cxx-framework\src\traditional\stdclib\__init.c
               __string_0   0x006046    program     static E:\TKLL\Bai9_Uart_EMS_Sensor_Calib\LOGIC-DESGIN-PROJECT\uart\uart.c
               __string_0   0x006096    program     static E:\TKLL\Bai9_Uart_EMS_Sensor_Calib\LOGIC-DESGIN-PROJECT\main.c
               __string_0   0x006676    program     static E:\TKLL\Bai9_Uart_EMS_Sensor_Calib\LOGIC-DESGIN-PROJECT\button_matrix\display.c
               __string_0   0x006044    program     static E:\TKLL\Bai9_Uart_EMS_Sensor_Calib\LOGIC-DESGIN-PROJECT\lcd\lcd.c
               __string_0   0x0060c0    program     static E:\TKLL\Bai9_Uart_EMS_Sensor_Calib\LOGIC-DESGIN-PROJECT\button_matrix\fsm.c
               __string_1   0x00608d    program     static E:\TKLL\Bai9_Uart_EMS_Sensor_Calib\LOGIC-DESGIN-PROJECT\main.c
               __string_1   0x0060af    program     static E:\TKLL\Bai9_Uart_EMS_Sensor_Calib\LOGIC-DESGIN-PROJECT\button_matrix\fsm.c
               __string_1   0x006673    program     static E:\TKLL\Bai9_Uart_EMS_Sensor_Calib\LOGIC-DESGIN-PROJECT\button_matrix\display.c
              __string_10   0x00664f    program     static E:\TKLL\Bai9_Uart_EMS_Sensor_Calib\LOGIC-DESGIN-PROJECT\button_matrix\display.c
             __string_100   0x006246    program     static E:\TKLL\Bai9_Uart_EMS_Sensor_Calib\LOGIC-DESGIN-PROJECT\button_matrix\display.c
             __string_101   0x00623c    program     static E:\TKLL\Bai9_Uart_EMS_Sensor_Calib\LOGIC-DESGIN-PROJECT\button_matrix\display.c
             __string_102   0x006235    program     static E:\TKLL\Bai9_Uart_EMS_Sensor_Calib\LOGIC-DESGIN-PROJECT\button_matrix\display.c
             __string_103   0x00622a    program     static E:\TKLL\Bai9_Uart_EMS_Sensor_Calib\LOGIC-DESGIN-PROJECT\button_matrix\display.c
             __string_104   0x006220    program     static E:\TKLL\Bai9_Uart_EMS_Sensor_Calib\LOGIC-DESGIN-PROJECT\button_matrix\display.c
             __string_105   0x006211    program     static E:\TKLL\Bai9_Uart_EMS_Sensor_Calib\LOGIC-DESGIN-PROJECT\button_matrix\display.c
             __string_106   0x00620f    program     static E:\TKLL\Bai9_Uart_EMS_Sensor_Calib\LOGIC-DESGIN-PROJECT\button_matrix\display.c
             __string_107   0x00620c    program     static E:\TKLL\Bai9_Uart_EMS_Sensor_Calib\LOGIC-DESGIN-PROJECT\button_matrix\display.c
             __string_108   0x0061fb    program     static E:\TKLL\Bai9_Uart_EMS_Sensor_Calib\LOGIC-DESGIN-PROJECT\button_matrix\display.c
             __string_109   0x0061f7    program     static E:\TKLL\Bai9_Uart_EMS_Sensor_Calib\LOGIC-DESGIN-PROJECT\button_matrix\display.c
              __string_11   0x00664b    program     static E:\TKLL\Bai9_Uart_EMS_Sensor_Calib\LOGIC-DESGIN-PROJECT\button_matrix\display.c
             __string_110   0x0061f3    program     static E:\TKLL\Bai9_Uart_EMS_Sensor_Calib\LOGIC-DESGIN-PROJECT\button_matrix\display.c
             __string_111   0x0061ee    program     static E:\TKLL\Bai9_Uart_EMS_Sensor_Calib\LOGIC-DESGIN-PROJECT\button_matrix\display.c
             __string_112   0x0061e9    program     static E:\TKLL\Bai9_Uart_EMS_Sensor_Calib\LOGIC-DESGIN-PROJECT\button_matrix\display.c
             __string_113   0x0061e4    program     static E:\TKLL\Bai9_Uart_EMS_Sensor_Calib\LOGIC-DESGIN-PROJECT\button_matrix\display.c
             __string_114   0x0061df    program     static E:\TKLL\Bai9_Uart_EMS_Sensor_Calib\LOGIC-DESGIN-PROJECT\button_matrix\display.c
             __string_115   0x0061d9    program     static E:\TKLL\Bai9_Uart_EMS_Sensor_Calib\LOGIC-DESGIN-PROJECT\button_matrix\display.c
             __string_116   0x0061d4    program     static E:\TKLL\Bai9_Uart_EMS_Sensor_Calib\LOGIC-DESGIN-PROJECT\button_matrix\display.c
             __string_117   0x0061d0    program     static E:\TKLL\Bai9_Uart_EMS_Sensor_Calib\LOGIC-DESGIN-PROJECT\button_matrix\display.c
             __string_118   0x0061bf    program     static E:\TKLL\Bai9_Uart_EMS_Sensor_Calib\LOGIC-DESGIN-PROJECT\button_matrix\display.c
             __string_119   0x0061ae    program     static E:\TKLL\Bai9_Uart_EMS_Sensor_Calib\LOGIC-DESGIN-PROJECT\button_matrix\display.c
              __string_12   0x006647    program     static E:\TKLL\Bai9_Uart_EMS_Sensor_Calib\LOGIC-DESGIN-PROJECT\button_matrix\display.c
             __string_120   0x00619d    program     static E:\TKLL\Bai9_Uart_EMS_Sensor_Calib\LOGIC-DESGIN-PROJECT\button_matrix\display.c
             __string_121   0x00618c    program     static E:\TKLL\Bai9_Uart_EMS_Sensor_Calib\LOGIC-DESGIN-PROJECT\button_matrix\display.c
             __string_122   0x00617b    program     static E:\TKLL\Bai9_Uart_EMS_Sensor_Calib\LOGIC-DESGIN-PROJECT\button_matrix\display.c
             __string_123   0x00616a    program     static E:\TKLL\Bai9_Uart_EMS_Sensor_Calib\LOGIC-DESGIN-PROJECT\button_matrix\display.c
             __string_124   0x006159    program     static E:\TKLL\Bai9_Uart_EMS_Sensor_Calib\LOGIC-DESGIN-PROJECT\button_matrix\display.c
             __string_125   0x006148    program     static E:\TKLL\Bai9_Uart_EMS_Sensor_Calib\LOGIC-DESGIN-PROJECT\button_matrix\display.c
             __string_126   0x006137    program     static E:\TKLL\Bai9_Uart_EMS_Sensor_Calib\LOGIC-DESGIN-PROJECT\button_matrix\display.c
             __string_127   0x006126    program     static E:\TKLL\Bai9_Uart_EMS_Sensor_Calib\LOGIC-DESGIN-PROJECT\button_matrix\display.c
             __string_128   0x006115    program     static E:\TKLL\Bai9_Uart_EMS_Sensor_Calib\LOGIC-DESGIN-PROJECT\button_matrix\display.c
             __string_129   0x006104    program     static E:\TKLL\Bai9_Uart_EMS_Sensor_Calib\LOGIC-DESGIN-PROJECT\button_matrix\display.c
              __string_13   0x006643    program     static E:\TKLL\Bai9_Uart_EMS_Sensor_Calib\LOGIC-DESGIN-PROJECT\button_matrix\display.c
             __string_130   0x0060f3    program     static E:\TKLL\Bai9_Uart_EMS_Sensor_Calib\LOGIC-DESGIN-PROJECT\button_matrix\display.c
             __string_131   0x0060e2    program     static E:\TKLL\Bai9_Uart_EMS_Sensor_Calib\LOGIC-DESGIN-PROJECT\button_matrix\display.c
             __string_132   0x0060d1    program     static E:\TKLL\Bai9_Uart_EMS_Sensor_Calib\LOGIC-DESGIN-PROJECT\button_matrix\display.c
              __string_14   0x00663f    program     static E:\TKLL\Bai9_Uart_EMS_Sensor_Calib\LOGIC-DESGIN-PROJECT\button_matrix\display.c
              __string_15   0x00663d    program     static E:\TKLL\Bai9_Uart_EMS_Sensor_Calib\LOGIC-DESGIN-PROJECT\button_matrix\display.c
              __string_16   0x006639    program     static E:\TKLL\Bai9_Uart_EMS_Sensor_Calib\LOGIC-DESGIN-PROJECT\button_matrix\display.c
              __string_17   0x006635    program     static E:\TKLL\Bai9_Uart_EMS_Sensor_Calib\LOGIC-DESGIN-PROJECT\button_matrix\display.c
              __string_18   0x006631    program     static E:\TKLL\Bai9_Uart_EMS_Sensor_Calib\LOGIC-DESGIN-PROJECT\button_matrix\display.c
              __string_19   0x00662d    program     static E:\TKLL\Bai9_Uart_EMS_Sensor_Calib\LOGIC-DESGIN-PROJECT\button_matrix\display.c
               __string_2   0x00666f    program     static E:\TKLL\Bai9_Uart_EMS_Sensor_Calib\LOGIC-DESGIN-PROJECT\button_matrix\display.c
               __string_2   0x006081    program     static E:\TKLL\Bai9_Uart_EMS_Sensor_Calib\LOGIC-DESGIN-PROJECT\main.c
              __string_20   0x006629    program     static E:\TKLL\Bai9_Uart_EMS_Sensor_Calib\LOGIC-DESGIN-PROJECT\button_matrix\display.c
              __string_21   0x006625    program     static E:\TKLL\Bai9_Uart_EMS_Sensor_Calib\LOGIC-DESGIN-PROJECT\button_matrix\display.c
              __string_22   0x006621    program     static E:\TKLL\Bai9_Uart_EMS_Sensor_Calib\LOGIC-DESGIN-PROJECT\button_matrix\display.c
              __string_23   0x00661d    program     static E:\TKLL\Bai9_Uart_EMS_Sensor_Calib\LOGIC-DESGIN-PROJECT\button_matrix\display.c
              __string_24   0x006619    program     static E:\TKLL\Bai9_Uart_EMS_Sensor_Calib\LOGIC-DESGIN-PROJECT\button_matrix\display.c
              __string_25   0x006615    program     static E:\TKLL\Bai9_Uart_EMS_Sensor_Calib\LOGIC-DESGIN-PROJECT\button_matrix\display.c
              __string_26   0x006611    program     static E:\TKLL\Bai9_Uart_EMS_Sensor_Calib\LOGIC-DESGIN-PROJECT\button_matrix\display.c
              __string_27   0x00660d    program     static E:\TKLL\Bai9_Uart_EMS_Sensor_Calib\LOGIC-DESGIN-PROJECT\button_matrix\display.c
              __string_28   0x00660b    program     static E:\TKLL\Bai9_Uart_EMS_Sensor_Calib\LOGIC-DESGIN-PROJECT\button_matrix\display.c
              __string_29   0x0065fa    program     static E:\TKLL\Bai9_Uart_EMS_Sensor_Calib\LOGIC-DESGIN-PROJECT\button_matrix\display.c
               __string_3   0x00666b    program     static E:\TKLL\Bai9_Uart_EMS_Sensor_Calib\LOGIC-DESGIN-PROJECT\button_matrix\display.c
               __string_3   0x006075    program     static E:\TKLL\Bai9_Uart_EMS_Sensor_Calib\LOGIC-DESGIN-PROJECT\main.c
              __string_30   0x0065e9    program     static E:\TKLL\Bai9_Uart_EMS_Sensor_Calib\LOGIC-DESGIN-PROJECT\button_matrix\display.c
              __string_31   0x0065d8    program     static E:\TKLL\Bai9_Uart_EMS_Sensor_Calib\LOGIC-DESGIN-PROJECT\button_matrix\display.c
              __string_32   0x0065c7    program     static E:\TKLL\Bai9_Uart_EMS_Sensor_Calib\LOGIC-DESGIN-PROJECT\button_matrix\display.c
              __string_33   0x0065b6    program     static E:\TKLL\Bai9_Uart_EMS_Sensor_Calib\LOGIC-DESGIN-PROJECT\button_matrix\display.c
              __string_34   0x0065a5    program     static E:\TKLL\Bai9_Uart_EMS_Sensor_Calib\LOGIC-DESGIN-PROJECT\button_matrix\display.c
              __string_35   0x006594    program     static E:\TKLL\Bai9_Uart_EMS_Sensor_Calib\LOGIC-DESGIN-PROJECT\button_matrix\display.c
              __string_36   0x006583    program     static E:\TKLL\Bai9_Uart_EMS_Sensor_Calib\LOGIC-DESGIN-PROJECT\button_matrix\display.c
              __string_37   0x006572    program     static E:\TKLL\Bai9_Uart_EMS_Sensor_Calib\LOGIC-DESGIN-PROJECT\button_matrix\display.c
              __string_38   0x006561    program     static E:\TKLL\Bai9_Uart_EMS_Sensor_Calib\LOGIC-DESGIN-PROJECT\button_matrix\display.c
              __string_39   0x006550    program     static E:\TKLL\Bai9_Uart_EMS_Sensor_Calib\LOGIC-DESGIN-PROJECT\button_matrix\display.c
               __string_4   0x006667    program     static E:\TKLL\Bai9_Uart_EMS_Sensor_Calib\LOGIC-DESGIN-PROJECT\button_matrix\display.c
               __string_4   0x00606c    program     static E:\TKLL\Bai9_Uart_EMS_Sensor_Calib\LOGIC-DESGIN-PROJECT\main.c
              __string_40   0x00653f    program     static E:\TKLL\Bai9_Uart_EMS_Sensor_Calib\LOGIC-DESGIN-PROJECT\button_matrix\display.c
              __string_41   0x00652e    program     static E:\TKLL\Bai9_Uart_EMS_Sensor_Calib\LOGIC-DESGIN-PROJECT\button_matrix\display.c
              __string_42   0x00651d    program     static E:\TKLL\Bai9_Uart_EMS_Sensor_Calib\LOGIC-DESGIN-PROJECT\button_matrix\display.c
              __string_43   0x00650c    program     static E:\TKLL\Bai9_Uart_EMS_Sensor_Calib\LOGIC-DESGIN-PROJECT\button_matrix\display.c
              __string_44   0x0064fb    program     static E:\TKLL\Bai9_Uart_EMS_Sensor_Calib\LOGIC-DESGIN-PROJECT\button_matrix\display.c
              __string_45   0x0064ea    program     static E:\TKLL\Bai9_Uart_EMS_Sensor_Calib\LOGIC-DESGIN-PROJECT\button_matrix\display.c
              __string_46   0x0064d9    program     static E:\TKLL\Bai9_Uart_EMS_Sensor_Calib\LOGIC-DESGIN-PROJECT\button_matrix\display.c
              __string_47   0x0064c8    program     static E:\TKLL\Bai9_Uart_EMS_Sensor_Calib\LOGIC-DESGIN-PROJECT\button_matrix\display.c
              __string_48   0x0064b7    program     static E:\TKLL\Bai9_Uart_EMS_Sensor_Calib\LOGIC-DESGIN-PROJECT\button_matrix\display.c
              __string_49   0x0064a6    program     static E:\TKLL\Bai9_Uart_EMS_Sensor_Calib\LOGIC-DESGIN-PROJECT\button_matrix\display.c
               __string_5   0x006663    program     static E:\TKLL\Bai9_Uart_EMS_Sensor_Calib\LOGIC-DESGIN-PROJECT\button_matrix\display.c
               __string_5   0x006060    program     static E:\TKLL\Bai9_Uart_EMS_Sensor_Calib\LOGIC-DESGIN-PROJECT\main.c
              __string_50   0x006495    program     static E:\TKLL\Bai9_Uart_EMS_Sensor_Calib\LOGIC-DESGIN-PROJECT\button_matrix\display.c
              __string_51   0x006484    program     static E:\TKLL\Bai9_Uart_EMS_Sensor_Calib\LOGIC-DESGIN-PROJECT\button_matrix\display.c
              __string_52   0x006473    program     static E:\TKLL\Bai9_Uart_EMS_Sensor_Calib\LOGIC-DESGIN-PROJECT\button_matrix\display.c
              __string_53   0x006462    program     static E:\TKLL\Bai9_Uart_EMS_Sensor_Calib\LOGIC-DESGIN-PROJECT\button_matrix\display.c
              __string_54   0x006451    program     static E:\TKLL\Bai9_Uart_EMS_Sensor_Calib\LOGIC-DESGIN-PROJECT\button_matrix\display.c
              __string_55   0x006440    program     static E:\TKLL\Bai9_Uart_EMS_Sensor_Calib\LOGIC-DESGIN-PROJECT\button_matrix\display.c
              __string_56   0x00642f    program     static E:\TKLL\Bai9_Uart_EMS_Sensor_Calib\LOGIC-DESGIN-PROJECT\button_matrix\display.c
              __string_57   0x00641e    program     static E:\TKLL\Bai9_Uart_EMS_Sensor_Calib\LOGIC-DESGIN-PROJECT\button_matrix\display.c
              __string_58   0x00640d    program     static E:\TKLL\Bai9_Uart_EMS_Sensor_Calib\LOGIC-DESGIN-PROJECT\button_matrix\display.c
              __string_59   0x0063fc    program     static E:\TKLL\Bai9_Uart_EMS_Sensor_Calib\LOGIC-DESGIN-PROJECT\button_matrix\display.c
               __string_6   0x006053    program     static E:\TKLL\Bai9_Uart_EMS_Sensor_Calib\LOGIC-DESGIN-PROJECT\main.c
               __string_6   0x00665f    program     static E:\TKLL\Bai9_Uart_EMS_Sensor_Calib\LOGIC-DESGIN-PROJECT\button_matrix\display.c
              __string_60   0x0063eb    program     static E:\TKLL\Bai9_Uart_EMS_Sensor_Calib\LOGIC-DESGIN-PROJECT\button_matrix\display.c
              __string_61   0x0063da    program     static E:\TKLL\Bai9_Uart_EMS_Sensor_Calib\LOGIC-DESGIN-PROJECT\button_matrix\display.c
              __string_62   0x0063c9    program     static E:\TKLL\Bai9_Uart_EMS_Sensor_Calib\LOGIC-DESGIN-PROJECT\button_matrix\display.c
              __string_63   0x0063b8    program     static E:\TKLL\Bai9_Uart_EMS_Sensor_Calib\LOGIC-DESGIN-PROJECT\button_matrix\display.c
              __string_64   0x0063a7    program     static E:\TKLL\Bai9_Uart_EMS_Sensor_Calib\LOGIC-DESGIN-PROJECT\button_matrix\display.c
              __string_65   0x006396    program     static E:\TKLL\Bai9_Uart_EMS_Sensor_Calib\LOGIC-DESGIN-PROJECT\button_matrix\display.c
              __string_66   0x006385    program     static E:\TKLL\Bai9_Uart_EMS_Sensor_Calib\LOGIC-DESGIN-PROJECT\button_matrix\display.c
              __string_67   0x006374    program     static E:\TKLL\Bai9_Uart_EMS_Sensor_Calib\LOGIC-DESGIN-PROJECT\button_matrix\display.c
              __string_68   0x006363    program     static E:\TKLL\Bai9_Uart_EMS_Sensor_Calib\LOGIC-DESGIN-PROJECT\button_matrix\display.c
              __string_69   0x006352    program     static E:\TKLL\Bai9_Uart_EMS_Sensor_Calib\LOGIC-DESGIN-PROJECT\button_matrix\display.c
               __string_7   0x00665b    program     static E:\TKLL\Bai9_Uart_EMS_Sensor_Calib\LOGIC-DESGIN-PROJECT\button_matrix\display.c
               __string_7   0x00604a    program     static E:\TKLL\Bai9_Uart_EMS_Sensor_Calib\LOGIC-DESGIN-PROJECT\main.c
              __string_70   0x006341    program     static E:\TKLL\Bai9_Uart_EMS_Sensor_Calib\LOGIC-DESGIN-PROJECT\button_matrix\display.c
              __string_71   0x006330    program     static E:\TKLL\Bai9_Uart_EMS_Sensor_Calib\LOGIC-DESGIN-PROJECT\button_matrix\display.c
              __string_72   0x00631f    program     static E:\TKLL\Bai9_Uart_EMS_Sensor_Calib\LOGIC-DESGIN-PROJECT\button_matrix\display.c
              __string_73   0x00630e    program     static E:\TKLL\Bai9_Uart_EMS_Sensor_Calib\LOGIC-DESGIN-PROJECT\button_matrix\display.c
              __string_74   0x006306    program     static E:\TKLL\Bai9_Uart_EMS_Sensor_Calib\LOGIC-DESGIN-PROJECT\button_matrix\display.c
              __string_75   0x006300    program     static E:\TKLL\Bai9_Uart_EMS_Sensor_Calib\LOGIC-DESGIN-PROJECT\button_matrix\display.c
              __string_76   0x0062fb    program     static E:\TKLL\Bai9_Uart_EMS_Sensor_Calib\LOGIC-DESGIN-PROJECT\button_matrix\display.c
              __string_77   0x0062f7    program     static E:\TKLL\Bai9_Uart_EMS_Sensor_Calib\LOGIC-DESGIN-PROJECT\button_matrix\display.c
              __string_78   0x0062f4    program     static E:\TKLL\Bai9_Uart_EMS_Sensor_Calib\LOGIC-DESGIN-PROJECT\button_matrix\display.c
              __string_79   0x0062ec    program     static E:\TKLL\Bai9_Uart_EMS_Sensor_Calib\LOGIC-DESGIN-PROJECT\button_matrix\display.c
               __string_8   0x006657    program     static E:\TKLL\Bai9_Uart_EMS_Sensor_Calib\LOGIC-DESGIN-PROJECT\button_matrix\display.c
              __string_80   0x0062e3    program     static E:\TKLL\Bai9_Uart_EMS_Sensor_Calib\LOGIC-DESGIN-PROJECT\button_matrix\display.c
              __string_81   0x0062da    program     static E:\TKLL\Bai9_Uart_EMS_Sensor_Calib\LOGIC-DESGIN-PROJECT\button_matrix\display.c
              __string_82   0x0062d4    program     static E:\TKLL\Bai9_Uart_EMS_Sensor_Calib\LOGIC-DESGIN-PROJECT\button_matrix\display.c
              __string_83   0x0062cc    program     static E:\TKLL\Bai9_Uart_EMS_Sensor_Calib\LOGIC-DESGIN-PROJECT\button_matrix\display.c
              __string_84   0x0062c8    program     static E:\TKLL\Bai9_Uart_EMS_Sensor_Calib\LOGIC-DESGIN-PROJECT\button_matrix\display.c
              __string_85   0x0062bf    program     static E:\TKLL\Bai9_Uart_EMS_Sensor_Calib\LOGIC-DESGIN-PROJECT\button_matrix\display.c
              __string_86   0x0062bb    program     static E:\TKLL\Bai9_Uart_EMS_Sensor_Calib\LOGIC-DESGIN-PROJECT\button_matrix\display.c
              __string_87   0x0062b5    program     static E:\TKLL\Bai9_Uart_EMS_Sensor_Calib\LOGIC-DESGIN-PROJECT\button_matrix\display.c
              __string_88   0x0062ad    program     static E:\TKLL\Bai9_Uart_EMS_Sensor_Calib\LOGIC-DESGIN-PROJECT\button_matrix\display.c
              __string_89   0x0062a4    program     static E:\TKLL\Bai9_Uart_EMS_Sensor_Calib\LOGIC-DESGIN-PROJECT\button_matrix\display.c
               __string_9   0x006653    program     static E:\TKLL\Bai9_Uart_EMS_Sensor_Calib\LOGIC-DESGIN-PROJECT\button_matrix\display.c
              __string_90   0x00629d    program     static E:\TKLL\Bai9_Uart_EMS_Sensor_Calib\LOGIC-DESGIN-PROJECT\button_matrix\display.c
              __string_91   0x006294    program     static E:\TKLL\Bai9_Uart_EMS_Sensor_Calib\LOGIC-DESGIN-PROJECT\button_matrix\display.c
              __string_92   0x00628a    program     static E:\TKLL\Bai9_Uart_EMS_Sensor_Calib\LOGIC-DESGIN-PROJECT\button_matrix\display.c
              __string_93   0x006283    program     static E:\TKLL\Bai9_Uart_EMS_Sensor_Calib\LOGIC-DESGIN-PROJECT\button_matrix\display.c
              __string_94   0x00627a    program     static E:\TKLL\Bai9_Uart_EMS_Sensor_Calib\LOGIC-DESGIN-PROJECT\button_matrix\display.c
              __string_95   0x006270    program     static E:\TKLL\Bai9_Uart_EMS_Sensor_Calib\LOGIC-DESGIN-PROJECT\button_matrix\display.c
              __string_96   0x006269    program     static E:\TKLL\Bai9_Uart_EMS_Sensor_Calib\LOGIC-DESGIN-PROJECT\button_matrix\display.c
              __string_97   0x006260    program     static E:\TKLL\Bai9_Uart_EMS_Sensor_Calib\LOGIC-DESGIN-PROJECT\button_matrix\display.c
              __string_98   0x006256    program     static E:\TKLL\Bai9_Uart_EMS_Sensor_Calib\LOGIC-DESGIN-PROJECT\button_matrix\display.c
              __string_99   0x00624f    program     static E:\TKLL\Bai9_Uart_EMS_Sensor_Calib\LOGIC-DESGIN-PROJECT\button_matrix\display.c
             __tmplbl_100   0x00603e    program     static                          
             __tmplbl_101   0x006042    program     static                          
             __tmplbl_102   0x006042    program     static                          
             __tmplbl_103   0x006042    program     static                          
             __tmplbl_104   0x006042    program     static                          
              __tmplbl_90   0x005eea    program     static                          
              __tmplbl_91   0x005b0a    program     static                          
              __tmplbl_99   0x00603e    program     static                          
            __zero_memory   0x007e82    program     extern E:\3.46\pic18-lt\cxx-framework\src\traditional\proc\p18f4620.asm
                _do_cinit   0x007c3a    program     extern E:\3.46\pic18-lt\cxx-framework\src\traditional\startup\c018i.c
                   _entry   0x000000    program     extern E:\3.46\pic18-lt\cxx-framework\src\traditional\startup\c018i.c
                   _false   0x007e50    program     static                          
                   _false   0x007e16    program     static                          
                 _startup   0x007ea2    program     extern E:\3.46\pic18-lt\cxx-framework\src\traditional\startup\c018i.c
               adjustTime   0x0020c8    program     extern E:\TKLL\Bai9_Uart_EMS_Sensor_Calib\LOGIC-DESGIN-PROJECT\button_matrix\display.c
          button_delay_ms   0x007408    program     extern E:\TKLL\Bai9_Uart_EMS_Sensor_Calib\LOGIC-DESGIN-PROJECT\button_matrix\button.c
                compare_l   0x007e98    program     static E:\3.46\pic18-lt\cxx-framework\src\traditional\proc\p18f4620.asm
                copy_loop   0x007cac    program     static                          
            copy_one_byte   0x007cb2    program     static                          
                delay_i2c   0x0076b0    program     extern E:\TKLL\Bai9_Uart_EMS_Sensor_Calib\LOGIC-DESGIN-PROJECT\button_matrix\i2c.c
                 delay_ms   0x00307a    program     extern E:\TKLL\Bai9_Uart_EMS_Sensor_Calib\LOGIC-DESGIN-PROJECT\main.c
            display_Alarm   0x002826    program     extern E:\TKLL\Bai9_Uart_EMS_Sensor_Calib\LOGIC-DESGIN-PROJECT\button_matrix\display.c
             display_Menu   0x0004ea    program     extern E:\TKLL\Bai9_Uart_EMS_Sensor_Calib\LOGIC-DESGIN-PROJECT\button_matrix\display.c
    display_Set_Threshold   0x00064e    program     extern E:\TKLL\Bai9_Uart_EMS_Sensor_Calib\LOGIC-DESGIN-PROJECT\button_matrix\display.c
    display_Setting_Alarm   0x00240c    program     extern E:\TKLL\Bai9_Uart_EMS_Sensor_Calib\LOGIC-DESGIN-PROJECT\button_matrix\display.c
             display_Time   0x000098    program     extern E:\TKLL\Bai9_Uart_EMS_Sensor_Calib\LOGIC-DESGIN-PROJECT\button_matrix\display.c
          display_Warning   0x00126e    program     extern E:\TKLL\Bai9_Uart_EMS_Sensor_Calib\LOGIC-DESGIN-PROJECT\button_matrix\display.c
display_detail_sensor_val   0x002c3a    program     extern E:\TKLL\Bai9_Uart_EMS_Sensor_Calib\LOGIC-DESGIN-PROJECT\button_matrix\display.c
        display_input_val   0x000916    program     extern E:\TKLL\Bai9_Uart_EMS_Sensor_Calib\LOGIC-DESGIN-PROJECT\button_matrix\display.c
display_menu_detail_sensor_val   0x002d80    program     extern E:\TKLL\Bai9_Uart_EMS_Sensor_Calib\LOGIC-DESGIN-PROJECT\button_matrix\display.c
       display_sensor_val   0x0029d4    program     extern E:\TKLL\Bai9_Uart_EMS_Sensor_Calib\LOGIC-DESGIN-PROJECT\button_matrix\display.c
          display_set_ADC   0x0007b2    program     extern E:\TKLL\Bai9_Uart_EMS_Sensor_Calib\LOGIC-DESGIN-PROJECT\button_matrix\display.c
                     done   0x007cd6    program     static                          
             done_copying   0x007cc0    program     static                          
              enableBlink   0x007eda    program     extern E:\TKLL\Bai9_Uart_EMS_Sensor_Calib\LOGIC-DESGIN-PROJECT\button_matrix\global.c
                  endloop   0x007ed4    program     static                          
                  endloop   0x007e7c    program     static                          
                      fsm   0x0052ae    program     extern E:\TKLL\Bai9_Uart_EMS_Sensor_Calib\LOGIC-DESGIN-PROJECT\button_matrix\fsm.c
            get_adc_value   0x007ce6    program     extern E:\TKLL\Bai9_Uart_EMS_Sensor_Calib\LOGIC-DESGIN-PROJECT\adc\adc.c
                 high_isr   0x007950    program     extern E:\TKLL\Bai9_Uart_EMS_Sensor_Calib\LOGIC-DESGIN-PROJECT\interrupt\interrupt.c
            i2c_read_byte   0x007768    program     extern E:\TKLL\Bai9_Uart_EMS_Sensor_Calib\LOGIC-DESGIN-PROJECT\button_matrix\i2c.c
           i2c_start_cond   0x0076d8    program     extern E:\TKLL\Bai9_Uart_EMS_Sensor_Calib\LOGIC-DESGIN-PROJECT\button_matrix\i2c.c
            i2c_stop_cond   0x0076ec    program     extern E:\TKLL\Bai9_Uart_EMS_Sensor_Calib\LOGIC-DESGIN-PROJECT\button_matrix\i2c.c
           i2c_write_byte   0x0076f8    program     extern E:\TKLL\Bai9_Uart_EMS_Sensor_Calib\LOGIC-DESGIN-PROJECT\button_matrix\i2c.c
                 init_adc   0x007cd8    program     extern E:\TKLL\Bai9_Uart_EMS_Sensor_Calib\LOGIC-DESGIN-PROJECT\adc\adc.c
            init_ext_int0   0x00785e    program     extern E:\TKLL\Bai9_Uart_EMS_Sensor_Calib\LOGIC-DESGIN-PROJECT\interrupt\interrupt.c
                 init_i2c   0x0076aa    program     extern E:\TKLL\Bai9_Uart_EMS_Sensor_Calib\LOGIC-DESGIN-PROJECT\button_matrix\i2c.c
           init_interrupt   0x007856    program     extern E:\TKLL\Bai9_Uart_EMS_Sensor_Calib\LOGIC-DESGIN-PROJECT\interrupt\interrupt.c
          init_key_matrix   0x007132    program     extern E:\TKLL\Bai9_Uart_EMS_Sensor_Calib\LOGIC-DESGIN-PROJECT\button_matrix\button.c
init_key_matrix_with_uart   0x00713a    program     extern E:\TKLL\Bai9_Uart_EMS_Sensor_Calib\LOGIC-DESGIN-PROJECT\button_matrix\button.c
                 init_lcd   0x004366    program     extern E:\TKLL\Bai9_Uart_EMS_Sensor_Calib\LOGIC-DESGIN-PROJECT\lcd\lcd.c
              init_system   0x003102    program     extern E:\TKLL\Bai9_Uart_EMS_Sensor_Calib\LOGIC-DESGIN-PROJECT\main.c
              init_timer0   0x006c16    program     extern E:\TKLL\Bai9_Uart_EMS_Sensor_Calib\LOGIC-DESGIN-PROJECT\timer\timer.c
              init_timer1   0x006d5a    program     extern E:\TKLL\Bai9_Uart_EMS_Sensor_Calib\LOGIC-DESGIN-PROJECT\timer\timer.c
              init_timer2   0x006ea4    program     extern E:\TKLL\Bai9_Uart_EMS_Sensor_Calib\LOGIC-DESGIN-PROJECT\timer\timer.c
              init_timer3   0x006edc    program     extern E:\TKLL\Bai9_Uart_EMS_Sensor_Calib\LOGIC-DESGIN-PROJECT\timer\timer.c
                init_uart   0x00667a    program     extern E:\TKLL\Bai9_Uart_EMS_Sensor_Calib\LOGIC-DESGIN-PROJECT\uart\uart.c
            isButtonPress   0x0075b6    program     extern E:\TKLL\Bai9_Uart_EMS_Sensor_Calib\LOGIC-DESGIN-PROJECT\button_matrix\button.c
       isButtonSetTempMax   0x00332e    program     extern E:\TKLL\Bai9_Uart_EMS_Sensor_Calib\LOGIC-DESGIN-PROJECT\main.c
       isButtonSetTempMin   0x00331e    program     extern E:\TKLL\Bai9_Uart_EMS_Sensor_Calib\LOGIC-DESGIN-PROJECT\main.c
                lcd_clear   0x0046b8    program     extern E:\TKLL\Bai9_Uart_EMS_Sensor_Calib\LOGIC-DESGIN-PROJECT\lcd\lcd.c
                lcd_delay   0x0041c6    program     extern E:\TKLL\Bai9_Uart_EMS_Sensor_Calib\LOGIC-DESGIN-PROJECT\lcd\lcd.c
             lcd_power_of   0x0046cc    program     extern E:\TKLL\Bai9_Uart_EMS_Sensor_Calib\LOGIC-DESGIN-PROJECT\lcd\lcd.c
           lcd_print_char   0x004624    program     extern E:\TKLL\Bai9_Uart_EMS_Sensor_Calib\LOGIC-DESGIN-PROJECT\lcd\lcd.c
          lcd_print_charS   0x004a60    program     extern E:\TKLL\Bai9_Uart_EMS_Sensor_Calib\LOGIC-DESGIN-PROJECT\lcd\lcd.c
            lcd_print_num   0x0047ae    program     extern E:\TKLL\Bai9_Uart_EMS_Sensor_Calib\LOGIC-DESGIN-PROJECT\lcd\lcd.c
            lcd_print_str   0x00463e    program     extern E:\TKLL\Bai9_Uart_EMS_Sensor_Calib\LOGIC-DESGIN-PROJECT\lcd\lcd.c
              lcd_putchar   0x00460a    program     extern E:\TKLL\Bai9_Uart_EMS_Sensor_Calib\LOGIC-DESGIN-PROJECT\lcd\lcd.c
          lcd_read_status   0x004474    program     extern E:\TKLL\Bai9_Uart_EMS_Sensor_Calib\LOGIC-DESGIN-PROJECT\lcd\lcd.c
          lcd_sendCommand   0x0042e6    program     extern E:\TKLL\Bai9_Uart_EMS_Sensor_Calib\LOGIC-DESGIN-PROJECT\lcd\lcd.c
           lcd_set_cursor   0x00467e    program     extern E:\TKLL\Bai9_Uart_EMS_Sensor_Calib\LOGIC-DESGIN-PROJECT\lcd\lcd.c
            lcd_wait_busy   0x00452a    program     extern E:\TKLL\Bai9_Uart_EMS_Sensor_Calib\LOGIC-DESGIN-PROJECT\lcd\lcd.c
          lcd_write_4bits   0x00454a    program     extern E:\TKLL\Bai9_Uart_EMS_Sensor_Calib\LOGIC-DESGIN-PROJECT\lcd\lcd.c
            lcd_write_cmd   0x004590    program     extern E:\TKLL\Bai9_Uart_EMS_Sensor_Calib\LOGIC-DESGIN-PROJECT\lcd\lcd.c
           lcd_write_data   0x0045cc    program     extern E:\TKLL\Bai9_Uart_EMS_Sensor_Calib\LOGIC-DESGIN-PROJECT\lcd\lcd.c
                     loop   0x007e60    program     static                          
                     loop   0x007de2    program     static                          
                     loop   0x007e28    program     static                          
                     loop   0x007ec6    program     static                          
                     loop   0x007eb2    program     static                          
                   loop_h   0x007e90    program     static E:\3.46\pic18-lt\cxx-framework\src\traditional\proc\p18f4620.asm
                   loop_l   0x007e9a    program     static E:\3.46\pic18-lt\cxx-framework\src\traditional\proc\p18f4620.asm
                  low_isr   0x007866    program     extern E:\TKLL\Bai9_Uart_EMS_Sensor_Calib\LOGIC-DESGIN-PROJECT\interrupt\interrupt.c
                     main   0x002ee4    program     extern E:\TKLL\Bai9_Uart_EMS_Sensor_Calib\LOGIC-DESGIN-PROJECT\main.c
              read_ds1307   0x00780c    program     extern E:\TKLL\Bai9_Uart_EMS_Sensor_Calib\LOGIC-DESGIN-PROJECT\button_matrix\i2c.c
             read_sda_pin   0x0076d2    program     extern E:\TKLL\Bai9_Uart_EMS_Sensor_Calib\LOGIC-DESGIN-PROJECT\button_matrix\i2c.c
          scan_key_matrix   0x007144    program     extern E:\TKLL\Bai9_Uart_EMS_Sensor_Calib\LOGIC-DESGIN-PROJECT\button_matrix\button.c
     scan_key_matrix_demo   0x007490    program     extern E:\TKLL\Bai9_Uart_EMS_Sensor_Calib\LOGIC-DESGIN-PROJECT\button_matrix\button.c
scan_key_matrix_with_uart   0x0072a2    program     extern E:\TKLL\Bai9_Uart_EMS_Sensor_Calib\LOGIC-DESGIN-PROJECT\button_matrix\button.c
                  setDate   0x001ee2    program     extern E:\TKLL\Bai9_Uart_EMS_Sensor_Calib\LOGIC-DESGIN-PROJECT\button_matrix\display.c
                   setDay   0x001e3a    program     extern E:\TKLL\Bai9_Uart_EMS_Sensor_Calib\LOGIC-DESGIN-PROJECT\button_matrix\display.c
                setMinute   0x001da4    program     extern E:\TKLL\Bai9_Uart_EMS_Sensor_Calib\LOGIC-DESGIN-PROJECT\button_matrix\display.c
                 setMonth   0x001f8a    program     extern E:\TKLL\Bai9_Uart_EMS_Sensor_Calib\LOGIC-DESGIN-PROJECT\button_matrix\display.c
                  setYear   0x002032    program     extern E:\TKLL\Bai9_Uart_EMS_Sensor_Calib\LOGIC-DESGIN-PROJECT\button_matrix\display.c
             start_timer0   0x006cce    program     extern E:\TKLL\Bai9_Uart_EMS_Sensor_Calib\LOGIC-DESGIN-PROJECT\timer\timer.c
             start_timer1   0x006e14    program     extern E:\TKLL\Bai9_Uart_EMS_Sensor_Calib\LOGIC-DESGIN-PROJECT\timer\timer.c
             start_timer2   0x006ed0    program     extern E:\TKLL\Bai9_Uart_EMS_Sensor_Calib\LOGIC-DESGIN-PROJECT\timer\timer.c
             start_timer3   0x006f92    program     extern E:\TKLL\Bai9_Uart_EMS_Sensor_Calib\LOGIC-DESGIN-PROJECT\timer\timer.c
              stop_timer0   0x006cca    program     extern E:\TKLL\Bai9_Uart_EMS_Sensor_Calib\LOGIC-DESGIN-PROJECT\timer\timer.c
              stop_timer1   0x006ea0    program     extern E:\TKLL\Bai9_Uart_EMS_Sensor_Calib\LOGIC-DESGIN-PROJECT\timer\timer.c
              stop_timer2   0x006ed8    program     extern E:\TKLL\Bai9_Uart_EMS_Sensor_Calib\LOGIC-DESGIN-PROJECT\timer\timer.c
              stop_timer3   0x00701e    program     extern E:\TKLL\Bai9_Uart_EMS_Sensor_Calib\LOGIC-DESGIN-PROJECT\timer\timer.c
                     test   0x007c54    program     static                          
               timer0_isr   0x007022    program     extern E:\TKLL\Bai9_Uart_EMS_Sensor_Calib\LOGIC-DESGIN-PROJECT\timer\timer.c
               timer1_isr   0x00703e    program     extern E:\TKLL\Bai9_Uart_EMS_Sensor_Calib\LOGIC-DESGIN-PROJECT\timer\timer.c
               timer2_isr   0x00705a    program     extern E:\TKLL\Bai9_Uart_EMS_Sensor_Calib\LOGIC-DESGIN-PROJECT\timer\timer.c
               timer3_isr   0x007076    program     extern E:\TKLL\Bai9_Uart_EMS_Sensor_Calib\LOGIC-DESGIN-PROJECT\timer\timer.c
            uart_delay_ms   0x006698    program     extern E:\TKLL\Bai9_Uart_EMS_Sensor_Calib\LOGIC-DESGIN-PROJECT\uart\uart.c
                 uart_isr   0x006bb8    program     extern E:\TKLL\Bai9_Uart_EMS_Sensor_Calib\LOGIC-DESGIN-PROJECT\uart\uart.c
            uart_power_of   0x0067c8    program     extern E:\TKLL\Bai9_Uart_EMS_Sensor_Calib\LOGIC-DESGIN-PROJECT\uart\uart.c
             uart_putchar   0x006720    program     extern E:\TKLL\Bai9_Uart_EMS_Sensor_Calib\LOGIC-DESGIN-PROJECT\uart\uart.c
            uart_send_str   0x00673c    program     extern E:\TKLL\Bai9_Uart_EMS_Sensor_Calib\LOGIC-DESGIN-PROJECT\uart\uart.c
                 v_timer0   0x004256    program     extern E:\TKLL\Bai9_Uart_EMS_Sensor_Calib\LOGIC-DESGIN-PROJECT\lcd\lcd.c
             write_ds1307   0x0077d6    program     extern E:\TKLL\Bai9_Uart_EMS_Sensor_Calib\LOGIC-DESGIN-PROJECT\button_matrix\i2c.c
               zero_block   0x007e90    program     static E:\3.46\pic18-lt\cxx-framework\src\traditional\proc\p18f4620.asm
                   ADCON0   0x000fc2       data     extern E:\3.46\pic18-lt\cxx-framework\src\traditional\proc\p18f4620.asm
               ADCON0bits   0x000fc2       data     extern E:\3.46\pic18-lt\cxx-framework\src\traditional\proc\p18f4620.asm
                   ADCON1   0x000fc1       data     extern E:\3.46\pic18-lt\cxx-framework\src\traditional\proc\p18f4620.asm
               ADCON1bits   0x000fc1       data     extern E:\3.46\pic18-lt\cxx-framework\src\traditional\proc\p18f4620.asm
                   ADCON2   0x000fc0       data     extern E:\3.46\pic18-lt\cxx-framework\src\traditional\proc\p18f4620.asm
               ADCON2bits   0x000fc0       data     extern E:\3.46\pic18-lt\cxx-framework\src\traditional\proc\p18f4620.asm
                    ADRES   0x000fc3       data     extern E:\3.46\pic18-lt\cxx-framework\src\traditional\proc\p18f4620.asm
                   ADRESH   0x000fc4       data     extern E:\3.46\pic18-lt\cxx-framework\src\traditional\proc\p18f4620.asm
                   ADRESL   0x000fc3       data     extern E:\3.46\pic18-lt\cxx-framework\src\traditional\proc\p18f4620.asm
                  BAUDCON   0x000fb8       data     extern E:\3.46\pic18-lt\cxx-framework\src\traditional\proc\p18f4620.asm
              BAUDCONbits   0x000fb8       data     extern E:\3.46\pic18-lt\cxx-framework\src\traditional\proc\p18f4620.asm
                  BAUDCTL   0x000fb8       data     extern E:\3.46\pic18-lt\cxx-framework\src\traditional\proc\p18f4620.asm
              BAUDCTLbits   0x000fb8       data     extern E:\3.46\pic18-lt\cxx-framework\src\traditional\proc\p18f4620.asm
                      BSR   0x000fe0       data     extern E:\3.46\pic18-lt\cxx-framework\src\traditional\proc\p18f4620.asm
                  CCP1CON   0x000fbd       data     extern E:\3.46\pic18-lt\cxx-framework\src\traditional\proc\p18f4620.asm
              CCP1CONbits   0x000fbd       data     extern E:\3.46\pic18-lt\cxx-framework\src\traditional\proc\p18f4620.asm
                  CCP2CON   0x000fba       data     extern E:\3.46\pic18-lt\cxx-framework\src\traditional\proc\p18f4620.asm
              CCP2CONbits   0x000fba       data     extern E:\3.46\pic18-lt\cxx-framework\src\traditional\proc\p18f4620.asm
                    CCPR1   0x000fbe       data     extern E:\3.46\pic18-lt\cxx-framework\src\traditional\proc\p18f4620.asm
                   CCPR1H   0x000fbf       data     extern E:\3.46\pic18-lt\cxx-framework\src\traditional\proc\p18f4620.asm
                   CCPR1L   0x000fbe       data     extern E:\3.46\pic18-lt\cxx-framework\src\traditional\proc\p18f4620.asm
                    CCPR2   0x000fbb       data     extern E:\3.46\pic18-lt\cxx-framework\src\traditional\proc\p18f4620.asm
                   CCPR2H   0x000fbc       data     extern E:\3.46\pic18-lt\cxx-framework\src\traditional\proc\p18f4620.asm
                   CCPR2L   0x000fbb       data     extern E:\3.46\pic18-lt\cxx-framework\src\traditional\proc\p18f4620.asm
                    CMCON   0x000fb4       data     extern E:\3.46\pic18-lt\cxx-framework\src\traditional\proc\p18f4620.asm
                CMCONbits   0x000fb4       data     extern E:\3.46\pic18-lt\cxx-framework\src\traditional\proc\p18f4620.asm
                COD_value   0x000088       data     extern E:\TKLL\Bai9_Uart_EMS_Sensor_Calib\LOGIC-DESGIN-PROJECT\button_matrix\global.c
            COD_value_max   0x00019e       data     extern E:\TKLL\Bai9_Uart_EMS_Sensor_Calib\LOGIC-DESGIN-PROJECT\button_matrix\global.c
            COD_value_min   0x000188       data     extern E:\TKLL\Bai9_Uart_EMS_Sensor_Calib\LOGIC-DESGIN-PROJECT\button_matrix\global.c
                   CVRCON   0x000fb5       data     extern E:\3.46\pic18-lt\cxx-framework\src\traditional\proc\p18f4620.asm
               CVRCONbits   0x000fb5       data     extern E:\3.46\pic18-lt\cxx-framework\src\traditional\proc\p18f4620.asm
                     DDRA   0x000f92       data     extern E:\3.46\pic18-lt\cxx-framework\src\traditional\proc\p18f4620.asm
                 DDRAbits   0x000f92       data     extern E:\3.46\pic18-lt\cxx-framework\src\traditional\proc\p18f4620.asm
                     DDRB   0x000f93       data     extern E:\3.46\pic18-lt\cxx-framework\src\traditional\proc\p18f4620.asm
                 DDRBbits   0x000f93       data     extern E:\3.46\pic18-lt\cxx-framework\src\traditional\proc\p18f4620.asm
                     DDRC   0x000f94       data     extern E:\3.46\pic18-lt\cxx-framework\src\traditional\proc\p18f4620.asm
                 DDRCbits   0x000f94       data     extern E:\3.46\pic18-lt\cxx-framework\src\traditional\proc\p18f4620.asm
                     DDRD   0x000f95       data     extern E:\3.46\pic18-lt\cxx-framework\src\traditional\proc\p18f4620.asm
                 DDRDbits   0x000f95       data     extern E:\3.46\pic18-lt\cxx-framework\src\traditional\proc\p18f4620.asm
                     DDRE   0x000f96       data     extern E:\3.46\pic18-lt\cxx-framework\src\traditional\proc\p18f4620.asm
                 DDREbits   0x000f96       data     extern E:\3.46\pic18-lt\cxx-framework\src\traditional\proc\p18f4620.asm
                  ECCP1AS   0x000fb6       data     extern E:\3.46\pic18-lt\cxx-framework\src\traditional\proc\p18f4620.asm
              ECCP1ASbits   0x000fb6       data     extern E:\3.46\pic18-lt\cxx-framework\src\traditional\proc\p18f4620.asm
                    EEADR   0x000fa9       data     extern E:\3.46\pic18-lt\cxx-framework\src\traditional\proc\p18f4620.asm
                   EEADRH   0x000faa       data     extern E:\3.46\pic18-lt\cxx-framework\src\traditional\proc\p18f4620.asm
                   EECON1   0x000fa6       data     extern E:\3.46\pic18-lt\cxx-framework\src\traditional\proc\p18f4620.asm
               EECON1bits   0x000fa6       data     extern E:\3.46\pic18-lt\cxx-framework\src\traditional\proc\p18f4620.asm
                   EECON2   0x000fa7       data     extern E:\3.46\pic18-lt\cxx-framework\src\traditional\proc\p18f4620.asm
                   EEDATA   0x000fa8       data     extern E:\3.46\pic18-lt\cxx-framework\src\traditional\proc\p18f4620.asm
               FLOW_value   0x000090       data     extern E:\TKLL\Bai9_Uart_EMS_Sensor_Calib\LOGIC-DESGIN-PROJECT\button_matrix\global.c
           FLOW_value_max   0x0001a4       data     extern E:\TKLL\Bai9_Uart_EMS_Sensor_Calib\LOGIC-DESGIN-PROJECT\button_matrix\global.c
           FLOW_value_min   0x00018e       data     extern E:\TKLL\Bai9_Uart_EMS_Sensor_Calib\LOGIC-DESGIN-PROJECT\button_matrix\global.c
                     FSR0   0x000fe9       data     extern E:\3.46\pic18-lt\cxx-framework\src\traditional\proc\p18f4620.asm
                    FSR0H   0x000fea       data     extern E:\3.46\pic18-lt\cxx-framework\src\traditional\proc\p18f4620.asm
                    FSR0L   0x000fe9       data     extern E:\3.46\pic18-lt\cxx-framework\src\traditional\proc\p18f4620.asm
                     FSR1   0x000fe1       data     extern E:\3.46\pic18-lt\cxx-framework\src\traditional\proc\p18f4620.asm
                    FSR1H   0x000fe2       data     extern E:\3.46\pic18-lt\cxx-framework\src\traditional\proc\p18f4620.asm
                    FSR1L   0x000fe1       data     extern E:\3.46\pic18-lt\cxx-framework\src\traditional\proc\p18f4620.asm
                     FSR2   0x000fd9       data     extern E:\3.46\pic18-lt\cxx-framework\src\traditional\proc\p18f4620.asm
                    FSR2H   0x000fda       data     extern E:\3.46\pic18-lt\cxx-framework\src\traditional\proc\p18f4620.asm
                    FSR2L   0x000fd9       data     extern E:\3.46\pic18-lt\cxx-framework\src\traditional\proc\p18f4620.asm
                  HLVDCON   0x000fd2       data     extern E:\3.46\pic18-lt\cxx-framework\src\traditional\proc\p18f4620.asm
              HLVDCONbits   0x000fd2       data     extern E:\3.46\pic18-lt\cxx-framework\src\traditional\proc\p18f4620.asm
                    INDF0   0x000fef       data     extern E:\3.46\pic18-lt\cxx-framework\src\traditional\proc\p18f4620.asm
                    INDF1   0x000fe7       data     extern E:\3.46\pic18-lt\cxx-framework\src\traditional\proc\p18f4620.asm
                    INDF2   0x000fdf       data     extern E:\3.46\pic18-lt\cxx-framework\src\traditional\proc\p18f4620.asm
                   INTCON   0x000ff2       data     extern E:\3.46\pic18-lt\cxx-framework\src\traditional\proc\p18f4620.asm
                  INTCON2   0x000ff1       data     extern E:\3.46\pic18-lt\cxx-framework\src\traditional\proc\p18f4620.asm
              INTCON2bits   0x000ff1       data     extern E:\3.46\pic18-lt\cxx-framework\src\traditional\proc\p18f4620.asm
                  INTCON3   0x000ff0       data     extern E:\3.46\pic18-lt\cxx-framework\src\traditional\proc\p18f4620.asm
              INTCON3bits   0x000ff0       data     extern E:\3.46\pic18-lt\cxx-framework\src\traditional\proc\p18f4620.asm
               INTCONbits   0x000ff2       data     extern E:\3.46\pic18-lt\cxx-framework\src\traditional\proc\p18f4620.asm
                     IPR1   0x000f9f       data     extern E:\3.46\pic18-lt\cxx-framework\src\traditional\proc\p18f4620.asm
                 IPR1bits   0x000f9f       data     extern E:\3.46\pic18-lt\cxx-framework\src\traditional\proc\p18f4620.asm
                     IPR2   0x000fa2       data     extern E:\3.46\pic18-lt\cxx-framework\src\traditional\proc\p18f4620.asm
                 IPR2bits   0x000fa2       data     extern E:\3.46\pic18-lt\cxx-framework\src\traditional\proc\p18f4620.asm
                     LATA   0x000f89       data     extern E:\3.46\pic18-lt\cxx-framework\src\traditional\proc\p18f4620.asm
                 LATAbits   0x000f89       data     extern E:\3.46\pic18-lt\cxx-framework\src\traditional\proc\p18f4620.asm
                     LATB   0x000f8a       data     extern E:\3.46\pic18-lt\cxx-framework\src\traditional\proc\p18f4620.asm
                 LATBbits   0x000f8a       data     extern E:\3.46\pic18-lt\cxx-framework\src\traditional\proc\p18f4620.asm
                     LATC   0x000f8b       data     extern E:\3.46\pic18-lt\cxx-framework\src\traditional\proc\p18f4620.asm
                 LATCbits   0x000f8b       data     extern E:\3.46\pic18-lt\cxx-framework\src\traditional\proc\p18f4620.asm
                     LATD   0x000f8c       data     extern E:\3.46\pic18-lt\cxx-framework\src\traditional\proc\p18f4620.asm
                 LATDbits   0x000f8c       data     extern E:\3.46\pic18-lt\cxx-framework\src\traditional\proc\p18f4620.asm
                     LATE   0x000f8d       data     extern E:\3.46\pic18-lt\cxx-framework\src\traditional\proc\p18f4620.asm
                 LATEbits   0x000f8d       data     extern E:\3.46\pic18-lt\cxx-framework\src\traditional\proc\p18f4620.asm
                   LVDCON   0x000fd2       data     extern E:\3.46\pic18-lt\cxx-framework\src\traditional\proc\p18f4620.asm
               LVDCONbits   0x000fd2       data     extern E:\3.46\pic18-lt\cxx-framework\src\traditional\proc\p18f4620.asm
                LcdScreen   0x000f41       data     extern E:\TKLL\Bai9_Uart_EMS_Sensor_Calib\LOGIC-DESGIN-PROJECT\lcd\lcd.c
                NH4_value   0x00008a       data     extern E:\TKLL\Bai9_Uart_EMS_Sensor_Calib\LOGIC-DESGIN-PROJECT\button_matrix\global.c
            NH4_value_max   0x0001a0       data     extern E:\TKLL\Bai9_Uart_EMS_Sensor_Calib\LOGIC-DESGIN-PROJECT\button_matrix\global.c
            NH4_value_min   0x00018a       data     extern E:\TKLL\Bai9_Uart_EMS_Sensor_Calib\LOGIC-DESGIN-PROJECT\button_matrix\global.c
                NO3_value   0x00008c       data     extern E:\TKLL\Bai9_Uart_EMS_Sensor_Calib\LOGIC-DESGIN-PROJECT\button_matrix\global.c
            NO3_value_max   0x0001a2       data     extern E:\TKLL\Bai9_Uart_EMS_Sensor_Calib\LOGIC-DESGIN-PROJECT\button_matrix\global.c
            NO3_value_min   0x00018c       data     extern E:\TKLL\Bai9_Uart_EMS_Sensor_Calib\LOGIC-DESGIN-PROJECT\button_matrix\global.c
                   OSCCON   0x000fd3       data     extern E:\3.46\pic18-lt\cxx-framework\src\traditional\proc\p18f4620.asm
               OSCCONbits   0x000fd3       data     extern E:\3.46\pic18-lt\cxx-framework\src\traditional\proc\p18f4620.asm
                  OSCTUNE   0x000f9b       data     extern E:\3.46\pic18-lt\cxx-framework\src\traditional\proc\p18f4620.asm
              OSCTUNEbits   0x000f9b       data     extern E:\3.46\pic18-lt\cxx-framework\src\traditional\proc\p18f4620.asm
                       PC   0x000ff9       data     extern E:\3.46\pic18-lt\cxx-framework\src\traditional\proc\p18f4620.asm
                      PCL   0x000ff9       data     extern E:\3.46\pic18-lt\cxx-framework\src\traditional\proc\p18f4620.asm
                   PCLATH   0x000ffa       data     extern E:\3.46\pic18-lt\cxx-framework\src\traditional\proc\p18f4620.asm
                   PCLATU   0x000ffb       data     extern E:\3.46\pic18-lt\cxx-framework\src\traditional\proc\p18f4620.asm
                     PIE1   0x000f9d       data     extern E:\3.46\pic18-lt\cxx-framework\src\traditional\proc\p18f4620.asm
                 PIE1bits   0x000f9d       data     extern E:\3.46\pic18-lt\cxx-framework\src\traditional\proc\p18f4620.asm
                     PIE2   0x000fa0       data     extern E:\3.46\pic18-lt\cxx-framework\src\traditional\proc\p18f4620.asm
                 PIE2bits   0x000fa0       data     extern E:\3.46\pic18-lt\cxx-framework\src\traditional\proc\p18f4620.asm
                     PIR1   0x000f9e       data     extern E:\3.46\pic18-lt\cxx-framework\src\traditional\proc\p18f4620.asm
                 PIR1bits   0x000f9e       data     extern E:\3.46\pic18-lt\cxx-framework\src\traditional\proc\p18f4620.asm
                     PIR2   0x000fa1       data     extern E:\3.46\pic18-lt\cxx-framework\src\traditional\proc\p18f4620.asm
                 PIR2bits   0x000fa1       data     extern E:\3.46\pic18-lt\cxx-framework\src\traditional\proc\p18f4620.asm
                   PLUSW0   0x000feb       data     extern E:\3.46\pic18-lt\cxx-framework\src\traditional\proc\p18f4620.asm
                   PLUSW1   0x000fe3       data     extern E:\3.46\pic18-lt\cxx-framework\src\traditional\proc\p18f4620.asm
                   PLUSW2   0x000fdb       data     extern E:\3.46\pic18-lt\cxx-framework\src\traditional\proc\p18f4620.asm
                    PORTA   0x000f80       data     extern E:\3.46\pic18-lt\cxx-framework\src\traditional\proc\p18f4620.asm
                PORTAbits   0x000f80       data     extern E:\3.46\pic18-lt\cxx-framework\src\traditional\proc\p18f4620.asm
                    PORTB   0x000f81       data     extern E:\3.46\pic18-lt\cxx-framework\src\traditional\proc\p18f4620.asm
                PORTBbits   0x000f81       data     extern E:\3.46\pic18-lt\cxx-framework\src\traditional\proc\p18f4620.asm
                    PORTC   0x000f82       data     extern E:\3.46\pic18-lt\cxx-framework\src\traditional\proc\p18f4620.asm
                PORTCbits   0x000f82       data     extern E:\3.46\pic18-lt\cxx-framework\src\traditional\proc\p18f4620.asm
                    PORTD   0x000f83       data     extern E:\3.46\pic18-lt\cxx-framework\src\traditional\proc\p18f4620.asm
                PORTDbits   0x000f83       data     extern E:\3.46\pic18-lt\cxx-framework\src\traditional\proc\p18f4620.asm
                    PORTE   0x000f84       data     extern E:\3.46\pic18-lt\cxx-framework\src\traditional\proc\p18f4620.asm
                PORTEbits   0x000f84       data     extern E:\3.46\pic18-lt\cxx-framework\src\traditional\proc\p18f4620.asm
                 POSTDEC0   0x000fed       data     extern E:\3.46\pic18-lt\cxx-framework\src\traditional\proc\p18f4620.asm
                 POSTDEC1   0x000fe5       data     extern E:\3.46\pic18-lt\cxx-framework\src\traditional\proc\p18f4620.asm
                 POSTDEC2   0x000fdd       data     extern E:\3.46\pic18-lt\cxx-framework\src\traditional\proc\p18f4620.asm
                 POSTINC0   0x000fee       data     extern E:\3.46\pic18-lt\cxx-framework\src\traditional\proc\p18f4620.asm
                 POSTINC1   0x000fe6       data     extern E:\3.46\pic18-lt\cxx-framework\src\traditional\proc\p18f4620.asm
                 POSTINC2   0x000fde       data     extern E:\3.46\pic18-lt\cxx-framework\src\traditional\proc\p18f4620.asm
                      PR2   0x000fcb       data     extern E:\3.46\pic18-lt\cxx-framework\src\traditional\proc\p18f4620.asm
                  PREINC0   0x000fec       data     extern E:\3.46\pic18-lt\cxx-framework\src\traditional\proc\p18f4620.asm
                  PREINC1   0x000fe4       data     extern E:\3.46\pic18-lt\cxx-framework\src\traditional\proc\p18f4620.asm
                  PREINC2   0x000fdc       data     extern E:\3.46\pic18-lt\cxx-framework\src\traditional\proc\p18f4620.asm
                     PROD   0x000ff3       data     extern E:\3.46\pic18-lt\cxx-framework\src\traditional\proc\p18f4620.asm
                    PRODH   0x000ff4       data     extern E:\3.46\pic18-lt\cxx-framework\src\traditional\proc\p18f4620.asm
                    PRODL   0x000ff3       data     extern E:\3.46\pic18-lt\cxx-framework\src\traditional\proc\p18f4620.asm
                  PWM1CON   0x000fb7       data     extern E:\3.46\pic18-lt\cxx-framework\src\traditional\proc\p18f4620.asm
              PWM1CONbits   0x000fb7       data     extern E:\3.46\pic18-lt\cxx-framework\src\traditional\proc\p18f4620.asm
                     RCON   0x000fd0       data     extern E:\3.46\pic18-lt\cxx-framework\src\traditional\proc\p18f4620.asm
                 RCONbits   0x000fd0       data     extern E:\3.46\pic18-lt\cxx-framework\src\traditional\proc\p18f4620.asm
                    RCREG   0x000fae       data     extern E:\3.46\pic18-lt\cxx-framework\src\traditional\proc\p18f4620.asm
                    RCSTA   0x000fab       data     extern E:\3.46\pic18-lt\cxx-framework\src\traditional\proc\p18f4620.asm
                RCSTAbits   0x000fab       data     extern E:\3.46\pic18-lt\cxx-framework\src\traditional\proc\p18f4620.asm
                     SIGN   0x00001c       data     extern E:\3.46\pic18-lt\cxx-framework\src\traditional\math\cmath18.asm
                    SPBRG   0x000faf       data     extern E:\3.46\pic18-lt\cxx-framework\src\traditional\proc\p18f4620.asm
                   SPBRGH   0x000fb0       data     extern E:\3.46\pic18-lt\cxx-framework\src\traditional\proc\p18f4620.asm
                   SSPADD   0x000fc8       data     extern E:\3.46\pic18-lt\cxx-framework\src\traditional\proc\p18f4620.asm
                   SSPBUF   0x000fc9       data     extern E:\3.46\pic18-lt\cxx-framework\src\traditional\proc\p18f4620.asm
                  SSPCON1   0x000fc6       data     extern E:\3.46\pic18-lt\cxx-framework\src\traditional\proc\p18f4620.asm
              SSPCON1bits   0x000fc6       data     extern E:\3.46\pic18-lt\cxx-framework\src\traditional\proc\p18f4620.asm
                  SSPCON2   0x000fc5       data     extern E:\3.46\pic18-lt\cxx-framework\src\traditional\proc\p18f4620.asm
              SSPCON2bits   0x000fc5       data     extern E:\3.46\pic18-lt\cxx-framework\src\traditional\proc\p18f4620.asm
                  SSPSTAT   0x000fc7       data     extern E:\3.46\pic18-lt\cxx-framework\src\traditional\proc\p18f4620.asm
              SSPSTATbits   0x000fc7       data     extern E:\3.46\pic18-lt\cxx-framework\src\traditional\proc\p18f4620.asm
                 SS_value   0x000086       data     extern E:\TKLL\Bai9_Uart_EMS_Sensor_Calib\LOGIC-DESGIN-PROJECT\button_matrix\global.c
             SS_value_max   0x00019c       data     extern E:\TKLL\Bai9_Uart_EMS_Sensor_Calib\LOGIC-DESGIN-PROJECT\button_matrix\global.c
             SS_value_min   0x000186       data     extern E:\TKLL\Bai9_Uart_EMS_Sensor_Calib\LOGIC-DESGIN-PROJECT\button_matrix\global.c
                   STATUS   0x000fd8       data     extern E:\3.46\pic18-lt\cxx-framework\src\traditional\proc\p18f4620.asm
               STATUSbits   0x000fd8       data     extern E:\3.46\pic18-lt\cxx-framework\src\traditional\proc\p18f4620.asm
                   STKPTR   0x000ffc       data     extern E:\3.46\pic18-lt\cxx-framework\src\traditional\proc\p18f4620.asm
               STKPTRbits   0x000ffc       data     extern E:\3.46\pic18-lt\cxx-framework\src\traditional\proc\p18f4620.asm
                    T0CON   0x000fd5       data     extern E:\3.46\pic18-lt\cxx-framework\src\traditional\proc\p18f4620.asm
                T0CONbits   0x000fd5       data     extern E:\3.46\pic18-lt\cxx-framework\src\traditional\proc\p18f4620.asm
                    T1CON   0x000fcd       data     extern E:\3.46\pic18-lt\cxx-framework\src\traditional\proc\p18f4620.asm
                T1CONbits   0x000fcd       data     extern E:\3.46\pic18-lt\cxx-framework\src\traditional\proc\p18f4620.asm
                    T2CON   0x000fca       data     extern E:\3.46\pic18-lt\cxx-framework\src\traditional\proc\p18f4620.asm
                T2CONbits   0x000fca       data     extern E:\3.46\pic18-lt\cxx-framework\src\traditional\proc\p18f4620.asm
                    T3CON   0x000fb1       data     extern E:\3.46\pic18-lt\cxx-framework\src\traditional\proc\p18f4620.asm
                T3CONbits   0x000fb1       data     extern E:\3.46\pic18-lt\cxx-framework\src\traditional\proc\p18f4620.asm
                   TABLAT   0x000ff5       data     extern E:\3.46\pic18-lt\cxx-framework\src\traditional\proc\p18f4620.asm
                   TBLPTR   0x000ff6       data     extern E:\3.46\pic18-lt\cxx-framework\src\traditional\proc\p18f4620.asm
                  TBLPTRH   0x000ff7       data     extern E:\3.46\pic18-lt\cxx-framework\src\traditional\proc\p18f4620.asm
                  TBLPTRL   0x000ff6       data     extern E:\3.46\pic18-lt\cxx-framework\src\traditional\proc\p18f4620.asm
                  TBLPTRU   0x000ff8       data     extern E:\3.46\pic18-lt\cxx-framework\src\traditional\proc\p18f4620.asm
              TMP_adc_max   0x000196       data     extern E:\TKLL\Bai9_Uart_EMS_Sensor_Calib\LOGIC-DESGIN-PROJECT\button_matrix\global.c
              TMP_adc_min   0x000192       data     extern E:\TKLL\Bai9_Uart_EMS_Sensor_Calib\LOGIC-DESGIN-PROJECT\button_matrix\global.c
                TMP_value   0x00008e       data     extern E:\TKLL\Bai9_Uart_EMS_Sensor_Calib\LOGIC-DESGIN-PROJECT\button_matrix\global.c
            TMP_value_max   0x000194       data     extern E:\TKLL\Bai9_Uart_EMS_Sensor_Calib\LOGIC-DESGIN-PROJECT\button_matrix\global.c
            TMP_value_min   0x000190       data     extern E:\TKLL\Bai9_Uart_EMS_Sensor_Calib\LOGIC-DESGIN-PROJECT\button_matrix\global.c
                    TMR0H   0x000fd7       data     extern E:\3.46\pic18-lt\cxx-framework\src\traditional\proc\p18f4620.asm
                    TMR0L   0x000fd6       data     extern E:\3.46\pic18-lt\cxx-framework\src\traditional\proc\p18f4620.asm
                    TMR1H   0x000fcf       data     extern E:\3.46\pic18-lt\cxx-framework\src\traditional\proc\p18f4620.asm
                    TMR1L   0x000fce       data     extern E:\3.46\pic18-lt\cxx-framework\src\traditional\proc\p18f4620.asm
                     TMR2   0x000fcc       data     extern E:\3.46\pic18-lt\cxx-framework\src\traditional\proc\p18f4620.asm
                    TMR3H   0x000fb3       data     extern E:\3.46\pic18-lt\cxx-framework\src\traditional\proc\p18f4620.asm
                    TMR3L   0x000fb2       data     extern E:\3.46\pic18-lt\cxx-framework\src\traditional\proc\p18f4620.asm
                      TOS   0x000ffd       data     extern E:\3.46\pic18-lt\cxx-framework\src\traditional\proc\p18f4620.asm
                     TOSH   0x000ffe       data     extern E:\3.46\pic18-lt\cxx-framework\src\traditional\proc\p18f4620.asm
                     TOSL   0x000ffd       data     extern E:\3.46\pic18-lt\cxx-framework\src\traditional\proc\p18f4620.asm
                     TOSU   0x000fff       data     extern E:\3.46\pic18-lt\cxx-framework\src\traditional\proc\p18f4620.asm
                    TRISA   0x000f92       data     extern E:\3.46\pic18-lt\cxx-framework\src\traditional\proc\p18f4620.asm
                TRISAbits   0x000f92       data     extern E:\3.46\pic18-lt\cxx-framework\src\traditional\proc\p18f4620.asm
                    TRISB   0x000f93       data     extern E:\3.46\pic18-lt\cxx-framework\src\traditional\proc\p18f4620.asm
                TRISBbits   0x000f93       data     extern E:\3.46\pic18-lt\cxx-framework\src\traditional\proc\p18f4620.asm
                    TRISC   0x000f94       data     extern E:\3.46\pic18-lt\cxx-framework\src\traditional\proc\p18f4620.asm
                TRISCbits   0x000f94       data     extern E:\3.46\pic18-lt\cxx-framework\src\traditional\proc\p18f4620.asm
                    TRISD   0x000f95       data     extern E:\3.46\pic18-lt\cxx-framework\src\traditional\proc\p18f4620.asm
                TRISDbits   0x000f95       data     extern E:\3.46\pic18-lt\cxx-framework\src\traditional\proc\p18f4620.asm
                    TRISE   0x000f96       data     extern E:\3.46\pic18-lt\cxx-framework\src\traditional\proc\p18f4620.asm
                TRISEbits   0x000f96       data     extern E:\3.46\pic18-lt\cxx-framework\src\traditional\proc\p18f4620.asm
                    TXREG   0x000fad       data     extern E:\3.46\pic18-lt\cxx-framework\src\traditional\proc\p18f4620.asm
                    TXSTA   0x000fac       data     extern E:\3.46\pic18-lt\cxx-framework\src\traditional\proc\p18f4620.asm
[...]
                TRISBbits   0x000f93       data     extern E:\3.46\pic18-lt\cxx-framework\src\traditional\proc\p18f4620.asm
                 DDRBbits   0x000f93       data     extern E:\3.46\pic18-lt\cxx-framework\src\traditional\proc\p18f4620.asm
                     DDRB   0x000f93       data     extern E:\3.46\pic18-lt\cxx-framework\src\traditional\proc\p18f4620.asm
                    TRISC   0x000f94       data     extern E:\3.46\pic18-lt\cxx-framework\src\traditional\proc\p18f4620.asm
                TRISCbits   0x000f94       data     extern E:\3.46\pic18-lt\cxx-framework\src\traditional\proc\p18f4620.asm
                 DDRCbits   0x000f94       data     extern E:\3.46\pic18-lt\cxx-framework\src\traditional\proc\p18f4620.asm
                     DDRC   0x000f94       data     extern E:\3.46\pic18-lt\cxx-framework\src\traditional\proc\p18f4620.asm
                     DDRD   0x000f95       data     extern E:\3.46\pic18-lt\cxx-framework\src\traditional\proc\p18f4620.asm
                 DDRDbits   0x000f95       data     extern E:\3.46\pic18-lt\cxx-framework\src\traditional\proc\p18f4620.asm
                TRISDbits   0x000f95       data     extern E:\3.46\pic18-lt\cxx-framework\src\traditional\proc\p18f4620.asm
                    TRISD   0x000f95       data     extern E:\3.46\pic18-lt\cxx-framework\src\traditional\proc\p18f4620.asm
                     DDRE   0x000f96       data     extern E:\3.46\pic18-lt\cxx-framework\src\traditional\proc\p18f4620.asm
                 DDREbits   0x000f96       data     extern E:\3.46\pic18-lt\cxx-framework\src\traditional\proc\p18f4620.asm
                TRISEbits   0x000f96       data     extern E:\3.46\pic18-lt\cxx-framework\src\traditional\proc\p18f4620.asm
                    TRISE   0x000f96       data     extern E:\3.46\pic18-lt\cxx-framework\src\traditional\proc\p18f4620.asm
              OSCTUNEbits   0x000f9b       data     extern E:\3.46\pic18-lt\cxx-framework\src\traditional\proc\p18f4620.asm
                  OSCTUNE   0x000f9b       data     extern E:\3.46\pic18-lt\cxx-framework\src\traditional\proc\p18f4620.asm
                 PIE1bits   0x000f9d       data     extern E:\3.46\pic18-lt\cxx-framework\src\traditional\proc\p18f4620.asm
                     PIE1   0x000f9d       data     extern E:\3.46\pic18-lt\cxx-framework\src\traditional\proc\p18f4620.asm
                     PIR1   0x000f9e       data     extern E:\3.46\pic18-lt\cxx-framework\src\traditional\proc\p18f4620.asm
                 PIR1bits   0x000f9e       data     extern E:\3.46\pic18-lt\cxx-framework\src\traditional\proc\p18f4620.asm
                 IPR1bits   0x000f9f       data     extern E:\3.46\pic18-lt\cxx-framework\src\traditional\proc\p18f4620.asm
                     IPR1   0x000f9f       data     extern E:\3.46\pic18-lt\cxx-framework\src\traditional\proc\p18f4620.asm
                 PIE2bits   0x000fa0       data     extern E:\3.46\pic18-lt\cxx-framework\src\traditional\proc\p18f4620.asm
                     PIE2   0x000fa0       data     extern E:\3.46\pic18-lt\cxx-framework\src\traditional\proc\p18f4620.asm
                 PIR2bits   0x000fa1       data     extern E:\3.46\pic18-lt\cxx-framework\src\traditional\proc\p18f4620.asm
                     PIR2   0x000fa1       data     extern E:\3.46\pic18-lt\cxx-framework\src\traditional\proc\p18f4620.asm
                     IPR2   0x000fa2       data     extern E:\3.46\pic18-lt\cxx-framework\src\traditional\proc\p18f4620.asm
                 IPR2bits   0x000fa2       data     extern E:\3.46\pic18-lt\cxx-framework\src\traditional\proc\p18f4620.asm
                   EECON1   0x000fa6       data     extern E:\3.46\pic18-lt\cxx-framework\src\traditional\proc\p18f4620.asm
               EECON1bits   0x000fa6       data     extern E:\3.46\pic18-lt\cxx-framework\src\traditional\proc\p18f4620.asm
                   EECON2   0x000fa7       data     extern E:\3.46\pic18-lt\cxx-framework\src\traditional\proc\p18f4620.asm
                   EEDATA   0x000fa8       data     extern E:\3.46\pic18-lt\cxx-framework\src\traditional\proc\p18f4620.asm
                    EEADR   0x000fa9       data     extern E:\3.46\pic18-lt\cxx-framework\src\traditional\proc\p18f4620.asm
                   EEADRH   0x000faa       data     extern E:\3.46\pic18-lt\cxx-framework\src\traditional\proc\p18f4620.asm
                    RCSTA   0x000fab       data     extern E:\3.46\pic18-lt\cxx-framework\src\traditional\proc\p18f4620.asm
                RCSTAbits   0x000fab       data     extern E:\3.46\pic18-lt\cxx-framework\src\traditional\proc\p18f4620.asm
                TXSTAbits   0x000fac       data     extern E:\3.46\pic18-lt\cxx-framework\src\traditional\proc\p18f4620.asm
                    TXSTA   0x000fac       data     extern E:\3.46\pic18-lt\cxx-framework\src\traditional\proc\p18f4620.asm
                    TXREG   0x000fad       data     extern E:\3.46\pic18-lt\cxx-framework\src\traditional\proc\p18f4620.asm
                    RCREG   0x000fae       data     extern E:\3.46\pic18-lt\cxx-framework\src\traditional\proc\p18f4620.asm
                    SPBRG   0x000faf       data     extern E:\3.46\pic18-lt\cxx-framework\src\traditional\proc\p18f4620.asm
                   SPBRGH   0x000fb0       data     extern E:\3.46\pic18-lt\cxx-framework\src\traditional\proc\p18f4620.asm
                T3CONbits   0x000fb1       data     extern E:\3.46\pic18-lt\cxx-framework\src\traditional\proc\p18f4620.asm
                    T3CON   0x000fb1       data     extern E:\3.46\pic18-lt\cxx-framework\src\traditional\proc\p18f4620.asm
                    TMR3L   0x000fb2       data     extern E:\3.46\pic18-lt\cxx-framework\src\traditional\proc\p18f4620.asm
                    TMR3H   0x000fb3       data     extern E:\3.46\pic18-lt\cxx-framework\src\traditional\proc\p18f4620.asm
                CMCONbits   0x000fb4       data     extern E:\3.46\pic18-lt\cxx-framework\src\traditional\proc\p18f4620.asm
                    CMCON   0x000fb4       data     extern E:\3.46\pic18-lt\cxx-framework\src\traditional\proc\p18f4620.asm
               CVRCONbits   0x000fb5       data     extern E:\3.46\pic18-lt\cxx-framework\src\traditional\proc\p18f4620.asm
                   CVRCON   0x000fb5       data     extern E:\3.46\pic18-lt\cxx-framework\src\traditional\proc\p18f4620.asm
                  ECCP1AS   0x000fb6       data     extern E:\3.46\pic18-lt\cxx-framework\src\traditional\proc\p18f4620.asm
              ECCP1ASbits   0x000fb6       data     extern E:\3.46\pic18-lt\cxx-framework\src\traditional\proc\p18f4620.asm
              PWM1CONbits   0x000fb7       data     extern E:\3.46\pic18-lt\cxx-framework\src\traditional\proc\p18f4620.asm
                  PWM1CON   0x000fb7       data     extern E:\3.46\pic18-lt\cxx-framework\src\traditional\proc\p18f4620.asm
                  BAUDCON   0x000fb8       data     extern E:\3.46\pic18-lt\cxx-framework\src\traditional\proc\p18f4620.asm
              BAUDCONbits   0x000fb8       data     extern E:\3.46\pic18-lt\cxx-framework\src\traditional\proc\p18f4620.asm
                  BAUDCTL   0x000fb8       data     extern E:\3.46\pic18-lt\cxx-framework\src\traditional\proc\p18f4620.asm
              BAUDCTLbits   0x000fb8       data     extern E:\3.46\pic18-lt\cxx-framework\src\traditional\proc\p18f4620.asm
                  CCP2CON   0x000fba       data     extern E:\3.46\pic18-lt\cxx-framework\src\traditional\proc\p18f4620.asm
              CCP2CONbits   0x000fba       data     extern E:\3.46\pic18-lt\cxx-framework\src\traditional\proc\p18f4620.asm
                    CCPR2   0x000fbb       data     extern E:\3.46\pic18-lt\cxx-framework\src\traditional\proc\p18f4620.asm
                   CCPR2L   0x000fbb       data     extern E:\3.46\pic18-lt\cxx-framework\src\traditional\proc\p18f4620.asm
                   CCPR2H   0x000fbc       data     extern E:\3.46\pic18-lt\cxx-framework\src\traditional\proc\p18f4620.asm
              CCP1CONbits   0x000fbd       data     extern E:\3.46\pic18-lt\cxx-framework\src\traditional\proc\p18f4620.asm
                  CCP1CON   0x000fbd       data     extern E:\3.46\pic18-lt\cxx-framework\src\traditional\proc\p18f4620.asm
                    CCPR1   0x000fbe       data     extern E:\3.46\pic18-lt\cxx-framework\src\traditional\proc\p18f4620.asm
                   CCPR1L   0x000fbe       data     extern E:\3.46\pic18-lt\cxx-framework\src\traditional\proc\p18f4620.asm
                   CCPR1H   0x000fbf       data     extern E:\3.46\pic18-lt\cxx-framework\src\traditional\proc\p18f4620.asm
               ADCON2bits   0x000fc0       data     extern E:\3.46\pic18-lt\cxx-framework\src\traditional\proc\p18f4620.asm
                   ADCON2   0x000fc0       data     extern E:\3.46\pic18-lt\cxx-framework\src\traditional\proc\p18f4620.asm
               ADCON1bits   0x000fc1       data     extern E:\3.46\pic18-lt\cxx-framework\src\traditional\proc\p18f4620.asm
                   ADCON1   0x000fc1       data     extern E:\3.46\pic18-lt\cxx-framework\src\traditional\proc\p18f4620.asm
                   ADCON0   0x000fc2       data     extern E:\3.46\pic18-lt\cxx-framework\src\traditional\proc\p18f4620.asm
               ADCON0bits   0x000fc2       data     extern E:\3.46\pic18-lt\cxx-framework\src\traditional\proc\p18f4620.asm
                    ADRES   0x000fc3       data     extern E:\3.46\pic18-lt\cxx-framework\src\traditional\proc\p18f4620.asm
                   ADRESL   0x000fc3       data     extern E:\3.46\pic18-lt\cxx-framework\src\traditional\proc\p18f4620.asm
                   ADRESH   0x000fc4       data     extern E:\3.46\pic18-lt\cxx-framework\src\traditional\proc\p18f4620.asm
                  SSPCON2   0x000fc5       data     extern E:\3.46\pic18-lt\cxx-framework\src\traditional\proc\p18f4620.asm
              SSPCON2bits   0x000fc5       data     extern E:\3.46\pic18-lt\cxx-framework\src\traditional\proc\p18f4620.asm
                  SSPCON1   0x000fc6       data     extern E:\3.46\pic18-lt\cxx-framework\src\traditional\proc\p18f4620.asm
              SSPCON1bits   0x000fc6       data     extern E:\3.46\pic18-lt\cxx-framework\src\traditional\proc\p18f4620.asm
                  SSPSTAT   0x000fc7       data     extern E:\3.46\pic18-lt\cxx-framework\src\traditional\proc\p18f4620.asm
              SSPSTATbits   0x000fc7       data     extern E:\3.46\pic18-lt\cxx-framework\src\traditional\proc\p18f4620.asm
                   SSPADD   0x000fc8       data     extern E:\3.46\pic18-lt\cxx-framework\src\traditional\proc\p18f4620.asm
                   SSPBUF   0x000fc9       data     extern E:\3.46\pic18-lt\cxx-framework\src\traditional\proc\p18f4620.asm
                    T2CON   0x000fca       data     extern E:\3.46\pic18-lt\cxx-framework\src\traditional\proc\p18f4620.asm
                T2CONbits   0x000fca       data     extern E:\3.46\pic18-lt\cxx-framework\src\traditional\proc\p18f4620.asm
                      PR2   0x000fcb       data     extern E:\3.46\pic18-lt\cxx-framework\src\traditional\proc\p18f4620.asm
                     TMR2   0x000fcc       data     extern E:\3.46\pic18-lt\cxx-framework\src\traditional\proc\p18f4620.asm
                T1CONbits   0x000fcd       data     extern E:\3.46\pic18-lt\cxx-framework\src\traditional\proc\p18f4620.asm
                    T1CON   0x000fcd       data     extern E:\3.46\pic18-lt\cxx-framework\src\traditional\proc\p18f4620.asm
                    TMR1L   0x000fce       data     extern E:\3.46\pic18-lt\cxx-framework\src\traditional\proc\p18f4620.asm
                    TMR1H   0x000fcf       data     extern E:\3.46\pic18-lt\cxx-framework\src\traditional\proc\p18f4620.asm
                     RCON   0x000fd0       data     extern E:\3.46\pic18-lt\cxx-framework\src\traditional\proc\p18f4620.asm
                 RCONbits   0x000fd0       data     extern E:\3.46\pic18-lt\cxx-framework\src\traditional\proc\p18f4620.asm
               WDTCONbits   0x000fd1       data     extern E:\3.46\pic18-lt\cxx-framework\src\traditional\proc\p18f4620.asm
                   WDTCON   0x000fd1       data     extern E:\3.46\pic18-lt\cxx-framework\src\traditional\proc\p18f4620.asm
               LVDCONbits   0x000fd2       data     extern E:\3.46\pic18-lt\cxx-framework\src\traditional\proc\p18f4620.asm
                   LVDCON   0x000fd2       data     extern E:\3.46\pic18-lt\cxx-framework\src\traditional\proc\p18f4620.asm
              HLVDCONbits   0x000fd2       data     extern E:\3.46\pic18-lt\cxx-framework\src\traditional\proc\p18f4620.asm
                  HLVDCON   0x000fd2       data     extern E:\3.46\pic18-lt\cxx-framework\src\traditional\proc\p18f4620.asm
               OSCCONbits   0x000fd3       data     extern E:\3.46\pic18-lt\cxx-framework\src\traditional\proc\p18f4620.asm
                   OSCCON   0x000fd3       data     extern E:\3.46\pic18-lt\cxx-framework\src\traditional\proc\p18f4620.asm
                T0CONbits   0x000fd5       data     extern E:\3.46\pic18-lt\cxx-framework\src\traditional\proc\p18f4620.asm
                    T0CON   0x000fd5       data     extern E:\3.46\pic18-lt\cxx-framework\src\traditional\proc\p18f4620.asm
                    TMR0L   0x000fd6       data     extern E:\3.46\pic18-lt\cxx-framework\src\traditional\proc\p18f4620.asm
                    TMR0H   0x000fd7       data     extern E:\3.46\pic18-lt\cxx-framework\src\traditional\proc\p18f4620.asm
                   STATUS   0x000fd8       data     extern E:\3.46\pic18-lt\cxx-framework\src\traditional\proc\p18f4620.asm
               STATUSbits   0x000fd8       data     extern E:\3.46\pic18-lt\cxx-framework\src\traditional\proc\p18f4620.asm
                     FSR2   0x000fd9       data     extern E:\3.46\pic18-lt\cxx-framework\src\traditional\proc\p18f4620.asm
                    FSR2L   0x000fd9       data     extern E:\3.46\pic18-lt\cxx-framework\src\traditional\proc\p18f4620.asm
                    FSR2H   0x000fda       data     extern E:\3.46\pic18-lt\cxx-framework\src\traditional\proc\p18f4620.asm
                   PLUSW2   0x000fdb       data     extern E:\3.46\pic18-lt\cxx-framework\src\traditional\proc\p18f4620.asm
                  PREINC2   0x000fdc       data     extern E:\3.46\pic18-lt\cxx-framework\src\traditional\proc\p18f4620.asm
                 POSTDEC2   0x000fdd       data     extern E:\3.46\pic18-lt\cxx-framework\src\traditional\proc\p18f4620.asm
                 POSTINC2   0x000fde       data     extern E:\3.46\pic18-lt\cxx-framework\src\traditional\proc\p18f4620.asm
                    INDF2   0x000fdf       data     extern E:\3.46\pic18-lt\cxx-framework\src\traditional\proc\p18f4620.asm
                      BSR   0x000fe0       data     extern E:\3.46\pic18-lt\cxx-framework\src\traditional\proc\p18f4620.asm
                     FSR1   0x000fe1       data     extern E:\3.46\pic18-lt\cxx-framework\src\traditional\proc\p18f4620.asm
                    FSR1L   0x000fe1       data     extern E:\3.46\pic18-lt\cxx-framework\src\traditional\proc\p18f4620.asm
                    FSR1H   0x000fe2       data     extern E:\3.46\pic18-lt\cxx-framework\src\traditional\proc\p18f4620.asm
                   PLUSW1   0x000fe3       data     extern E:\3.46\pic18-lt\cxx-framework\src\traditional\proc\p18f4620.asm
                  PREINC1   0x000fe4       data     extern E:\3.46\pic18-lt\cxx-framework\src\traditional\proc\p18f4620.asm
                 POSTDEC1   0x000fe5       data     extern E:\3.46\pic18-lt\cxx-framework\src\traditional\proc\p18f4620.asm
                 POSTINC1   0x000fe6       data     extern E:\3.46\pic18-lt\cxx-framework\src\traditional\proc\p18f4620.asm
                    INDF1   0x000fe7       data     extern E:\3.46\pic18-lt\cxx-framework\src\traditional\proc\p18f4620.asm
                        W   0x000fe8       data     extern E:\3.46\pic18-lt\cxx-framework\src\traditional\proc\p18f4620.asm
                     WREG   0x000fe8       data     extern E:\3.46\pic18-lt\cxx-framework\src\traditional\proc\p18f4620.asm
                    FSR0L   0x000fe9       data     extern E:\3.46\pic18-lt\cxx-framework\src\traditional\proc\p18f4620.asm
                     FSR0   0x000fe9       data     extern E:\3.46\pic18-lt\cxx-framework\src\traditional\proc\p18f4620.asm
                    FSR0H   0x000fea       data     extern E:\3.46\pic18-lt\cxx-framework\src\traditional\proc\p18f4620.asm
                   PLUSW0   0x000feb       data     extern E:\3.46\pic18-lt\cxx-framework\src\traditional\proc\p18f4620.asm
                  PREINC0   0x000fec       data     extern E:\3.46\pic18-lt\cxx-framework\src\traditional\proc\p18f4620.asm
                 POSTDEC0   0x000fed       data     extern E:\3.46\pic18-lt\cxx-framework\src\traditional\proc\p18f4620.asm
                 POSTINC0   0x000fee       data     extern E:\3.46\pic18-lt\cxx-framework\src\traditional\proc\p18f4620.asm
                    INDF0   0x000fef       data     extern E:\3.46\pic18-lt\cxx-framework\src\traditional\proc\p18f4620.asm
              INTCON3bits   0x000ff0       data     extern E:\3.46\pic18-lt\cxx-framework\src\traditional\proc\p18f4620.asm
                  INTCON3   0x000ff0       data     extern E:\3.46\pic18-lt\cxx-framework\src\traditional\proc\p18f4620.asm
                  INTCON2   0x000ff1       data     extern E:\3.46\pic18-lt\cxx-framework\src\traditional\proc\p18f4620.asm
              INTCON2bits   0x000ff1       data     extern E:\3.46\pic18-lt\cxx-framework\src\traditional\proc\p18f4620.asm
                   INTCON   0x000ff2       data     extern E:\3.46\pic18-lt\cxx-framework\src\traditional\proc\p18f4620.asm
               INTCONbits   0x000ff2       data     extern E:\3.46\pic18-lt\cxx-framework\src\traditional\proc\p18f4620.asm
                     PROD   0x000ff3       data     extern E:\3.46\pic18-lt\cxx-framework\src\traditional\proc\p18f4620.asm
                    PRODL   0x000ff3       data     extern E:\3.46\pic18-lt\cxx-framework\src\traditional\proc\p18f4620.asm
                    PRODH   0x000ff4       data     extern E:\3.46\pic18-lt\cxx-framework\src\traditional\proc\p18f4620.asm
                   TABLAT   0x000ff5       data     extern E:\3.46\pic18-lt\cxx-framework\src\traditional\proc\p18f4620.asm
                  TBLPTRL   0x000ff6       data     extern E:\3.46\pic18-lt\cxx-framework\src\traditional\proc\p18f4620.asm
                   TBLPTR   0x000ff6       data     extern E:\3.46\pic18-lt\cxx-framework\src\traditional\proc\p18f4620.asm
                  TBLPTRH   0x000ff7       data     extern E:\3.46\pic18-lt\cxx-framework\src\traditional\proc\p18f4620.asm
                  TBLPTRU   0x000ff8       data     extern E:\3.46\pic18-lt\cxx-framework\src\traditional\proc\p18f4620.asm
                       PC   0x000ff9       data     extern E:\3.46\pic18-lt\cxx-framework\src\traditional\proc\p18f4620.asm
                      PCL   0x000ff9       data     extern E:\3.46\pic18-lt\cxx-framework\src\traditional\proc\p18f4620.asm
                   PCLATH   0x000ffa       data     extern E:\3.46\pic18-lt\cxx-framework\src\traditional\proc\p18f4620.asm
                   PCLATU   0x000ffb       data     extern E:\3.46\pic18-lt\cxx-framework\src\traditional\proc\p18f4620.asm
                   STKPTR   0x000ffc       data     extern E:\3.46\pic18-lt\cxx-framework\src\traditional\proc\p18f4620.asm
               STKPTRbits   0x000ffc       data     extern E:\3.46\pic18-lt\cxx-framework\src\traditional\proc\p18f4620.asm
                      TOS   0x000ffd       data     extern E:\3.46\pic18-lt\cxx-framework\src\traditional\proc\p18f4620.asm
                     TOSL   0x000ffd       data     extern E:\3.46\pic18-lt\cxx-framework\src\traditional\proc\p18f4620.asm
                     TOSH   0x000ffe       data     extern E:\3.46\pic18-lt\cxx-framework\src\traditional\proc\p18f4620.asm
                     TOSU   0x000fff       data     extern E:\3.46\pic18-lt\cxx-framework\src\traditional\proc\p18f4620.asm


